../Drivers/AKxx-x/akxx-x.c:57:16:AKxx_x_Init	40	static
../Drivers/AKxx-x/akxx-x.c:98:16:AKxx_x_ReadMotor	16	static
../Drivers/AKxx-x/akxx-x.c:103:16:AKxx_x_WriteMotor	24	static
../Drivers/AKxx-x/akxx-x.c:111:16:AKxx_x_EnterMotorCtrlMode	16	static
../Drivers/AKxx-x/akxx-x.c:119:16:AKxx_x_ExitMotorCtrlMode	48	static
../Drivers/AKxx-x/akxx-x.c:139:16:AKxx_x_ZeroMotorPosition	48	static
../Drivers/AKxx-x/akxx-x.c:159:16:AKxx_x_PollTxMessagePendingWith10msTimeout	24	static
../Drivers/AKxx-x/akxx-x.c:178:16:AKxx_x_PollMotorReadWith10msTimeout	24	static
../Drivers/AKxx-x/akxx-x.c:206:20:AKxx_x_DecodeError	16	static
../Drivers/AKxx-x/akxx-x.c:232:23:ReadData	56	static
../Drivers/AKxx-x/akxx-x.c:244:23:WriteData	56	static
../Drivers/AKxx-x/akxx-x.c:263:23:EnterMotorCtrlMode	48	static
../Drivers/AKxx-x/akxx-x.c:280:13:PackData	40	static
../Drivers/AKxx-x/akxx-x.c:298:13:UnpackData	24	static
../Drivers/AKxx-x/akxx-x.c:318:14:UintToFloat	40	static
../Drivers/AKxx-x/akxx-x.c:331:17:FloatToUint	40	static
