../Drivers/AKxx-x/akxx-x.c:57:16:AKxx_x_Init	40	static
../Drivers/AKxx-x/akxx-x.c:100:16:AKxx_x_ReadMotor	16	static
../Drivers/AKxx-x/akxx-x.c:105:16:AKxx_x_WriteMotor	24	static
../Drivers/AKxx-x/akxx-x.c:113:16:AKxx_x_EnterMotorCtrlMode	16	static
../Drivers/AKxx-x/akxx-x.c:121:16:AKxx_x_ExitMotorCtrlMode	48	static
../Drivers/AKxx-x/akxx-x.c:141:16:AKxx_x_ZeroMotorPosition	48	static
../Drivers/AKxx-x/akxx-x.c:161:16:AKxx_x_PollTxMessagePendingWith10msTimeout	24	static
../Drivers/AKxx-x/akxx-x.c:180:16:AKxx_x_PollMotorReadWith10msTimeout	24	static
../Drivers/AKxx-x/akxx-x.c:208:20:AKxx_x_DecodeError	16	static
../Drivers/AKxx-x/akxx-x.c:234:23:ReadData	56	static
../Drivers/AKxx-x/akxx-x.c:246:23:WriteData	56	static
../Drivers/AKxx-x/akxx-x.c:265:23:EnterMotorCtrlMode	48	static
../Drivers/AKxx-x/akxx-x.c:282:13:PackData	40	static
../Drivers/AKxx-x/akxx-x.c:300:13:UnpackData	24	static
../Drivers/AKxx-x/akxx-x.c:320:14:UintToFloat	40	static
../Drivers/AKxx-x/akxx-x.c:333:17:FloatToUint	40	static
