../Drivers/LL_Drivers/stm32l4xx_ll_spi.h:918:26:LL_SPI_IsActiveFlag_RXNE	16	static
../Drivers/LL_Drivers/stm32l4xx_ll_spi.h:929:26:LL_SPI_IsActiveFlag_TXE	16	static
../Drivers/LL_Drivers/stm32l4xx_ll_spi.h:1348:25:LL_SPI_ReceiveData8	16	static
../Drivers/LL_Drivers/stm32l4xx_ll_spi.h:1371:22:LL_SPI_TransmitData8	24	static
../Drivers/STM32L4xx_HAL_Driver/Inc/stm32l4xx_ll_gpio.h:956:22:LL_GPIO_SetOutputPin	16	static
../Drivers/STM32L4xx_HAL_Driver/Inc/stm32l4xx_ll_gpio.h:985:22:LL_GPIO_ResetOutputPin	16	static
../Drivers/MPU-925x/mpu925x_spi.c:52:17:MPU925x_Init	24	static
../Drivers/MPU-925x/mpu925x_spi.c:71:6:MPU925x_SetAccelSensitivity	24	static
../Drivers/MPU-925x/mpu925x_spi.c:109:6:MPU925x_SetGyroSensitivity	24	static
../Drivers/MPU-925x/mpu925x_spi.c:147:6:MPU925x_SetAccelDlpfBandwidth	24	static
../Drivers/MPU-925x/mpu925x_spi.c:199:6:MPU925x_SetGyroDlpfBandwidth	24	static
../Drivers/MPU-925x/mpu925x_spi.c:253:6:MPU925x_SetSampleRateDiv	16	static
../Drivers/MPU-925x/mpu925x_spi.c:261:20:MPU925x_ReadIMU	104	static
../Drivers/MPU-925x/mpu925x_spi.c:287:6:MPU925x_ReadRegData	16	static
../Drivers/MPU-925x/mpu925x_spi.c:295:6:MPU925x_WriteRegData	16	static
../Drivers/MPU-925x/mpu925x_spi.c:308:13:ReadRegData	32	static
../Drivers/MPU-925x/mpu925x_spi.c:328:13:WriteRegData	24	static
../Drivers/MPU-925x/mpu925x_spi.c:348:20:ClearChipSelect	16	static
../Drivers/MPU-925x/mpu925x_spi.c:353:20:SetChipSelect	16	static
