../Drivers/STM32L4xx_HAL_Driver/Inc/stm32l4xx_ll_adc.h:6134:22:LL_ADC_REG_StartConversion	16	static
../Drivers/STM32L4xx_HAL_Driver/Inc/stm32l4xx_ll_adc.h:6210:26:LL_ADC_REG_ReadConversionData12	16	static
../Drivers/STM32L4xx_HAL_Driver/Inc/stm32l4xx_ll_adc.h:6531:26:LL_ADC_IsActiveFlag_EOC	16	static
../Drivers/STM32L4xx_HAL_Driver/Inc/stm32l4xx_ll_gpio.h:956:22:LL_GPIO_SetOutputPin	16	static
../Drivers/STM32L4xx_HAL_Driver/Inc/stm32l4xx_ll_gpio.h:985:22:LL_GPIO_ResetOutputPin	16	static
../Core/Src/prosthesis_v2.c:216:6:InitProsthesisControl	32	static
../Core/Src/prosthesis_v2.c:317:6:RequireTestProgram	16	static
../Core/Src/prosthesis_v2.c:324:6:RunProsthesisControl	16	static
../Core/Src/prosthesis_v2.c:365:6:ActivateLED	16	static
../Core/Src/prosthesis_v2.c:399:6:ErrorHandler	24	static
../Core/Src/prosthesis_v2.c:421:13:GetInputs	64	static
../Core/Src/prosthesis_v2.c:477:17:ReadLoadCell	16	static
../Core/Src/prosthesis_v2.c:484:13:ProcessInputs	168	static
../Core/Src/prosthesis_v2.c:593:13:GetSimulatedThighAngle	56	static
../Core/Src/prosthesis_v2.c:638:13:GetCPV	24	static
../Core/Src/prosthesis_v2.c:746:13:GetSegmentConstants	88	static
../Core/Src/prosthesis_v2.c:779:13:GetThirdOrderSegmentConstants	48	static
../Core/Src/prosthesis_v2.c:788:13:GetSecondOrderSegmentConstants	40	static
../Core/Src/prosthesis_v2.c:796:13:GetTrajectory	24	static
../Core/Src/prosthesis_v2.c:806:23:RunCPC_Simulation	24	static
../Core/Src/prosthesis_v2.c:861:23:RunStateMachine	64	static
../Core/Src/prosthesis_v2.c:1005:13:SetStateVals	16	static
../Core/Src/prosthesis_v2.c:1027:13:SetCtrlParams	16	static
../Core/Src/prosthesis_v2.c:1047:13:CheckMotorCalls	16	static
../Core/Src/prosthesis_v2.c:1091:13:ServiceMotor	24	static
../Core/Src/prosthesis_v2.c:1153:6:HAL_SPI_TxCpltCallback	16	static
../Core/Src/prosthesis_v2.c:1158:6:HAL_SPI_RxCpltCallback	16	static
../Core/Src/prosthesis_v2.c:1163:6:HAL_CAN_RxFifo0MsgPendingCallback	48	static
../Core/Src/prosthesis_v2.c:1173:6:HAL_CAN_RxFifo1MsgPendingCallback	48	static
