../Drivers/STM32L4xx_HAL_Driver/Inc/stm32l4xx_ll_adc.h:6134:22:LL_ADC_REG_StartConversion	16	static
../Drivers/STM32L4xx_HAL_Driver/Inc/stm32l4xx_ll_adc.h:6210:26:LL_ADC_REG_ReadConversionData12	16	static
../Drivers/STM32L4xx_HAL_Driver/Inc/stm32l4xx_ll_adc.h:6531:26:LL_ADC_IsActiveFlag_EOC	16	static
../Drivers/STM32L4xx_HAL_Driver/Inc/stm32l4xx_ll_gpio.h:956:22:LL_GPIO_SetOutputPin	16	static
../Drivers/STM32L4xx_HAL_Driver/Inc/stm32l4xx_ll_gpio.h:985:22:LL_GPIO_ResetOutputPin	16	static
../Core/Src/prosthesis_v2.c:198:6:InitProsthesisControl	48	static
../Core/Src/prosthesis_v2.c:296:6:RequireTestProgram	16	static
../Core/Src/prosthesis_v2.c:303:6:RunProsthesisControl	8	static
../Core/Src/prosthesis_v2.c:332:6:ActivateLED	16	static
../Core/Src/prosthesis_v2.c:366:6:ErrorHandler	24	static
../Core/Src/prosthesis_v2.c:388:13:GetInputs	64	static
../Core/Src/prosthesis_v2.c:444:17:ReadLoadCell	16	static
../Core/Src/prosthesis_v2.c:451:13:ProcessInputs	168	static
../Core/Src/prosthesis_v2.c:571:13:GetCPV	32	static
../Core/Src/prosthesis_v2.c:686:13:GetSegmentConstants	88	static
../Core/Src/prosthesis_v2.c:719:13:GetThirdOrderSegmentConstants	48	static
../Core/Src/prosthesis_v2.c:728:13:GetSecondOrderSegmentConstants	40	static
../Core/Src/prosthesis_v2.c:736:13:GetTrajectory	24	static
../Core/Src/prosthesis_v2.c:748:13:RunStateMachine	4	static
../Core/Src/prosthesis_v2.c:1042:13:CheckMotorCalls	16	static
../Core/Src/prosthesis_v2.c:1086:13:ServiceMotor	24	static
../Core/Src/prosthesis_v2.c:1148:6:HAL_SPI_TxCpltCallback	16	static
../Core/Src/prosthesis_v2.c:1153:6:HAL_SPI_RxCpltCallback	16	static
../Core/Src/prosthesis_v2.c:1158:6:HAL_CAN_RxFifo0MsgPendingCallback	48	static
../Core/Src/prosthesis_v2.c:1168:6:HAL_CAN_RxFifo1MsgPendingCallback	48	static
