../Drivers/STM32L4xx_HAL_Driver/Inc/stm32l4xx_ll_adc.h:6134:22:LL_ADC_REG_StartConversion	16	static
../Drivers/STM32L4xx_HAL_Driver/Inc/stm32l4xx_ll_adc.h:6210:26:LL_ADC_REG_ReadConversionData12	16	static
../Drivers/STM32L4xx_HAL_Driver/Inc/stm32l4xx_ll_adc.h:6531:26:LL_ADC_IsActiveFlag_EOC	16	static
../Drivers/STM32L4xx_HAL_Driver/Inc/stm32l4xx_ll_gpio.h:956:22:LL_GPIO_SetOutputPin	16	static
../Drivers/STM32L4xx_HAL_Driver/Inc/stm32l4xx_ll_gpio.h:985:22:LL_GPIO_ResetOutputPin	16	static
../Core/Src/prosthesis_v2.c:179:6:InitProsthesisControl	48	static
../Core/Src/prosthesis_v2.c:261:6:RequireTestProgram	16	static
../Core/Src/prosthesis_v2.c:268:6:RunProsthesisControl	8	static
../Core/Src/prosthesis_v2.c:286:6:ActivateLED	16	static
../Core/Src/prosthesis_v2.c:320:6:ErrorHandler	24	static
../Core/Src/prosthesis_v2.c:342:13:GetInputs	64	static
../Core/Src/prosthesis_v2.c:398:17:ReadLoadCell	16	static
../Core/Src/prosthesis_v2.c:405:13:ProcessInputs	168	static
../Core/Src/prosthesis_v2.c:525:13:GetCPV	32	static
../Core/Src/prosthesis_v2.c:640:13:RunStateMachine	4	static
../Core/Src/prosthesis_v2.c:893:13:CheckMotorCalls	16	static
../Core/Src/prosthesis_v2.c:937:13:ServiceMotor	24	static
../Core/Src/prosthesis_v2.c:999:6:HAL_SPI_TxCpltCallback	16	static
../Core/Src/prosthesis_v2.c:1004:6:HAL_SPI_RxCpltCallback	16	static
../Core/Src/prosthesis_v2.c:1009:6:HAL_CAN_RxFifo0MsgPendingCallback	48	static
../Core/Src/prosthesis_v2.c:1019:6:HAL_CAN_RxFifo1MsgPendingCallback	48	static
