../Drivers/STM32L4xx_HAL_Driver/Inc/stm32l4xx_ll_adc.h:6134:22:LL_ADC_REG_StartConversion	16	static
../Drivers/STM32L4xx_HAL_Driver/Inc/stm32l4xx_ll_adc.h:6210:26:LL_ADC_REG_ReadConversionData12	16	static
../Drivers/STM32L4xx_HAL_Driver/Inc/stm32l4xx_ll_adc.h:6531:26:LL_ADC_IsActiveFlag_EOC	16	static
../Drivers/STM32L4xx_HAL_Driver/Inc/stm32l4xx_ll_gpio.h:956:22:LL_GPIO_SetOutputPin	16	static
../Drivers/STM32L4xx_HAL_Driver/Inc/stm32l4xx_ll_gpio.h:985:22:LL_GPIO_ResetOutputPin	16	static
../Core/Src/prosthesis_v2.c:135:6:InitProsthesisControl	32	static
../Core/Src/prosthesis_v2.c:187:6:RequireTestProgram	16	static
../Core/Src/prosthesis_v2.c:194:6:RunProsthesisControl	8	static
../Core/Src/prosthesis_v2.c:227:6:ErrorHandler	16	static
../Core/Src/prosthesis_v2.c:245:13:GetInputs	8	static
../Core/Src/prosthesis_v2.c:263:17:ReadLoadCell	16	static
../Core/Src/prosthesis_v2.c:270:13:ProcessInputs	32	static
../Core/Src/prosthesis_v2.c:333:13:RunStateMachine	4	static
../Core/Src/prosthesis_v2.c:466:13:ServiceMotor	16	static
../Core/Src/prosthesis_v2.c:496:13:RunTestProgram	8	static
../Core/Src/prosthesis_v2.c:535:13:ActivateLED	16	static
../Core/Src/prosthesis_v2.c:562:6:HAL_CAN_RxFifo0MsgPendingCallback	48	static
../Core/Src/prosthesis_v2.c:582:6:HAL_CAN_RxFifo1MsgPendingCallback	40	static
