../Drivers/STM32L4xx_HAL_Driver/Inc/stm32l4xx_ll_adc.h:6134:22:LL_ADC_REG_StartConversion	16	static
../Drivers/STM32L4xx_HAL_Driver/Inc/stm32l4xx_ll_adc.h:6210:26:LL_ADC_REG_ReadConversionData12	16	static
../Drivers/STM32L4xx_HAL_Driver/Inc/stm32l4xx_ll_adc.h:6531:26:LL_ADC_IsActiveFlag_EOC	16	static
../Drivers/STM32L4xx_HAL_Driver/Inc/stm32l4xx_ll_gpio.h:956:22:LL_GPIO_SetOutputPin	16	static
../Drivers/STM32L4xx_HAL_Driver/Inc/stm32l4xx_ll_gpio.h:985:22:LL_GPIO_ResetOutputPin	16	static
../Core/Src/prosthesis_v2.c:140:6:InitProsthesisControl	32	static
../Core/Src/prosthesis_v2.c:192:6:RequireTestProgram	16	static
../Core/Src/prosthesis_v2.c:199:6:RunProsthesisControl	8	static
../Core/Src/prosthesis_v2.c:225:6:ShutdownMotors	8	static
../Core/Src/prosthesis_v2.c:241:13:GetInputs	8	static
../Core/Src/prosthesis_v2.c:259:17:ReadLoadCell	16	static
../Core/Src/prosthesis_v2.c:266:13:ProcessInputs	32	static
../Core/Src/prosthesis_v2.c:329:13:RunStateMachine	4	static
../Core/Src/prosthesis_v2.c:462:13:ServiceMotor	16	static
../Core/Src/prosthesis_v2.c:487:13:RunTestProgram	8	static
../Core/Src/prosthesis_v2.c:526:6:ActivateLED	16	static
../Core/Src/prosthesis_v2.c:553:6:HAL_CAN_RxFifo0MsgPendingCallback	40	static
../Core/Src/prosthesis_v2.c:568:6:HAL_CAN_RxFifo1MsgPendingCallback	32	static
