../Drivers/STM32L4xx_HAL_Driver/Inc/stm32l4xx_ll_adc.h:6134:22:LL_ADC_REG_StartConversion	16	static
../Drivers/STM32L4xx_HAL_Driver/Inc/stm32l4xx_ll_adc.h:6210:26:LL_ADC_REG_ReadConversionData12	16	static
../Drivers/STM32L4xx_HAL_Driver/Inc/stm32l4xx_ll_adc.h:6531:26:LL_ADC_IsActiveFlag_EOC	16	static
../Core/Src/prosthesis_v2.c:116:6:InitProsthesisControl	32	static
../Core/Src/prosthesis_v2.c:168:6:RequireTestProgram	16	static
../Core/Src/prosthesis_v2.c:175:6:RunProsthesisControl	8	static
../Core/Src/prosthesis_v2.c:199:6:ShutdownMotors	8	static
../Core/Src/prosthesis_v2.c:215:13:GetInputs	8	static
../Core/Src/prosthesis_v2.c:230:17:ReadLoadCell	16	static
../Core/Src/prosthesis_v2.c:237:13:ProcessInputs	32	static
../Core/Src/prosthesis_v2.c:287:13:RunStateMachine	4	static
../Core/Src/prosthesis_v2.c:292:13:ServiceMotor	16	static
../Core/Src/prosthesis_v2.c:312:13:RunTestProgram	8	static
../Core/Src/prosthesis_v2.c:356:6:HAL_CAN_RxFifo0MsgPendingCallback	40	static
../Core/Src/prosthesis_v2.c:371:6:HAL_CAN_RxFifo1MsgPendingCallback	40	static
