../Drivers/STM32L4xx_HAL_Driver/Inc/stm32l4xx_ll_adc.h:6134:22:LL_ADC_REG_StartConversion	16	static
../Drivers/STM32L4xx_HAL_Driver/Inc/stm32l4xx_ll_adc.h:6210:26:LL_ADC_REG_ReadConversionData12	16	static
../Drivers/STM32L4xx_HAL_Driver/Inc/stm32l4xx_ll_adc.h:6531:26:LL_ADC_IsActiveFlag_EOC	16	static
../Drivers/STM32L4xx_HAL_Driver/Inc/stm32l4xx_ll_gpio.h:956:22:LL_GPIO_SetOutputPin	16	static
../Drivers/STM32L4xx_HAL_Driver/Inc/stm32l4xx_ll_gpio.h:985:22:LL_GPIO_ResetOutputPin	16	static
../Core/Src/prosthesis_v2.c:198:6:InitProsthesisControl	48	static
../Core/Src/prosthesis_v2.c:294:6:RequireTestProgram	16	static
../Core/Src/prosthesis_v2.c:301:6:RunProsthesisControl	8	static
../Core/Src/prosthesis_v2.c:327:6:ActivateLED	16	static
../Core/Src/prosthesis_v2.c:361:6:ErrorHandler	24	static
../Core/Src/prosthesis_v2.c:383:13:GetInputs	64	static
../Core/Src/prosthesis_v2.c:439:17:ReadLoadCell	16	static
../Core/Src/prosthesis_v2.c:446:13:ProcessInputs	168	static
../Core/Src/prosthesis_v2.c:566:13:GetCPV	32	static
../Core/Src/prosthesis_v2.c:681:13:GetSegmentConstants	88	static
../Core/Src/prosthesis_v2.c:714:13:GetThirdOrderSegmentConstants	48	static
../Core/Src/prosthesis_v2.c:723:13:GetSecondOrderSegmentConstants	40	static
../Core/Src/prosthesis_v2.c:731:13:GetTrajectory	24	static
../Core/Src/prosthesis_v2.c:743:13:RunStateMachine	4	static
../Core/Src/prosthesis_v2.c:996:13:CheckMotorCalls	16	static
../Core/Src/prosthesis_v2.c:1040:13:ServiceMotor	24	static
../Core/Src/prosthesis_v2.c:1102:6:HAL_SPI_TxCpltCallback	16	static
../Core/Src/prosthesis_v2.c:1107:6:HAL_SPI_RxCpltCallback	16	static
../Core/Src/prosthesis_v2.c:1112:6:HAL_CAN_RxFifo0MsgPendingCallback	48	static
../Core/Src/prosthesis_v2.c:1122:6:HAL_CAN_RxFifo1MsgPendingCallback	48	static
