../Drivers/STM32L4xx_HAL_Driver/Inc/stm32l4xx_ll_adc.h:6134:22:LL_ADC_REG_StartConversion	16	static
../Drivers/STM32L4xx_HAL_Driver/Inc/stm32l4xx_ll_adc.h:6210:26:LL_ADC_REG_ReadConversionData12	16	static
../Drivers/STM32L4xx_HAL_Driver/Inc/stm32l4xx_ll_adc.h:6531:26:LL_ADC_IsActiveFlag_EOC	16	static
../Drivers/STM32L4xx_HAL_Driver/Inc/stm32l4xx_ll_gpio.h:956:22:LL_GPIO_SetOutputPin	16	static
../Drivers/STM32L4xx_HAL_Driver/Inc/stm32l4xx_ll_gpio.h:985:22:LL_GPIO_ResetOutputPin	16	static
../Core/Src/prosthesis_v2.c:190:6:InitProsthesisControl	24	static
../Core/Src/prosthesis_v2.c:255:6:RunProsthesisControl	16	static
../Core/Src/prosthesis_v2.c:296:6:ActivateLED	16	static
../Core/Src/prosthesis_v2.c:330:6:ErrorHandler	24	static
../Core/Src/prosthesis_v2.c:352:13:InitStateVals	96	static
../Core/Src/prosthesis_v2.c:389:13:GetInputs	64	static
../Core/Src/prosthesis_v2.c:474:17:ReadLoadCell	16	static
../Core/Src/prosthesis_v2.c:481:13:ProcessInputs	136	static
../Core/Src/prosthesis_v2.c:587:23:RunStateMachine	8	static
../Core/Src/prosthesis_v2.c:676:13:SetStateVals	16	static
../Core/Src/prosthesis_v2.c:700:13:GetCPV	24	static
../Core/Src/prosthesis_v2.c:826:13:GetSegmentConstants	88	static
../Core/Src/prosthesis_v2.c:859:13:GetThirdOrderSegmentConstants	48	static
../Core/Src/prosthesis_v2.c:868:13:GetSecondOrderSegmentConstants	40	static
../Core/Src/prosthesis_v2.c:876:13:GetTrajectory	24	static
../Core/Src/prosthesis_v2.c:886:13:SetCtrlParams	16	static
../Core/Src/prosthesis_v2.c:1192:13:RunPassiveEmulation	16	static
../Core/Src/prosthesis_v2.c:1226:13:CheckMotorCalls	16	static
../Core/Src/prosthesis_v2.c:1269:13:ServiceMotor	24	static
../Core/Src/prosthesis_v2.c:1337:6:HAL_SPI_TxCpltCallback	16	static
../Core/Src/prosthesis_v2.c:1342:6:HAL_SPI_RxCpltCallback	16	static
../Core/Src/prosthesis_v2.c:1347:6:HAL_CAN_RxFifo0MsgPendingCallback	16	static
../Core/Src/prosthesis_v2.c:1355:6:HAL_CAN_RxFifo1MsgPendingCallback	16	static
