../Drivers/STM32L4xx_HAL_Driver/Inc/stm32l4xx_ll_adc.h:6134:22:LL_ADC_REG_StartConversion	16	static
../Drivers/STM32L4xx_HAL_Driver/Inc/stm32l4xx_ll_adc.h:6210:26:LL_ADC_REG_ReadConversionData12	16	static
../Drivers/STM32L4xx_HAL_Driver/Inc/stm32l4xx_ll_adc.h:6531:26:LL_ADC_IsActiveFlag_EOC	16	static
../Drivers/STM32L4xx_HAL_Driver/Inc/stm32l4xx_ll_gpio.h:956:22:LL_GPIO_SetOutputPin	16	static
../Drivers/STM32L4xx_HAL_Driver/Inc/stm32l4xx_ll_gpio.h:985:22:LL_GPIO_ResetOutputPin	16	static
../Drivers/STM32L4xx_HAL_Driver/Inc/stm32l4xx_ll_gpio.h:1014:22:LL_GPIO_TogglePin	24	static
../Core/Src/prosthesis_v2.c:142:6:InitProsthesisControl	48	static
../Core/Src/prosthesis_v2.c:229:6:RequireTestProgram	16	static
../Core/Src/prosthesis_v2.c:236:6:RunProsthesisControl	8	static
../Core/Src/prosthesis_v2.c:254:6:ActivateLED	16	static
../Core/Src/prosthesis_v2.c:282:6:ErrorHandler	24	static
../Core/Src/prosthesis_v2.c:304:13:GetInputs	64	static
../Core/Src/prosthesis_v2.c:354:17:ReadLoadCell	16	static
../Core/Src/prosthesis_v2.c:361:13:ProcessInputs	64	static
../Core/Src/prosthesis_v2.c:441:13:RunStateMachine	4	static
../Core/Src/prosthesis_v2.c:610:13:CheckMotorCalls	8	static
../Core/Src/prosthesis_v2.c:645:13:ServiceMotor	24	static
../Core/Src/prosthesis_v2.c:707:6:HAL_SPI_TxCpltCallback	16	static
../Core/Src/prosthesis_v2.c:712:6:HAL_SPI_RxCpltCallback	16	static
../Core/Src/prosthesis_v2.c:717:6:HAL_CAN_RxFifo0MsgPendingCallback	48	static
../Core/Src/prosthesis_v2.c:727:6:HAL_CAN_RxFifo1MsgPendingCallback	48	static
