../Drivers/STM32L4xx_HAL_Driver/Inc/stm32l4xx_ll_adc.h:6134:22:LL_ADC_REG_StartConversion	16	static
../Drivers/STM32L4xx_HAL_Driver/Inc/stm32l4xx_ll_adc.h:6210:26:LL_ADC_REG_ReadConversionData12	16	static
../Drivers/STM32L4xx_HAL_Driver/Inc/stm32l4xx_ll_adc.h:6531:26:LL_ADC_IsActiveFlag_EOC	16	static
../Core/Src/prosthesis_v2.c:130:6:InitProsthesisControl	32	static
../Core/Src/prosthesis_v2.c:182:6:RequireTestProgram	16	static
../Core/Src/prosthesis_v2.c:189:6:RunProsthesisControl	8	static
../Core/Src/prosthesis_v2.c:213:6:ShutdownMotors	8	static
../Core/Src/prosthesis_v2.c:229:13:GetInputs	8	static
../Core/Src/prosthesis_v2.c:244:17:ReadLoadCell	16	static
../Core/Src/prosthesis_v2.c:251:13:ProcessInputs	32	static
../Core/Src/prosthesis_v2.c:305:13:RunStateMachine	4	static
../Core/Src/prosthesis_v2.c:438:13:ServiceMotor	16	static
../Core/Src/prosthesis_v2.c:458:13:RunTestProgram	8	static
../Core/Src/prosthesis_v2.c:502:6:HAL_CAN_RxFifo0MsgPendingCallback	40	static
../Core/Src/prosthesis_v2.c:517:6:HAL_CAN_RxFifo1MsgPendingCallback	40	static
