../Drivers/STM32L4xx_HAL_Driver/Inc/stm32l4xx_ll_adc.h:6134:22:LL_ADC_REG_StartConversion	16	static
../Drivers/STM32L4xx_HAL_Driver/Inc/stm32l4xx_ll_adc.h:6210:26:LL_ADC_REG_ReadConversionData12	16	static
../Drivers/STM32L4xx_HAL_Driver/Inc/stm32l4xx_ll_adc.h:6531:26:LL_ADC_IsActiveFlag_EOC	16	static
../Drivers/STM32L4xx_HAL_Driver/Inc/stm32l4xx_ll_gpio.h:956:22:LL_GPIO_SetOutputPin	16	static
../Drivers/STM32L4xx_HAL_Driver/Inc/stm32l4xx_ll_gpio.h:985:22:LL_GPIO_ResetOutputPin	16	static
../Core/Src/prosthesis_v2.c:200:6:InitProsthesisControl	48	static
../Core/Src/prosthesis_v2.c:298:6:RequireTestProgram	16	static
../Core/Src/prosthesis_v2.c:305:6:RunProsthesisControl	8	static
../Core/Src/prosthesis_v2.c:334:6:ActivateLED	16	static
../Core/Src/prosthesis_v2.c:368:6:ErrorHandler	24	static
../Core/Src/prosthesis_v2.c:390:13:GetInputs	64	static
../Core/Src/prosthesis_v2.c:446:17:ReadLoadCell	16	static
../Core/Src/prosthesis_v2.c:453:13:ProcessInputs	168	static
../Core/Src/prosthesis_v2.c:564:13:GetSimulatedThighAngle	424	static
../Core/Src/prosthesis_v2.c:607:13:GetCPV	32	static
../Core/Src/prosthesis_v2.c:722:13:GetSegmentConstants	88	static
../Core/Src/prosthesis_v2.c:755:13:GetThirdOrderSegmentConstants	48	static
../Core/Src/prosthesis_v2.c:764:13:GetSecondOrderSegmentConstants	40	static
../Core/Src/prosthesis_v2.c:772:13:GetTrajectory	24	static
../Core/Src/prosthesis_v2.c:784:13:RunStateMachine	4	static
../Core/Src/prosthesis_v2.c:1078:13:CheckMotorCalls	16	static
../Core/Src/prosthesis_v2.c:1122:13:ServiceMotor	24	static
../Core/Src/prosthesis_v2.c:1184:6:HAL_SPI_TxCpltCallback	16	static
../Core/Src/prosthesis_v2.c:1189:6:HAL_SPI_RxCpltCallback	16	static
../Core/Src/prosthesis_v2.c:1194:6:HAL_CAN_RxFifo0MsgPendingCallback	48	static
../Core/Src/prosthesis_v2.c:1204:6:HAL_CAN_RxFifo1MsgPendingCallback	48	static
