../Drivers/STM32L4xx_HAL_Driver/Inc/stm32l4xx_ll_adc.h:6134:22:LL_ADC_REG_StartConversion	16	static
../Drivers/STM32L4xx_HAL_Driver/Inc/stm32l4xx_ll_adc.h:6210:26:LL_ADC_REG_ReadConversionData12	16	static
../Drivers/STM32L4xx_HAL_Driver/Inc/stm32l4xx_ll_adc.h:6531:26:LL_ADC_IsActiveFlag_EOC	16	static
../Core/Src/prosthesis_v2.c:116:6:InitProsthesisControl	32	static
../Core/Src/prosthesis_v2.c:169:6:RequireTestProgram	16	static
../Core/Src/prosthesis_v2.c:176:6:RunProsthesisControl	8	static
../Core/Src/prosthesis_v2.c:200:6:ShutdownMotors	8	static
../Core/Src/prosthesis_v2.c:214:13:GetInputs	8	static
../Core/Src/prosthesis_v2.c:229:17:ReadLoadCell	16	static
../Core/Src/prosthesis_v2.c:236:13:ProcessInputs	32	static
../Core/Src/prosthesis_v2.c:286:13:RunStateMachine	4	static
../Core/Src/prosthesis_v2.c:291:13:ServiceMotor	24	static
../Core/Src/prosthesis_v2.c:310:13:RunTestProgram	8	static
../Core/Src/prosthesis_v2.c:354:6:HAL_CAN_RxFifo0MsgPendingCallback	40	static
../Core/Src/prosthesis_v2.c:369:6:HAL_CAN_RxFifo1MsgPendingCallback	40	static
