../Drivers/STM32L4xx_HAL_Driver/Inc/stm32l4xx_ll_adc.h:6134:22:LL_ADC_REG_StartConversion	16	static
../Drivers/STM32L4xx_HAL_Driver/Inc/stm32l4xx_ll_adc.h:6210:26:LL_ADC_REG_ReadConversionData12	16	static
../Drivers/STM32L4xx_HAL_Driver/Inc/stm32l4xx_ll_adc.h:6531:26:LL_ADC_IsActiveFlag_EOC	16	static
../Drivers/STM32L4xx_HAL_Driver/Inc/stm32l4xx_ll_gpio.h:956:22:LL_GPIO_SetOutputPin	16	static
../Drivers/STM32L4xx_HAL_Driver/Inc/stm32l4xx_ll_gpio.h:985:22:LL_GPIO_ResetOutputPin	16	static
../Core/Src/prosthesis_v2.c:169:6:InitProsthesisControl	48	static
../Core/Src/prosthesis_v2.c:251:6:RequireTestProgram	16	static
../Core/Src/prosthesis_v2.c:258:6:RunProsthesisControl	8	static
../Core/Src/prosthesis_v2.c:276:6:ActivateLED	16	static
../Core/Src/prosthesis_v2.c:310:6:ErrorHandler	24	static
../Core/Src/prosthesis_v2.c:332:13:GetInputs	64	static
../Core/Src/prosthesis_v2.c:388:17:ReadLoadCell	16	static
../Core/Src/prosthesis_v2.c:395:13:ProcessInputs	168	static
../Core/Src/prosthesis_v2.c:500:13:RunStateMachine	4	static
../Core/Src/prosthesis_v2.c:753:13:CheckMotorCalls	16	static
../Core/Src/prosthesis_v2.c:792:13:ServiceMotor	24	static
../Core/Src/prosthesis_v2.c:854:6:HAL_SPI_TxCpltCallback	16	static
../Core/Src/prosthesis_v2.c:859:6:HAL_SPI_RxCpltCallback	16	static
../Core/Src/prosthesis_v2.c:864:6:HAL_CAN_RxFifo0MsgPendingCallback	48	static
../Core/Src/prosthesis_v2.c:874:6:HAL_CAN_RxFifo1MsgPendingCallback	48	static
