../Drivers/STM32L4xx_HAL_Driver/Inc/stm32l4xx_ll_adc.h:6134:22:LL_ADC_REG_StartConversion	16	static
../Drivers/STM32L4xx_HAL_Driver/Inc/stm32l4xx_ll_adc.h:6210:26:LL_ADC_REG_ReadConversionData12	16	static
../Drivers/STM32L4xx_HAL_Driver/Inc/stm32l4xx_ll_adc.h:6531:26:LL_ADC_IsActiveFlag_EOC	16	static
../Drivers/STM32L4xx_HAL_Driver/Inc/stm32l4xx_ll_gpio.h:956:22:LL_GPIO_SetOutputPin	16	static
../Drivers/STM32L4xx_HAL_Driver/Inc/stm32l4xx_ll_gpio.h:985:22:LL_GPIO_ResetOutputPin	16	static
../Core/Src/prosthesis_v2.c:203:6:InitProsthesisControl	24	static
../Core/Src/prosthesis_v2.c:254:6:RunProsthesisControl	16	static
../Core/Src/prosthesis_v2.c:307:6:ActivateLED	16	static
../Core/Src/prosthesis_v2.c:341:6:ErrorHandler	24	static
../Core/Src/prosthesis_v2.c:363:13:InitStateVals	96	static
../Core/Src/prosthesis_v2.c:391:13:GetInputs	64	static
../Core/Src/prosthesis_v2.c:476:17:ReadLoadCell	16	static
../Core/Src/prosthesis_v2.c:483:13:ProcessInputs	136	static
../Core/Src/prosthesis_v2.c:589:23:RunStateMachine	8	static
../Core/Src/prosthesis_v2.c:683:13:SetStateVals	16	static
../Core/Src/prosthesis_v2.c:707:13:GetCPV	24	static
../Core/Src/prosthesis_v2.c:831:13:GetTimeBasedCPV	24	static
../Core/Src/prosthesis_v2.c:855:13:GetSegmentConstants	88	static
../Core/Src/prosthesis_v2.c:888:13:GetThirdOrderSegmentConstants	48	static
../Core/Src/prosthesis_v2.c:897:13:GetSecondOrderSegmentConstants	40	static
../Core/Src/prosthesis_v2.c:905:13:GetTrajectory	24	static
../Core/Src/prosthesis_v2.c:915:13:GetTimeBasedTrajectory	24	static
../Core/Src/prosthesis_v2.c:925:13:SetCtrlParams	16	static
../Core/Src/prosthesis_v2.c:1231:13:RunPassiveEmulation	16	static
../Core/Src/prosthesis_v2.c:1265:13:CheckMotorCalls	16	static
../Core/Src/prosthesis_v2.c:1308:13:ServiceMotor	24	static
../Core/Src/prosthesis_v2.c:1376:6:HAL_SPI_TxCpltCallback	16	static
../Core/Src/prosthesis_v2.c:1381:6:HAL_SPI_RxCpltCallback	16	static
../Core/Src/prosthesis_v2.c:1386:6:HAL_CAN_RxFifo0MsgPendingCallback	16	static
../Core/Src/prosthesis_v2.c:1394:6:HAL_CAN_RxFifo1MsgPendingCallback	16	static
