../Drivers/STM32L4xx_HAL_Driver/Inc/stm32l4xx_ll_adc.h:6134:22:LL_ADC_REG_StartConversion	16	static
../Drivers/STM32L4xx_HAL_Driver/Inc/stm32l4xx_ll_adc.h:6210:26:LL_ADC_REG_ReadConversionData12	16	static
../Drivers/STM32L4xx_HAL_Driver/Inc/stm32l4xx_ll_adc.h:6531:26:LL_ADC_IsActiveFlag_EOC	16	static
../Drivers/STM32L4xx_HAL_Driver/Inc/stm32l4xx_ll_gpio.h:956:22:LL_GPIO_SetOutputPin	16	static
../Drivers/STM32L4xx_HAL_Driver/Inc/stm32l4xx_ll_gpio.h:985:22:LL_GPIO_ResetOutputPin	16	static
../Core/Src/prosthesis_v2.c:166:6:InitProsthesisControl	48	static
../Core/Src/prosthesis_v2.c:249:6:RequireTestProgram	16	static
../Core/Src/prosthesis_v2.c:256:6:RunProsthesisControl	8	static
../Core/Src/prosthesis_v2.c:304:6:ErrorHandler	24	static
../Core/Src/prosthesis_v2.c:326:13:GetInputs	8	static
../Core/Src/prosthesis_v2.c:355:17:ReadLoadCell	16	static
../Core/Src/prosthesis_v2.c:362:13:ProcessInputs	40	static
../Core/Src/prosthesis_v2.c:447:13:RunStateMachine	4	static
../Core/Src/prosthesis_v2.c:616:13:ServiceMotor	24	static
../Core/Src/prosthesis_v2.c:673:13:ActivateLED	16	static
../Core/Src/prosthesis_v2.c:700:6:HAL_CAN_RxFifo0MsgPendingCallback	48	static
../Core/Src/prosthesis_v2.c:710:6:HAL_CAN_RxFifo1MsgPendingCallback	48	static
