../Drivers/STM32L4xx_HAL_Driver/Inc/stm32l4xx_ll_adc.h:6134:22:LL_ADC_REG_StartConversion	16	static
../Drivers/STM32L4xx_HAL_Driver/Inc/stm32l4xx_ll_adc.h:6210:26:LL_ADC_REG_ReadConversionData12	16	static
../Drivers/STM32L4xx_HAL_Driver/Inc/stm32l4xx_ll_adc.h:6531:26:LL_ADC_IsActiveFlag_EOC	16	static
../Drivers/STM32L4xx_HAL_Driver/Inc/stm32l4xx_ll_gpio.h:956:22:LL_GPIO_SetOutputPin	16	static
../Drivers/STM32L4xx_HAL_Driver/Inc/stm32l4xx_ll_gpio.h:985:22:LL_GPIO_ResetOutputPin	16	static
../Core/Src/prosthesis_v2.c:206:6:InitProsthesisControl	24	static
../Core/Src/prosthesis_v2.c:283:6:RunProsthesisControl	16	static
../Core/Src/prosthesis_v2.c:336:6:ActivateLED	16	static
../Core/Src/prosthesis_v2.c:370:6:ErrorHandler	24	static
../Core/Src/prosthesis_v2.c:392:13:InitStateVals	96	static
../Core/Src/prosthesis_v2.c:420:13:GetInputs	64	static
../Core/Src/prosthesis_v2.c:505:17:ReadLoadCell	16	static
../Core/Src/prosthesis_v2.c:512:13:ProcessInputs	136	static
../Core/Src/prosthesis_v2.c:618:23:RunStateMachine	8	static
../Core/Src/prosthesis_v2.c:707:13:SetStateVals	16	static
../Core/Src/prosthesis_v2.c:731:13:GetCPV	24	static
../Core/Src/prosthesis_v2.c:855:13:GetTimeBasedCPV	16	static
../Core/Src/prosthesis_v2.c:874:13:GetSegmentConstants	88	static
../Core/Src/prosthesis_v2.c:907:13:GetThirdOrderSegmentConstants	48	static
../Core/Src/prosthesis_v2.c:916:13:GetSecondOrderSegmentConstants	40	static
../Core/Src/prosthesis_v2.c:924:13:GetTrajectory	24	static
../Core/Src/prosthesis_v2.c:934:13:GetTimeBasedTrajectory	24	static
../Core/Src/prosthesis_v2.c:961:13:SetCtrlParams	16	static
../Core/Src/prosthesis_v2.c:1267:13:RunPassiveEmulation	16	static
../Core/Src/prosthesis_v2.c:1301:13:CheckMotorCalls	16	static
../Core/Src/prosthesis_v2.c:1344:13:ServiceMotor	24	static
../Core/Src/prosthesis_v2.c:1412:6:HAL_SPI_TxCpltCallback	16	static
../Core/Src/prosthesis_v2.c:1417:6:HAL_SPI_RxCpltCallback	16	static
../Core/Src/prosthesis_v2.c:1422:6:HAL_CAN_RxFifo0MsgPendingCallback	16	static
../Core/Src/prosthesis_v2.c:1430:6:HAL_CAN_RxFifo1MsgPendingCallback	16	static
