../Drivers/STM32L4xx_HAL_Driver/Inc/stm32l4xx_ll_adc.h:6134:22:LL_ADC_REG_StartConversion	16	static
../Drivers/STM32L4xx_HAL_Driver/Inc/stm32l4xx_ll_adc.h:6210:26:LL_ADC_REG_ReadConversionData12	16	static
../Drivers/STM32L4xx_HAL_Driver/Inc/stm32l4xx_ll_adc.h:6531:26:LL_ADC_IsActiveFlag_EOC	16	static
../Drivers/STM32L4xx_HAL_Driver/Inc/stm32l4xx_ll_gpio.h:956:22:LL_GPIO_SetOutputPin	16	static
../Drivers/STM32L4xx_HAL_Driver/Inc/stm32l4xx_ll_gpio.h:985:22:LL_GPIO_ResetOutputPin	16	static
../Core/Src/prosthesis_v2.c:215:6:InitProsthesisControl	48	static
../Core/Src/prosthesis_v2.c:347:6:RequireTestProgram	16	static
../Core/Src/prosthesis_v2.c:354:6:RunProsthesisControl	8	static
../Core/Src/prosthesis_v2.c:393:6:ActivateLED	16	static
../Core/Src/prosthesis_v2.c:427:6:ErrorHandler	24	static
../Core/Src/prosthesis_v2.c:449:13:GetInputs	64	static
../Core/Src/prosthesis_v2.c:505:17:ReadLoadCell	16	static
../Core/Src/prosthesis_v2.c:512:13:ProcessInputs	168	static
../Core/Src/prosthesis_v2.c:621:13:GetSimulatedThighAngle	56	static
../Core/Src/prosthesis_v2.c:666:13:GetCPV	24	static
../Core/Src/prosthesis_v2.c:780:13:GetSegmentConstants	88	static
../Core/Src/prosthesis_v2.c:813:13:GetThirdOrderSegmentConstants	48	static
../Core/Src/prosthesis_v2.c:822:13:GetSecondOrderSegmentConstants	40	static
../Core/Src/prosthesis_v2.c:830:13:GetTrajectory	24	static
../Core/Src/prosthesis_v2.c:840:13:RunCPC_Simulation	40	static
../Core/Src/prosthesis_v2.c:899:13:RunStateMachine	56	static
../Core/Src/prosthesis_v2.c:1003:13:SetStateMachineVals	16	static
../Core/Src/prosthesis_v2.c:1049:13:CheckMotorCalls	16	static
../Core/Src/prosthesis_v2.c:1093:13:ServiceMotor	24	static
../Core/Src/prosthesis_v2.c:1155:6:HAL_SPI_TxCpltCallback	16	static
../Core/Src/prosthesis_v2.c:1160:6:HAL_SPI_RxCpltCallback	16	static
../Core/Src/prosthesis_v2.c:1165:6:HAL_CAN_RxFifo0MsgPendingCallback	48	static
../Core/Src/prosthesis_v2.c:1175:6:HAL_CAN_RxFifo1MsgPendingCallback	48	static
