../Drivers/STM32L4xx_HAL_Driver/Inc/stm32l4xx_ll_adc.h:6134:22:LL_ADC_REG_StartConversion	16	static
../Drivers/STM32L4xx_HAL_Driver/Inc/stm32l4xx_ll_adc.h:6210:26:LL_ADC_REG_ReadConversionData12	16	static
../Drivers/STM32L4xx_HAL_Driver/Inc/stm32l4xx_ll_adc.h:6531:26:LL_ADC_IsActiveFlag_EOC	16	static
../Drivers/STM32L4xx_HAL_Driver/Inc/stm32l4xx_ll_gpio.h:956:22:LL_GPIO_SetOutputPin	16	static
../Drivers/STM32L4xx_HAL_Driver/Inc/stm32l4xx_ll_gpio.h:985:22:LL_GPIO_ResetOutputPin	16	static
../Core/Src/prosthesis_v2.c:175:6:InitProsthesisControl	48	static
../Core/Src/prosthesis_v2.c:257:6:RequireTestProgram	16	static
../Core/Src/prosthesis_v2.c:264:6:RunProsthesisControl	8	static
../Core/Src/prosthesis_v2.c:282:6:ActivateLED	16	static
../Core/Src/prosthesis_v2.c:316:6:ErrorHandler	24	static
../Core/Src/prosthesis_v2.c:338:13:GetInputs	64	static
../Core/Src/prosthesis_v2.c:394:17:ReadLoadCell	16	static
../Core/Src/prosthesis_v2.c:401:13:ProcessInputs	168	static
../Core/Src/prosthesis_v2.c:508:13:GetCPV	24	static
../Core/Src/prosthesis_v2.c:525:13:RunStateMachine	4	static
../Core/Src/prosthesis_v2.c:778:13:CheckMotorCalls	16	static
../Core/Src/prosthesis_v2.c:822:13:ServiceMotor	24	static
../Core/Src/prosthesis_v2.c:884:6:HAL_SPI_TxCpltCallback	16	static
../Core/Src/prosthesis_v2.c:889:6:HAL_SPI_RxCpltCallback	16	static
../Core/Src/prosthesis_v2.c:894:6:HAL_CAN_RxFifo0MsgPendingCallback	48	static
../Core/Src/prosthesis_v2.c:904:6:HAL_CAN_RxFifo1MsgPendingCallback	48	static
