../Drivers/STM32L4xx_HAL_Driver/Inc/stm32l4xx_ll_adc.h:6134:22:LL_ADC_REG_StartConversion	16	static
../Drivers/STM32L4xx_HAL_Driver/Inc/stm32l4xx_ll_adc.h:6210:26:LL_ADC_REG_ReadConversionData12	16	static
../Drivers/STM32L4xx_HAL_Driver/Inc/stm32l4xx_ll_adc.h:6531:26:LL_ADC_IsActiveFlag_EOC	16	static
../Drivers/STM32L4xx_HAL_Driver/Inc/stm32l4xx_ll_gpio.h:956:22:LL_GPIO_SetOutputPin	16	static
../Drivers/STM32L4xx_HAL_Driver/Inc/stm32l4xx_ll_gpio.h:985:22:LL_GPIO_ResetOutputPin	16	static
../Core/Src/prosthesis_v2.c:207:6:InitProsthesisControl	24	static
../Core/Src/prosthesis_v2.c:318:6:RequireTestProgram	16	static
../Core/Src/prosthesis_v2.c:325:6:RunProsthesisControl	16	static
../Core/Src/prosthesis_v2.c:372:6:ActivateLED	16	static
../Core/Src/prosthesis_v2.c:406:6:ErrorHandler	24	static
../Core/Src/prosthesis_v2.c:428:13:InitStateVals	96	static
../Core/Src/prosthesis_v2.c:465:13:GetInputs	64	static
../Core/Src/prosthesis_v2.c:548:17:ReadLoadCell	16	static
../Core/Src/prosthesis_v2.c:555:13:ProcessInputs	136	static
../Core/Src/prosthesis_v2.c:659:23:RunStateMachine	16	static
../Core/Src/prosthesis_v2.c:778:13:SetStateVals	16	static
../Core/Src/prosthesis_v2.c:802:13:GetCPV	24	static
../Core/Src/prosthesis_v2.c:924:13:GetSegmentConstants	88	static
../Core/Src/prosthesis_v2.c:957:13:GetThirdOrderSegmentConstants	48	static
../Core/Src/prosthesis_v2.c:966:13:GetSecondOrderSegmentConstants	40	static
../Core/Src/prosthesis_v2.c:974:13:GetTrajectory	24	static
../Core/Src/prosthesis_v2.c:984:13:SetCtrlParams	24	static
../Core/Src/prosthesis_v2.c:1005:13:RunPassiveEmulation	4	static
../Core/Src/prosthesis_v2.c:1051:13:CheckMotorCalls	16	static
../Core/Src/prosthesis_v2.c:1094:13:ServiceMotor	24	static
../Core/Src/prosthesis_v2.c:1159:6:HAL_SPI_TxCpltCallback	16	static
../Core/Src/prosthesis_v2.c:1164:6:HAL_SPI_RxCpltCallback	16	static
../Core/Src/prosthesis_v2.c:1169:6:HAL_CAN_RxFifo0MsgPendingCallback	16	static
../Core/Src/prosthesis_v2.c:1177:6:HAL_CAN_RxFifo1MsgPendingCallback	16	static
