../Drivers/STM32L4xx_HAL_Driver/Inc/stm32l4xx_ll_adc.h:6134:22:LL_ADC_REG_StartConversion	16	static
../Drivers/STM32L4xx_HAL_Driver/Inc/stm32l4xx_ll_adc.h:6210:26:LL_ADC_REG_ReadConversionData12	16	static
../Drivers/STM32L4xx_HAL_Driver/Inc/stm32l4xx_ll_adc.h:6531:26:LL_ADC_IsActiveFlag_EOC	16	static
../Drivers/STM32L4xx_HAL_Driver/Inc/stm32l4xx_ll_gpio.h:956:22:LL_GPIO_SetOutputPin	16	static
../Drivers/STM32L4xx_HAL_Driver/Inc/stm32l4xx_ll_gpio.h:985:22:LL_GPIO_ResetOutputPin	16	static
../Core/Src/prosthesis_v2.c:202:6:InitProsthesisControl	48	static
../Core/Src/prosthesis_v2.c:300:6:RequireTestProgram	16	static
../Core/Src/prosthesis_v2.c:307:6:RunProsthesisControl	8	static
../Core/Src/prosthesis_v2.c:342:6:ActivateLED	16	static
../Core/Src/prosthesis_v2.c:376:6:ErrorHandler	24	static
../Core/Src/prosthesis_v2.c:398:13:GetInputs	64	static
../Core/Src/prosthesis_v2.c:454:17:ReadLoadCell	16	static
../Core/Src/prosthesis_v2.c:461:13:ProcessInputs	168	static
../Core/Src/prosthesis_v2.c:570:13:GetSimulatedThighAngle	56	static
../Core/Src/prosthesis_v2.c:627:13:GetCPV	32	static
../Core/Src/prosthesis_v2.c:744:13:GetSegmentConstants	88	static
../Core/Src/prosthesis_v2.c:777:13:GetThirdOrderSegmentConstants	48	static
../Core/Src/prosthesis_v2.c:786:13:GetSecondOrderSegmentConstants	40	static
../Core/Src/prosthesis_v2.c:794:13:GetTrajectory	24	static
../Core/Src/prosthesis_v2.c:806:13:RunCPC_Simulation	24	static
../Core/Src/prosthesis_v2.c:846:13:RunStateMachine	4	static
../Core/Src/prosthesis_v2.c:1122:13:CheckMotorCalls	16	static
../Core/Src/prosthesis_v2.c:1166:13:ServiceMotor	24	static
../Core/Src/prosthesis_v2.c:1228:6:HAL_SPI_TxCpltCallback	16	static
../Core/Src/prosthesis_v2.c:1233:6:HAL_SPI_RxCpltCallback	16	static
../Core/Src/prosthesis_v2.c:1238:6:HAL_CAN_RxFifo0MsgPendingCallback	48	static
../Core/Src/prosthesis_v2.c:1248:6:HAL_CAN_RxFifo1MsgPendingCallback	48	static
