../Drivers/STM32L4xx_HAL_Driver/Inc/stm32l4xx_ll_adc.h:6134:22:LL_ADC_REG_StartConversion	16	static
../Drivers/STM32L4xx_HAL_Driver/Inc/stm32l4xx_ll_adc.h:6210:26:LL_ADC_REG_ReadConversionData12	16	static
../Drivers/STM32L4xx_HAL_Driver/Inc/stm32l4xx_ll_adc.h:6531:26:LL_ADC_IsActiveFlag_EOC	16	static
../Drivers/STM32L4xx_HAL_Driver/Inc/stm32l4xx_ll_gpio.h:956:22:LL_GPIO_SetOutputPin	16	static
../Drivers/STM32L4xx_HAL_Driver/Inc/stm32l4xx_ll_gpio.h:985:22:LL_GPIO_ResetOutputPin	16	static
../Core/Src/prosthesis_v2.c:206:6:InitProsthesisControl	48	static
../Core/Src/prosthesis_v2.c:332:6:RequireTestProgram	16	static
../Core/Src/prosthesis_v2.c:339:6:RunProsthesisControl	8	static
../Core/Src/prosthesis_v2.c:374:6:ActivateLED	16	static
../Core/Src/prosthesis_v2.c:408:6:ErrorHandler	24	static
../Core/Src/prosthesis_v2.c:430:13:GetInputs	64	static
../Core/Src/prosthesis_v2.c:486:17:ReadLoadCell	16	static
../Core/Src/prosthesis_v2.c:493:13:ProcessInputs	168	static
../Core/Src/prosthesis_v2.c:602:13:GetSimulatedThighAngle	56	static
../Core/Src/prosthesis_v2.c:659:13:GetCPV	32	static
../Core/Src/prosthesis_v2.c:776:13:GetSegmentConstants	88	static
../Core/Src/prosthesis_v2.c:809:13:GetThirdOrderSegmentConstants	48	static
../Core/Src/prosthesis_v2.c:818:13:GetSecondOrderSegmentConstants	40	static
../Core/Src/prosthesis_v2.c:826:13:GetTrajectory	24	static
../Core/Src/prosthesis_v2.c:838:13:RunCPC_Simulation	24	static
../Core/Src/prosthesis_v2.c:878:13:RunStateMachine	4	static
../Core/Src/prosthesis_v2.c:1192:13:CheckMotorCalls	16	static
../Core/Src/prosthesis_v2.c:1236:13:ServiceMotor	24	static
../Core/Src/prosthesis_v2.c:1298:6:HAL_SPI_TxCpltCallback	16	static
../Core/Src/prosthesis_v2.c:1303:6:HAL_SPI_RxCpltCallback	16	static
../Core/Src/prosthesis_v2.c:1308:6:HAL_CAN_RxFifo0MsgPendingCallback	48	static
../Core/Src/prosthesis_v2.c:1318:6:HAL_CAN_RxFifo1MsgPendingCallback	48	static
