../Drivers/STM32L4xx_HAL_Driver/Inc/stm32l4xx_ll_adc.h:6134:22:LL_ADC_REG_StartConversion	16	static
../Drivers/STM32L4xx_HAL_Driver/Inc/stm32l4xx_ll_adc.h:6210:26:LL_ADC_REG_ReadConversionData12	16	static
../Drivers/STM32L4xx_HAL_Driver/Inc/stm32l4xx_ll_adc.h:6531:26:LL_ADC_IsActiveFlag_EOC	16	static
../Drivers/STM32L4xx_HAL_Driver/Inc/stm32l4xx_ll_gpio.h:956:22:LL_GPIO_SetOutputPin	16	static
../Drivers/STM32L4xx_HAL_Driver/Inc/stm32l4xx_ll_gpio.h:985:22:LL_GPIO_ResetOutputPin	16	static
../Core/Src/prosthesis_v2.c:190:6:InitProsthesisControl	24	static
../Core/Src/prosthesis_v2.c:249:6:RunProsthesisControl	16	static
../Core/Src/prosthesis_v2.c:290:6:ActivateLED	16	static
../Core/Src/prosthesis_v2.c:324:6:ErrorHandler	24	static
../Core/Src/prosthesis_v2.c:346:13:InitStateVals	96	static
../Core/Src/prosthesis_v2.c:383:13:GetInputs	64	static
../Core/Src/prosthesis_v2.c:468:17:ReadLoadCell	16	static
../Core/Src/prosthesis_v2.c:475:13:ProcessInputs	136	static
../Core/Src/prosthesis_v2.c:581:23:RunStateMachine	8	static
../Core/Src/prosthesis_v2.c:670:13:SetStateVals	16	static
../Core/Src/prosthesis_v2.c:694:13:GetCPV	24	static
../Core/Src/prosthesis_v2.c:820:13:GetSegmentConstants	88	static
../Core/Src/prosthesis_v2.c:853:13:GetThirdOrderSegmentConstants	48	static
../Core/Src/prosthesis_v2.c:862:13:GetSecondOrderSegmentConstants	40	static
../Core/Src/prosthesis_v2.c:870:13:GetTrajectory	24	static
../Core/Src/prosthesis_v2.c:880:13:SetCtrlParams	16	static
../Core/Src/prosthesis_v2.c:1186:13:RunPassiveEmulation	16	static
../Core/Src/prosthesis_v2.c:1220:13:CheckMotorCalls	16	static
../Core/Src/prosthesis_v2.c:1263:13:ServiceMotor	24	static
../Core/Src/prosthesis_v2.c:1331:6:HAL_SPI_TxCpltCallback	16	static
../Core/Src/prosthesis_v2.c:1336:6:HAL_SPI_RxCpltCallback	16	static
../Core/Src/prosthesis_v2.c:1341:6:HAL_CAN_RxFifo0MsgPendingCallback	16	static
../Core/Src/prosthesis_v2.c:1349:6:HAL_CAN_RxFifo1MsgPendingCallback	16	static
