../Drivers/STM32L4xx_HAL_Driver/Inc/stm32l4xx_ll_adc.h:6134:22:LL_ADC_REG_StartConversion	16	static
../Drivers/STM32L4xx_HAL_Driver/Inc/stm32l4xx_ll_adc.h:6210:26:LL_ADC_REG_ReadConversionData12	16	static
../Drivers/STM32L4xx_HAL_Driver/Inc/stm32l4xx_ll_adc.h:6531:26:LL_ADC_IsActiveFlag_EOC	16	static
../Drivers/STM32L4xx_HAL_Driver/Inc/stm32l4xx_ll_gpio.h:956:22:LL_GPIO_SetOutputPin	16	static
../Drivers/STM32L4xx_HAL_Driver/Inc/stm32l4xx_ll_gpio.h:985:22:LL_GPIO_ResetOutputPin	16	static
../Core/Src/prosthesis_v2.c:170:6:InitProsthesisControl	48	static
../Core/Src/prosthesis_v2.c:252:6:RequireTestProgram	16	static
../Core/Src/prosthesis_v2.c:259:6:RunProsthesisControl	8	static
../Core/Src/prosthesis_v2.c:277:6:ActivateLED	16	static
../Core/Src/prosthesis_v2.c:311:6:ErrorHandler	24	static
../Core/Src/prosthesis_v2.c:333:13:GetInputs	64	static
../Core/Src/prosthesis_v2.c:383:17:ReadLoadCell	16	static
../Core/Src/prosthesis_v2.c:390:13:ProcessInputs	64	static
../Core/Src/prosthesis_v2.c:469:13:RunStateMachine	4	static
../Core/Src/prosthesis_v2.c:725:13:CheckMotorCalls	16	static
../Core/Src/prosthesis_v2.c:764:13:ServiceMotor	24	static
../Core/Src/prosthesis_v2.c:826:6:HAL_SPI_TxCpltCallback	16	static
../Core/Src/prosthesis_v2.c:831:6:HAL_SPI_RxCpltCallback	16	static
../Core/Src/prosthesis_v2.c:836:6:HAL_CAN_RxFifo0MsgPendingCallback	48	static
../Core/Src/prosthesis_v2.c:846:6:HAL_CAN_RxFifo1MsgPendingCallback	48	static
