../Drivers/STM32L4xx_HAL_Driver/Inc/stm32l4xx_ll_adc.h:6134:22:LL_ADC_REG_StartConversion	16	static
../Drivers/STM32L4xx_HAL_Driver/Inc/stm32l4xx_ll_adc.h:6210:26:LL_ADC_REG_ReadConversionData12	16	static
../Drivers/STM32L4xx_HAL_Driver/Inc/stm32l4xx_ll_adc.h:6531:26:LL_ADC_IsActiveFlag_EOC	16	static
../Drivers/STM32L4xx_HAL_Driver/Inc/stm32l4xx_ll_gpio.h:956:22:LL_GPIO_SetOutputPin	16	static
../Drivers/STM32L4xx_HAL_Driver/Inc/stm32l4xx_ll_gpio.h:985:22:LL_GPIO_ResetOutputPin	16	static
../Core/Src/prosthesis_v2.c:201:6:InitProsthesisControl	48	static
../Core/Src/prosthesis_v2.c:299:6:RequireTestProgram	16	static
../Core/Src/prosthesis_v2.c:306:6:RunProsthesisControl	8	static
../Core/Src/prosthesis_v2.c:340:6:ActivateLED	16	static
../Core/Src/prosthesis_v2.c:374:6:ErrorHandler	24	static
../Core/Src/prosthesis_v2.c:396:13:GetInputs	64	static
../Core/Src/prosthesis_v2.c:452:17:ReadLoadCell	16	static
../Core/Src/prosthesis_v2.c:459:13:ProcessInputs	168	static
../Core/Src/prosthesis_v2.c:570:13:GetSimulatedThighAngle	64	static
../Core/Src/prosthesis_v2.c:636:13:GetCPV	32	static
../Core/Src/prosthesis_v2.c:752:13:GetSegmentConstants	88	static
../Core/Src/prosthesis_v2.c:785:13:GetThirdOrderSegmentConstants	48	static
../Core/Src/prosthesis_v2.c:794:13:GetSecondOrderSegmentConstants	40	static
../Core/Src/prosthesis_v2.c:802:13:GetTrajectory	24	static
../Core/Src/prosthesis_v2.c:814:13:RunCPC_Simulation	16	static
../Core/Src/prosthesis_v2.c:847:13:RunStateMachine	4	static
../Core/Src/prosthesis_v2.c:1123:13:CheckMotorCalls	16	static
../Core/Src/prosthesis_v2.c:1167:13:ServiceMotor	24	static
../Core/Src/prosthesis_v2.c:1229:6:HAL_SPI_TxCpltCallback	16	static
../Core/Src/prosthesis_v2.c:1234:6:HAL_SPI_RxCpltCallback	16	static
../Core/Src/prosthesis_v2.c:1239:6:HAL_CAN_RxFifo0MsgPendingCallback	48	static
../Core/Src/prosthesis_v2.c:1249:6:HAL_CAN_RxFifo1MsgPendingCallback	48	static
