../Drivers/STM32L4xx_HAL_Driver/Inc/stm32l4xx_ll_adc.h:6134:22:LL_ADC_REG_StartConversion	16	static
../Drivers/STM32L4xx_HAL_Driver/Inc/stm32l4xx_ll_adc.h:6210:26:LL_ADC_REG_ReadConversionData12	16	static
../Drivers/STM32L4xx_HAL_Driver/Inc/stm32l4xx_ll_adc.h:6531:26:LL_ADC_IsActiveFlag_EOC	16	static
../Drivers/STM32L4xx_HAL_Driver/Inc/stm32l4xx_ll_gpio.h:956:22:LL_GPIO_SetOutputPin	16	static
../Drivers/STM32L4xx_HAL_Driver/Inc/stm32l4xx_ll_gpio.h:985:22:LL_GPIO_ResetOutputPin	16	static
../Core/Src/prosthesis_v2.c:162:6:InitProsthesisControl	24	static
../Core/Src/prosthesis_v2.c:187:6:RequireTestProgram	16	static
../Core/Src/prosthesis_v2.c:194:6:RunProsthesisControl	8	static
../Core/Src/prosthesis_v2.c:212:6:ActivateLED	16	static
../Core/Src/prosthesis_v2.c:246:6:ErrorHandler	24	static
../Core/Src/prosthesis_v2.c:268:13:GetInputs	64	static
../Core/Src/prosthesis_v2.c:318:17:ReadLoadCell	16	static
../Core/Src/prosthesis_v2.c:325:13:ProcessInputs	64	static
../Core/Src/prosthesis_v2.c:405:13:RunStateMachine	4	static,ignoring_inline_asm
../Core/Src/prosthesis_v2.c:676:13:CheckMotorCalls	16	static
../Core/Src/prosthesis_v2.c:715:13:ServiceMotor	24	static
../Core/Src/prosthesis_v2.c:777:6:HAL_SPI_TxCpltCallback	16	static
../Core/Src/prosthesis_v2.c:782:6:HAL_SPI_RxCpltCallback	16	static
../Core/Src/prosthesis_v2.c:787:6:HAL_CAN_RxFifo0MsgPendingCallback	48	static
../Core/Src/prosthesis_v2.c:797:6:HAL_CAN_RxFifo1MsgPendingCallback	48	static
