../Drivers/STM32L4xx_HAL_Driver/Inc/stm32l4xx_ll_adc.h:6134:22:LL_ADC_REG_StartConversion	16	static
../Drivers/STM32L4xx_HAL_Driver/Inc/stm32l4xx_ll_adc.h:6210:26:LL_ADC_REG_ReadConversionData12	16	static
../Drivers/STM32L4xx_HAL_Driver/Inc/stm32l4xx_ll_adc.h:6531:26:LL_ADC_IsActiveFlag_EOC	16	static
../Drivers/STM32L4xx_HAL_Driver/Inc/stm32l4xx_ll_gpio.h:956:22:LL_GPIO_SetOutputPin	16	static
../Drivers/STM32L4xx_HAL_Driver/Inc/stm32l4xx_ll_gpio.h:985:22:LL_GPIO_ResetOutputPin	16	static
../Core/Src/prosthesis_v2.c:193:6:InitProsthesisControl	48	static
../Core/Src/prosthesis_v2.c:289:6:RequireTestProgram	16	static
../Core/Src/prosthesis_v2.c:296:6:RunProsthesisControl	8	static
../Core/Src/prosthesis_v2.c:317:6:ActivateLED	16	static
../Core/Src/prosthesis_v2.c:351:6:ErrorHandler	24	static
../Core/Src/prosthesis_v2.c:373:13:GetInputs	64	static
../Core/Src/prosthesis_v2.c:429:17:ReadLoadCell	16	static
../Core/Src/prosthesis_v2.c:436:13:ProcessInputs	168	static
../Core/Src/prosthesis_v2.c:556:13:GetCPV	32	static
../Core/Src/prosthesis_v2.c:671:13:GetTrajectory	4	static
../Core/Src/prosthesis_v2.c:676:13:RunStateMachine	4	static
../Core/Src/prosthesis_v2.c:929:13:CheckMotorCalls	16	static
../Core/Src/prosthesis_v2.c:973:13:ServiceMotor	24	static
../Core/Src/prosthesis_v2.c:1035:6:HAL_SPI_TxCpltCallback	16	static
../Core/Src/prosthesis_v2.c:1040:6:HAL_SPI_RxCpltCallback	16	static
../Core/Src/prosthesis_v2.c:1045:6:HAL_CAN_RxFifo0MsgPendingCallback	48	static
../Core/Src/prosthesis_v2.c:1055:6:HAL_CAN_RxFifo1MsgPendingCallback	48	static
