../Drivers/STM32L4xx_HAL_Driver/Inc/stm32l4xx_ll_adc.h:6134:22:LL_ADC_REG_StartConversion	16	static
../Drivers/STM32L4xx_HAL_Driver/Inc/stm32l4xx_ll_adc.h:6210:26:LL_ADC_REG_ReadConversionData12	16	static
../Drivers/STM32L4xx_HAL_Driver/Inc/stm32l4xx_ll_adc.h:6531:26:LL_ADC_IsActiveFlag_EOC	16	static
../Drivers/STM32L4xx_HAL_Driver/Inc/stm32l4xx_ll_gpio.h:956:22:LL_GPIO_SetOutputPin	16	static
../Drivers/STM32L4xx_HAL_Driver/Inc/stm32l4xx_ll_gpio.h:985:22:LL_GPIO_ResetOutputPin	16	static
../Core/Src/prosthesis_v2.c:160:6:InitProsthesisControl	24	static
../Core/Src/prosthesis_v2.c:185:6:RequireTestProgram	16	static
../Core/Src/prosthesis_v2.c:192:6:RunProsthesisControl	8	static
../Core/Src/prosthesis_v2.c:210:6:ActivateLED	16	static
../Core/Src/prosthesis_v2.c:244:6:ErrorHandler	24	static
../Core/Src/prosthesis_v2.c:266:13:GetInputs	64	static
../Core/Src/prosthesis_v2.c:316:17:ReadLoadCell	16	static
../Core/Src/prosthesis_v2.c:323:13:ProcessInputs	64	static
../Core/Src/prosthesis_v2.c:403:13:RunStateMachine	4	static
../Core/Src/prosthesis_v2.c:662:13:CheckMotorCalls	16	static
../Core/Src/prosthesis_v2.c:701:13:ServiceMotor	24	static
../Core/Src/prosthesis_v2.c:763:6:HAL_SPI_TxCpltCallback	16	static
../Core/Src/prosthesis_v2.c:768:6:HAL_SPI_RxCpltCallback	16	static
../Core/Src/prosthesis_v2.c:773:6:HAL_CAN_RxFifo0MsgPendingCallback	48	static
../Core/Src/prosthesis_v2.c:783:6:HAL_CAN_RxFifo1MsgPendingCallback	48	static
