../Drivers/STM32L4xx_HAL_Driver/Inc/stm32l4xx_ll_adc.h:6134:22:LL_ADC_REG_StartConversion	16	static
../Drivers/STM32L4xx_HAL_Driver/Inc/stm32l4xx_ll_adc.h:6210:26:LL_ADC_REG_ReadConversionData12	16	static
../Drivers/STM32L4xx_HAL_Driver/Inc/stm32l4xx_ll_adc.h:6531:26:LL_ADC_IsActiveFlag_EOC	16	static
../Drivers/STM32L4xx_HAL_Driver/Inc/stm32l4xx_ll_gpio.h:956:22:LL_GPIO_SetOutputPin	16	static
../Drivers/STM32L4xx_HAL_Driver/Inc/stm32l4xx_ll_gpio.h:985:22:LL_GPIO_ResetOutputPin	16	static
../Core/Src/prosthesis_v2.c:206:6:InitProsthesisControl	24	static
../Core/Src/prosthesis_v2.c:283:6:RunProsthesisControl	16	static
../Core/Src/prosthesis_v2.c:336:6:ActivateLED	16	static
../Core/Src/prosthesis_v2.c:370:6:ErrorHandler	24	static
../Core/Src/prosthesis_v2.c:392:13:InitStateVals	96	static
../Core/Src/prosthesis_v2.c:429:13:GetInputs	64	static
../Core/Src/prosthesis_v2.c:514:17:ReadLoadCell	16	static
../Core/Src/prosthesis_v2.c:521:13:ProcessInputs	136	static
../Core/Src/prosthesis_v2.c:627:23:RunStateMachine	8	static
../Core/Src/prosthesis_v2.c:716:13:SetStateVals	16	static
../Core/Src/prosthesis_v2.c:740:13:GetCPV	24	static
../Core/Src/prosthesis_v2.c:866:13:GetTimeBasedCPV	16	static
../Core/Src/prosthesis_v2.c:885:13:GetSegmentConstants	88	static
../Core/Src/prosthesis_v2.c:918:13:GetThirdOrderSegmentConstants	48	static
../Core/Src/prosthesis_v2.c:927:13:GetSecondOrderSegmentConstants	40	static
../Core/Src/prosthesis_v2.c:935:13:GetTrajectory	24	static
../Core/Src/prosthesis_v2.c:945:13:GetTimeBasedTrajectory	24	static
../Core/Src/prosthesis_v2.c:972:13:SetCtrlParams	16	static
../Core/Src/prosthesis_v2.c:1278:13:RunPassiveEmulation	16	static
../Core/Src/prosthesis_v2.c:1312:13:CheckMotorCalls	16	static
../Core/Src/prosthesis_v2.c:1355:13:ServiceMotor	24	static
../Core/Src/prosthesis_v2.c:1423:6:HAL_SPI_TxCpltCallback	16	static
../Core/Src/prosthesis_v2.c:1428:6:HAL_SPI_RxCpltCallback	16	static
../Core/Src/prosthesis_v2.c:1433:6:HAL_CAN_RxFifo0MsgPendingCallback	16	static
../Core/Src/prosthesis_v2.c:1441:6:HAL_CAN_RxFifo1MsgPendingCallback	16	static
