../Core/Src/spi_hal.c:91:13:bootn	16	static
../Core/Src/spi_hal.c:97:13:rstn	16	static
../Core/Src/spi_hal.c:103:13:ps0_waken	16	static
../Core/Src/spi_hal.c:109:13:ps1	16	static
../Core/Src/spi_hal.c:115:13:csn	16	static
../Core/Src/spi_hal.c:121:17:timeNowUs	4	static
../Core/Src/spi_hal.c:126:13:hal_init_timer	8	static
../Core/Src/spi_hal.c:134:13:spiDummyOp	24	static
../Core/Src/spi_hal.c:148:13:hal_init_hw	16	static
../Core/Src/spi_hal.c:154:13:enableInts	8	static
../Core/Src/spi_hal.c:160:13:disableInts	8	static
../Core/Src/spi_hal.c:170:13:spiActivate	8	static
../Core/Src/spi_hal.c:207:13:spiCompleted	16	static
../Core/Src/spi_hal.c:284:6:HAL_GPIO_EXTI_Callback	16	static
../Core/Src/spi_hal.c:297:6:EXTI15_10_IRQHandler	8	static
../Core/Src/spi_hal.c:302:6:HAL_SPI_TxRxCpltCallback	16	static
../Core/Src/spi_hal.c:310:6:HAL_SPI_ErrorCallback	16	static
../Core/Src/spi_hal.c:322:6:delayUs	24	static
../Core/Src/spi_hal.c:331:6:resetDelayUs	24	static
../Core/Src/spi_hal.c:344:12:sh2_spi_hal_open	24	static
../Core/Src/spi_hal.c:403:13:sh2_spi_hal_close	16	static
../Core/Src/spi_hal.c:427:12:sh2_spi_hal_read	32	static
../Core/Src/spi_hal.c:464:12:sh2_spi_hal_write	32	static
../Core/Src/spi_hal.c:498:17:sh2_spi_hal_getTimeUs	16	static
../Core/Src/spi_hal.c:506:12:dfu_spi_hal_open	24	static
../Core/Src/spi_hal.c:565:13:dfu_spi_hal_close	16	static
../Core/Src/spi_hal.c:589:12:dfu_spi_hal_read	40	static
../Core/Src/spi_hal.c:629:12:dfu_spi_hal_write	40	static
../Core/Src/spi_hal.c:668:17:dfu_spi_hal_getTimeUs	16	static
../Core/Src/spi_hal.c:676:12:sh2_hal_init	4	static
../Core/Src/spi_hal.c:688:12:dfu_hal_init	4	static
