../Drivers/STM32L4xx_HAL_Driver/Inc/stm32l4xx_ll_lptim.h:1104:22:LL_LPTIM_ClearFLAG_ARRM	16	static
../Drivers/STM32L4xx_HAL_Driver/Inc/stm32l4xx_ll_lptim.h:1115:26:LL_LPTIM_IsActiveFlag_ARRM	16	static
../Core/Src/stm32l4xx_it.c:70:6:NMI_Handler	4	static
../Core/Src/stm32l4xx_it.c:85:6:HardFault_Handler	4	static
../Core/Src/stm32l4xx_it.c:100:6:MemManage_Handler	4	static
../Core/Src/stm32l4xx_it.c:115:6:BusFault_Handler	4	static
../Core/Src/stm32l4xx_it.c:130:6:UsageFault_Handler	4	static
../Core/Src/stm32l4xx_it.c:145:6:SVC_Handler	4	static
../Core/Src/stm32l4xx_it.c:158:6:DebugMon_Handler	4	static
../Core/Src/stm32l4xx_it.c:171:6:PendSV_Handler	4	static
../Core/Src/stm32l4xx_it.c:184:6:SysTick_Handler	8	static
../Core/Src/stm32l4xx_it.c:205:6:CAN1_RX0_IRQHandler	8	static
../Core/Src/stm32l4xx_it.c:219:6:CAN1_RX1_IRQHandler	8	static
../Core/Src/stm32l4xx_it.c:233:6:EXTI9_5_IRQHandler	8	static
../Core/Src/stm32l4xx_it.c:247:6:SPI1_IRQHandler	8	static
../Core/Src/stm32l4xx_it.c:261:6:LPTIM2_IRQHandler	8	static
