../Drivers/STM32L4xx_HAL_Driver/Inc/stm32l4xx_ll_lptim.h:1104:22:LL_LPTIM_ClearFLAG_ARRM	16	static
../Drivers/STM32L4xx_HAL_Driver/Inc/stm32l4xx_ll_lptim.h:1115:26:LL_LPTIM_IsActiveFlag_ARRM	16	static
../Core/Src/stm32l4xx_it.c:79:6:NMI_Handler	4	static
../Core/Src/stm32l4xx_it.c:94:6:HardFault_Handler	4	static
../Core/Src/stm32l4xx_it.c:109:6:MemManage_Handler	4	static
../Core/Src/stm32l4xx_it.c:124:6:BusFault_Handler	4	static
../Core/Src/stm32l4xx_it.c:139:6:UsageFault_Handler	4	static
../Core/Src/stm32l4xx_it.c:154:6:SVC_Handler	4	static
../Core/Src/stm32l4xx_it.c:167:6:DebugMon_Handler	4	static
../Core/Src/stm32l4xx_it.c:180:6:PendSV_Handler	4	static
../Core/Src/stm32l4xx_it.c:193:6:SysTick_Handler	4	static
../Core/Src/stm32l4xx_it.c:214:6:LPTIM2_IRQHandler	8	static
