Archive member included to satisfy reference by file (symbol)

c:/st/stm32cubeide_1.10.1/stm32cubeide/plugins/com.st.stm32cube.ide.mcu.externaltools.gnu-tools-for-stm32.10.3-2021.10.win32_1.0.0.202111181127/tools/bin/../lib/gcc/arm-none-eabi/10.3.1/../../../../arm-none-eabi/lib/thumb/v7e-m+fp/hard\libc_nano.a(lib_a-errno.o)
                              ./Core/Src/syscalls.o (__errno)
c:/st/stm32cubeide_1.10.1/stm32cubeide/plugins/com.st.stm32cube.ide.mcu.externaltools.gnu-tools-for-stm32.10.3-2021.10.win32_1.0.0.202111181127/tools/bin/../lib/gcc/arm-none-eabi/10.3.1/../../../../arm-none-eabi/lib/thumb/v7e-m+fp/hard\libc_nano.a(lib_a-exit.o)
                              c:/st/stm32cubeide_1.10.1/stm32cubeide/plugins/com.st.stm32cube.ide.mcu.externaltools.gnu-tools-for-stm32.10.3-2021.10.win32_1.0.0.202111181127/tools/bin/../lib/gcc/arm-none-eabi/10.3.1/../../../../arm-none-eabi/lib/thumb/v7e-m+fp/hard/crt0.o (exit)
c:/st/stm32cubeide_1.10.1/stm32cubeide/plugins/com.st.stm32cube.ide.mcu.externaltools.gnu-tools-for-stm32.10.3-2021.10.win32_1.0.0.202111181127/tools/bin/../lib/gcc/arm-none-eabi/10.3.1/../../../../arm-none-eabi/lib/thumb/v7e-m+fp/hard\libc_nano.a(lib_a-impure.o)
                              c:/st/stm32cubeide_1.10.1/stm32cubeide/plugins/com.st.stm32cube.ide.mcu.externaltools.gnu-tools-for-stm32.10.3-2021.10.win32_1.0.0.202111181127/tools/bin/../lib/gcc/arm-none-eabi/10.3.1/../../../../arm-none-eabi/lib/thumb/v7e-m+fp/hard\libc_nano.a(lib_a-exit.o) (_global_impure_ptr)
c:/st/stm32cubeide_1.10.1/stm32cubeide/plugins/com.st.stm32cube.ide.mcu.externaltools.gnu-tools-for-stm32.10.3-2021.10.win32_1.0.0.202111181127/tools/bin/../lib/gcc/arm-none-eabi/10.3.1/../../../../arm-none-eabi/lib/thumb/v7e-m+fp/hard\libc_nano.a(lib_a-init.o)
                              c:/st/stm32cubeide_1.10.1/stm32cubeide/plugins/com.st.stm32cube.ide.mcu.externaltools.gnu-tools-for-stm32.10.3-2021.10.win32_1.0.0.202111181127/tools/bin/../lib/gcc/arm-none-eabi/10.3.1/../../../../arm-none-eabi/lib/thumb/v7e-m+fp/hard/crt0.o (__libc_init_array)
c:/st/stm32cubeide_1.10.1/stm32cubeide/plugins/com.st.stm32cube.ide.mcu.externaltools.gnu-tools-for-stm32.10.3-2021.10.win32_1.0.0.202111181127/tools/bin/../lib/gcc/arm-none-eabi/10.3.1/../../../../arm-none-eabi/lib/thumb/v7e-m+fp/hard\libc_nano.a(lib_a-memcpy-stub.o)
                              ./Drivers/BNO08x/SH2/sh2.o (memcpy)
c:/st/stm32cubeide_1.10.1/stm32cubeide/plugins/com.st.stm32cube.ide.mcu.externaltools.gnu-tools-for-stm32.10.3-2021.10.win32_1.0.0.202111181127/tools/bin/../lib/gcc/arm-none-eabi/10.3.1/../../../../arm-none-eabi/lib/thumb/v7e-m+fp/hard\libc_nano.a(lib_a-memset.o)
                              c:/st/stm32cubeide_1.10.1/stm32cubeide/plugins/com.st.stm32cube.ide.mcu.externaltools.gnu-tools-for-stm32.10.3-2021.10.win32_1.0.0.202111181127/tools/bin/../lib/gcc/arm-none-eabi/10.3.1/../../../../arm-none-eabi/lib/thumb/v7e-m+fp/hard/crt0.o (memset)
c:/st/stm32cubeide_1.10.1/stm32cubeide/plugins/com.st.stm32cube.ide.mcu.externaltools.gnu-tools-for-stm32.10.3-2021.10.win32_1.0.0.202111181127/tools/bin/../lib/gcc/arm-none-eabi/10.3.1/../../../../arm-none-eabi/lib/thumb/v7e-m+fp/hard\libc_nano.a(lib_a-s_copysign.o)
                              ./Core/Src/prosthesis_v2.o (copysign)
c:/st/stm32cubeide_1.10.1/stm32cubeide/plugins/com.st.stm32cube.ide.mcu.externaltools.gnu-tools-for-stm32.10.3-2021.10.win32_1.0.0.202111181127/tools/bin/../lib/gcc/arm-none-eabi/10.3.1/../../../../arm-none-eabi/lib/thumb/v7e-m+fp/hard\libm.a(lib_a-s_atan.o)
                              ./Core/Src/utilities.o (atan)
c:/st/stm32cubeide_1.10.1/stm32cubeide/plugins/com.st.stm32cube.ide.mcu.externaltools.gnu-tools-for-stm32.10.3-2021.10.win32_1.0.0.202111181127/tools/bin/../lib/gcc/arm-none-eabi/10.3.1/../../../../arm-none-eabi/lib/thumb/v7e-m+fp/hard\libm.a(lib_a-s_cos.o)
                              ./Core/Src/utilities.o (cos)
c:/st/stm32cubeide_1.10.1/stm32cubeide/plugins/com.st.stm32cube.ide.mcu.externaltools.gnu-tools-for-stm32.10.3-2021.10.win32_1.0.0.202111181127/tools/bin/../lib/gcc/arm-none-eabi/10.3.1/../../../../arm-none-eabi/lib/thumb/v7e-m+fp/hard\libm.a(lib_a-s_fabs.o)
                              c:/st/stm32cubeide_1.10.1/stm32cubeide/plugins/com.st.stm32cube.ide.mcu.externaltools.gnu-tools-for-stm32.10.3-2021.10.win32_1.0.0.202111181127/tools/bin/../lib/gcc/arm-none-eabi/10.3.1/../../../../arm-none-eabi/lib/thumb/v7e-m+fp/hard\libm.a(lib_a-s_atan.o) (fabs)
c:/st/stm32cubeide_1.10.1/stm32cubeide/plugins/com.st.stm32cube.ide.mcu.externaltools.gnu-tools-for-stm32.10.3-2021.10.win32_1.0.0.202111181127/tools/bin/../lib/gcc/arm-none-eabi/10.3.1/../../../../arm-none-eabi/lib/thumb/v7e-m+fp/hard\libm.a(lib_a-s_sin.o)
                              ./Core/Src/utilities.o (sin)
[...]
Memory Configuration

Name             Origin             Length             Attributes
RAM              0x0000000020000000 0x0000000000018000 xrw
RAM2             0x0000000010000000 0x0000000000008000 xrw
FLASH            0x0000000008000000 0x0000000000100000 xr
*default*        0x0000000000000000 0xffffffffffffffff

Linker script and memory map

LOAD c:/st/stm32cubeide_1.10.1/stm32cubeide/plugins/com.st.stm32cube.ide.mcu.externaltools.gnu-tools-for-stm32.10.3-2021.10.win32_1.0.0.202111181127/tools/bin/../lib/gcc/arm-none-eabi/10.3.1/thumb/v7e-m+fp/hard/crti.o
LOAD c:/st/stm32cubeide_1.10.1/stm32cubeide/plugins/com.st.stm32cube.ide.mcu.externaltools.gnu-tools-for-stm32.10.3-2021.10.win32_1.0.0.202111181127/tools/bin/../lib/gcc/arm-none-eabi/10.3.1/thumb/v7e-m+fp/hard/crtbegin.o
LOAD c:/st/stm32cubeide_1.10.1/stm32cubeide/plugins/com.st.stm32cube.ide.mcu.externaltools.gnu-tools-for-stm32.10.3-2021.10.win32_1.0.0.202111181127/tools/bin/../lib/gcc/arm-none-eabi/10.3.1/../../../../arm-none-eabi/lib/thumb/v7e-m+fp/hard/crt0.o
LOAD ./Core/Src/adc.o
LOAD ./Core/Src/can.o
LOAD ./Core/Src/gpio.o
LOAD ./Core/Src/lptim.o
LOAD ./Core/Src/main.o
LOAD ./Core/Src/prosthesis_v2.o
LOAD ./Core/Src/spi.o
LOAD ./Core/Src/stm32l4xx_hal_msp.o
LOAD ./Core/Src/stm32l4xx_it.o
LOAD ./Core/Src/syscalls.o
LOAD ./Core/Src/sysmem.o
LOAD ./Core/Src/system_stm32l4xx.o
LOAD ./Core/Src/tim.o
LOAD ./Core/Src/utilities.o
LOAD ./Core/Startup/startup_stm32l476rgtx.o
LOAD ./Drivers/AKxx-x/akxx-x.o
LOAD ./Drivers/BNO08x/SH2/euler.o
LOAD ./Drivers/BNO08x/SH2/sh2.o
LOAD ./Drivers/BNO08x/SH2/sh2_SensorValue.o
LOAD ./Drivers/BNO08x/SH2/sh2_util.o
LOAD ./Drivers/BNO08x/SH2/shtp.o
LOAD ./Drivers/BNO08x/bno08x_spi_hal.o
LOAD ./Drivers/BNO08x/spi_hal.o
LOAD ./Drivers/MPU-925x/mpu925x_spi_hal.o
LOAD ./Drivers/STM32L4xx_HAL_Driver/Src/stm32l4xx_hal.o
LOAD ./Drivers/STM32L4xx_HAL_Driver/Src/stm32l4xx_hal_can.o
LOAD ./Drivers/STM32L4xx_HAL_Driver/Src/stm32l4xx_hal_cortex.o
LOAD ./Drivers/STM32L4xx_HAL_Driver/Src/stm32l4xx_hal_dma.o
LOAD ./Drivers/STM32L4xx_HAL_Driver/Src/stm32l4xx_hal_dma_ex.o
LOAD ./Drivers/STM32L4xx_HAL_Driver/Src/stm32l4xx_hal_exti.o
LOAD ./Drivers/STM32L4xx_HAL_Driver/Src/stm32l4xx_hal_flash.o
LOAD ./Drivers/STM32L4xx_HAL_Driver/Src/stm32l4xx_hal_flash_ex.o
LOAD ./Drivers/STM32L4xx_HAL_Driver/Src/stm32l4xx_hal_flash_ramfunc.o
LOAD ./Drivers/STM32L4xx_HAL_Driver/Src/stm32l4xx_hal_gpio.o
LOAD ./Drivers/STM32L4xx_HAL_Driver/Src/stm32l4xx_hal_i2c.o
LOAD ./Drivers/STM32L4xx_HAL_Driver/Src/stm32l4xx_hal_i2c_ex.o
LOAD ./Drivers/STM32L4xx_HAL_Driver/Src/stm32l4xx_hal_pwr.o
LOAD ./Drivers/STM32L4xx_HAL_Driver/Src/stm32l4xx_hal_pwr_ex.o
LOAD ./Drivers/STM32L4xx_HAL_Driver/Src/stm32l4xx_hal_rcc.o
LOAD ./Drivers/STM32L4xx_HAL_Driver/Src/stm32l4xx_hal_rcc_ex.o
LOAD ./Drivers/STM32L4xx_HAL_Driver/Src/stm32l4xx_hal_spi.o
LOAD ./Drivers/STM32L4xx_HAL_Driver/Src/stm32l4xx_hal_spi_ex.o
LOAD ./Drivers/STM32L4xx_HAL_Driver/Src/stm32l4xx_hal_tim.o
LOAD ./Drivers/STM32L4xx_HAL_Driver/Src/stm32l4xx_hal_tim_ex.o
LOAD ./Drivers/STM32L4xx_HAL_Driver/Src/stm32l4xx_ll_adc.o
LOAD ./Drivers/STM32L4xx_HAL_Driver/Src/stm32l4xx_ll_dma.o
LOAD ./Drivers/STM32L4xx_HAL_Driver/Src/stm32l4xx_ll_exti.o
LOAD ./Drivers/STM32L4xx_HAL_Driver/Src/stm32l4xx_ll_gpio.o
LOAD ./Drivers/STM32L4xx_HAL_Driver/Src/stm32l4xx_ll_lptim.o
LOAD ./Drivers/STM32L4xx_HAL_Driver/Src/stm32l4xx_ll_rcc.o
LOAD ./Drivers/STM32L4xx_HAL_Driver/Src/stm32l4xx_ll_utils.o
START GROUP
LOAD c:/st/stm32cubeide_1.10.1/stm32cubeide/plugins/com.st.stm32cube.ide.mcu.externaltools.gnu-tools-for-stm32.10.3-2021.10.win32_1.0.0.202111181127/tools/bin/../lib/gcc/arm-none-eabi/10.3.1/../../../../arm-none-eabi/lib/thumb/v7e-m+fp/hard\libc_nano.a
LOAD c:/st/stm32cubeide_1.10.1/stm32cubeide/plugins/com.st.stm32cube.ide.mcu.externaltools.gnu-tools-for-stm32.10.3-2021.10.win32_1.0.0.202111181127/tools/bin/../lib/gcc/arm-none-eabi/10.3.1/../../../../arm-none-eabi/lib/thumb/v7e-m+fp/hard\libm.a
END GROUP
START GROUP
LOAD c:/st/stm32cubeide_1.10.1/stm32cubeide/plugins/com.st.stm32cube.ide.mcu.externaltools.gnu-tools-for-stm32.10.3-2021.10.win32_1.0.0.202111181127/tools/bin/../lib/gcc/arm-none-eabi/10.3.1/thumb/v7e-m+fp/hard\libgcc.a
LOAD c:/st/stm32cubeide_1.10.1/stm32cubeide/plugins/com.st.stm32cube.ide.mcu.externaltools.gnu-tools-for-stm32.10.3-2021.10.win32_1.0.0.202111181127/tools/bin/../lib/gcc/arm-none-eabi/10.3.1/../../../../arm-none-eabi/lib/thumb/v7e-m+fp/hard\libc_nano.a
END GROUP
START GROUP
LOAD c:/st/stm32cubeide_1.10.1/stm32cubeide/plugins/com.st.stm32cube.ide.mcu.externaltools.gnu-tools-for-stm32.10.3-2021.10.win32_1.0.0.202111181127/tools/bin/../lib/gcc/arm-none-eabi/10.3.1/thumb/v7e-m+fp/hard\libgcc.a
LOAD c:/st/stm32cubeide_1.10.1/stm32cubeide/plugins/com.st.stm32cube.ide.mcu.externaltools.gnu-tools-for-stm32.10.3-2021.10.win32_1.0.0.202111181127/tools/bin/../lib/gcc/arm-none-eabi/10.3.1/../../../../arm-none-eabi/lib/thumb/v7e-m+fp/hard\libc_nano.a
LOAD c:/st/stm32cubeide_1.10.1/stm32cubeide/plugins/com.st.stm32cube.ide.mcu.externaltools.gnu-tools-for-stm32.10.3-2021.10.win32_1.0.0.202111181127/tools/bin/../lib/gcc/arm-none-eabi/10.3.1/../../../../arm-none-eabi/lib/thumb/v7e-m+fp/hard\libnosys.a
END GROUP
START GROUP
LOAD c:/st/stm32cubeide_1.10.1/stm32cubeide/plugins/com.st.stm32cube.ide.mcu.externaltools.gnu-tools-for-stm32.10.3-2021.10.win32_1.0.0.202111181127/tools/bin/../lib/gcc/arm-none-eabi/10.3.1/thumb/v7e-m+fp/hard\libgcc.a
LOAD c:/st/stm32cubeide_1.10.1/stm32cubeide/plugins/com.st.stm32cube.ide.mcu.externaltools.gnu-tools-for-stm32.10.3-2021.10.win32_1.0.0.202111181127/tools/bin/../lib/gcc/arm-none-eabi/10.3.1/../../../../arm-none-eabi/lib/thumb/v7e-m+fp/hard\libc_nano.a
LOAD c:/st/stm32cubeide_1.10.1/stm32cubeide/plugins/com.st.stm32cube.ide.mcu.externaltools.gnu-tools-for-stm32.10.3-2021.10.win32_1.0.0.202111181127/tools/bin/../lib/gcc/arm-none-eabi/10.3.1/../../../../arm-none-eabi/lib/thumb/v7e-m+fp/hard\libnosys.a
END GROUP
LOAD c:/st/stm32cubeide_1.10.1/stm32cubeide/plugins/com.st.stm32cube.ide.mcu.externaltools.gnu-tools-for-stm32.10.3-2021.10.win32_1.0.0.202111181127/tools/bin/../lib/gcc/arm-none-eabi/10.3.1/thumb/v7e-m+fp/hard/crtend.o
LOAD c:/st/stm32cubeide_1.10.1/stm32cubeide/plugins/com.st.stm32cube.ide.mcu.externaltools.gnu-tools-for-stm32.10.3-2021.10.win32_1.0.0.202111181127/tools/bin/../lib/gcc/arm-none-eabi/10.3.1/thumb/v7e-m+fp/hard/crtn.o
                0x0000000020018000                _estack = (ORIGIN (RAM) + LENGTH (RAM))
                0x0000000000000200                _Min_Heap_Size = 0x200
                0x0000000000000400                _Min_Stack_Size = 0x400

.isr_vector     0x0000000008000000      0x188
                0x0000000008000000                . = ALIGN (0x4)
 *(.isr_vector)
 .isr_vector    0x0000000008000000      0x188 ./Core/Startup/startup_stm32l476rgtx.o
                0x0000000008000000                g_pfnVectors
                0x0000000008000188                . = ALIGN (0x4)

.text           0x0000000008000188     0xe834
                0x0000000008000188                . = ALIGN (0x4)
 *(.text)
 .text          0x0000000008000188       0x40 c:/st/stm32cubeide_1.10.1/stm32cubeide/plugins/com.st.stm32cube.ide.mcu.externaltools.gnu-tools-for-stm32.10.3-2021.10.win32_1.0.0.202111181127/tools/bin/../lib/gcc/arm-none-eabi/10.3.1/thumb/v7e-m+fp/hard/crtbegin.o
 .text          0x00000000080001c8      0x378 c:/st/stm32cubeide_1.10.1/stm32cubeide/plugins/com.st.stm32cube.ide.mcu.externaltools.gnu-tools-for-stm32.10.3-2021.10.win32_1.0.0.202111181127/tools/bin/../lib/gcc/arm-none-eabi/10.3.1/thumb/v7e-m+fp/hard\libgcc.a(_arm_addsubdf3.o)
                0x00000000080001c8                __aeabi_drsub
                0x00000000080001d0                __aeabi_dsub
                0x00000000080001d0                __subdf3
                0x00000000080001d4                __aeabi_dadd
                0x00000000080001d4                __adddf3
                0x000000000800044c                __floatunsidf
                0x000000000800044c                __aeabi_ui2d
                0x000000000800046c                __floatsidf
                0x000000000800046c                __aeabi_i2d
                0x0000000008000490                __aeabi_f2d
                0x0000000008000490                __extendsfdf2
                0x00000000080004d4                __floatundidf
                0x00000000080004d4                __aeabi_ul2d
                0x00000000080004e4                __floatdidf
                0x00000000080004e4                __aeabi_l2d
 .text          0x0000000008000540      0x424 c:/st/stm32cubeide_1.10.1/stm32cubeide/plugins/com.st.stm32cube.ide.mcu.externaltools.gnu-tools-for-stm32.10.3-2021.10.win32_1.0.0.202111181127/tools/bin/../lib/gcc/arm-none-eabi/10.3.1/thumb/v7e-m+fp/hard\libgcc.a(_arm_muldivdf3.o)
                0x0000000008000540                __aeabi_dmul
                0x0000000008000540                __muldf3
                0x0000000008000794                __divdf3
                0x0000000008000794                __aeabi_ddiv
 .text          0x0000000008000964      0x110 c:/st/stm32cubeide_1.10.1/stm32cubeide/plugins/com.st.stm32cube.ide.mcu.externaltools.gnu-tools-for-stm32.10.3-2021.10.win32_1.0.0.202111181127/tools/bin/../lib/gcc/arm-none-eabi/10.3.1/thumb/v7e-m+fp/hard\libgcc.a(_arm_cmpdf2.o)
                0x0000000008000964                __gtdf2
                0x0000000008000964                __gedf2
                0x000000000800096c                __ltdf2
                0x000000000800096c                __ledf2
                0x0000000008000974                __nedf2
                0x0000000008000974                __eqdf2
                0x0000000008000974                __cmpdf2
                0x00000000080009f0                __aeabi_cdrcmple
                0x0000000008000a00                __aeabi_cdcmpeq
                0x0000000008000a00                __aeabi_cdcmple
                0x0000000008000a10                __aeabi_dcmpeq
                0x0000000008000a24                __aeabi_dcmplt
                0x0000000008000a38                __aeabi_dcmple
                0x0000000008000a4c                __aeabi_dcmpge
                0x0000000008000a60                __aeabi_dcmpgt
 .text          0x0000000008000a74       0x2c c:/st/stm32cubeide_1.10.1/stm32cubeide/plugins/com.st.stm32cube.ide.mcu.externaltools.gnu-tools-for-stm32.10.3-2021.10.win32_1.0.0.202111181127/tools/bin/../lib/gcc/arm-none-eabi/10.3.1/thumb/v7e-m+fp/hard\libgcc.a(_arm_unorddf2.o)
                0x0000000008000a74                __unorddf2
                0x0000000008000a74                __aeabi_dcmpun
 .text          0x0000000008000aa0       0x50 c:/st/stm32cubeide_1.10.1/stm32cubeide/plugins/com.st.stm32cube.ide.mcu.externaltools.gnu-tools-for-stm32.10.3-2021.10.win32_1.0.0.202111181127/tools/bin/../lib/gcc/arm-none-eabi/10.3.1/thumb/v7e-m+fp/hard\libgcc.a(_arm_fixdfsi.o)
                0x0000000008000aa0                __aeabi_d2iz
                0x0000000008000aa0                __fixdfsi
 .text          0x0000000008000af0       0xa0 c:/st/stm32cubeide_1.10.1/stm32cubeide/plugins/com.st.stm32cube.ide.mcu.externaltools.gnu-tools-for-stm32.10.3-2021.10.win32_1.0.0.202111181127/tools/bin/../lib/gcc/arm-none-eabi/10.3.1/thumb/v7e-m+fp/hard\libgcc.a(_arm_truncdfsf2.o)
                0x0000000008000af0                __truncdfsf2
                0x0000000008000af0                __aeabi_d2f
 *(.text*)
 .text.LL_ADC_SetCommonPathInternalCh
                0x0000000008000b90       0x26 ./Core/Src/adc.o
 .text.LL_ADC_REG_SetSequencerRanks
                0x0000000008000bb6       0x58 ./Core/Src/adc.o
 .text.LL_ADC_SetChannelSamplingTime
                0x0000000008000c0e       0x56 ./Core/Src/adc.o
 .text.LL_ADC_SetChannelSingleDiff
                0x0000000008000c64       0x48 ./Core/Src/adc.o
 .text.LL_ADC_DisableDeepPowerDown
                0x0000000008000cac       0x24 ./Core/Src/adc.o
 .text.LL_ADC_EnableInternalRegulator
                0x0000000008000cd0       0x28 ./Core/Src/adc.o
 .text.LL_RCC_SetADCClockSource
                0x0000000008000cf8       0x2c ./Core/Src/adc.o
 .text.LL_AHB2_GRP1_EnableClock
                0x0000000008000d24       0x30 ./Core/Src/adc.o
 .text.LL_GPIO_EnablePinAnalogControl
                0x0000000008000d54       0x22 ./Core/Src/adc.o
 *fill*         0x0000000008000d76        0x2 
 .text.MX_ADC1_Init
                0x0000000008000d78      0x150 ./Core/Src/adc.o
                0x0000000008000d78                MX_ADC1_Init
 .text.MX_ADC2_Init
                0x0000000008000ec8      0x14c ./Core/Src/adc.o
                0x0000000008000ec8                MX_ADC2_Init
 .text.MX_CAN1_Init
                0x0000000008001014       0x6c ./Core/Src/can.o
                0x0000000008001014                MX_CAN1_Init
 .text.HAL_CAN_MspInit
                0x0000000008001080       0xa8 ./Core/Src/can.o
                0x0000000008001080                HAL_CAN_MspInit
 .text.MX_GPIO_Init
                0x0000000008001128      0x158 ./Core/Src/gpio.o
                0x0000000008001128                MX_GPIO_Init
 .text.__NVIC_GetPriorityGrouping
                0x0000000008001280       0x1c ./Core/Src/lptim.o
 .text.__NVIC_EnableIRQ
                0x000000000800129c       0x3c ./Core/Src/lptim.o
 .text.__NVIC_SetPriority
                0x00000000080012d8       0x54 ./Core/Src/lptim.o
 .text.NVIC_EncodePriority
                0x000000000800132c       0x66 ./Core/Src/lptim.o
 .text.LL_LPTIM_SetUpdateMode
                0x0000000008001392       0x26 ./Core/Src/lptim.o
 .text.LL_LPTIM_SetCounterMode
                0x00000000080013b8       0x26 ./Core/Src/lptim.o
 .text.LL_LPTIM_SetPolarity
                0x00000000080013de       0x26 ./Core/Src/lptim.o
 .text.LL_LPTIM_SetPrescaler
                0x0000000008001404       0x26 ./Core/Src/lptim.o
 .text.LL_LPTIM_SetInput1Src
                0x000000000800142a       0x26 ./Core/Src/lptim.o
 .text.LL_LPTIM_TrigSw
                0x0000000008001450       0x20 ./Core/Src/lptim.o
 .text.LL_LPTIM_SetClockSource
                0x0000000008001470       0x26 ./Core/Src/lptim.o
 *fill*         0x0000000008001496        0x2 
 .text.LL_RCC_SetLPTIMClockSource
                0x0000000008001498       0x34 ./Core/Src/lptim.o
 .text.LL_APB1_GRP2_EnableClock
                0x00000000080014cc       0x30 ./Core/Src/lptim.o
 .text.MX_LPTIM2_Init
                0x00000000080014fc       0x74 ./Core/Src/lptim.o
                0x00000000080014fc                MX_LPTIM2_Init
 .text.LL_ADC_Enable
                0x0000000008001570       0x28 ./Core/Src/main.o
 .text.LL_LPTIM_Enable
                0x0000000008001598       0x20 ./Core/Src/main.o
 .text.LL_LPTIM_StartCounter
                0x00000000080015b8       0x26 ./Core/Src/main.o
 .text.LL_LPTIM_SetAutoReload
                0x00000000080015de       0x26 ./Core/Src/main.o
 .text.LL_LPTIM_EnableIT_ARRM
                0x0000000008001604       0x20 ./Core/Src/main.o
 .text.LL_RCC_HSE_Enable
                0x0000000008001624       0x20 ./Core/Src/main.o
 .text.LL_RCC_HSE_IsReady
                0x0000000008001644       0x28 ./Core/Src/main.o
 .text.LL_RCC_LSI_Enable
                0x000000000800166c       0x24 ./Core/Src/main.o
 .text.LL_RCC_LSI_IsReady
                0x0000000008001690       0x28 ./Core/Src/main.o
 .text.LL_RCC_SetSysClkSource
                0x00000000080016b8       0x28 ./Core/Src/main.o
 .text.LL_RCC_GetSysClkSource
                0x00000000080016e0       0x1c ./Core/Src/main.o
 .text.LL_RCC_SetAHBPrescaler
                0x00000000080016fc       0x28 ./Core/Src/main.o
 .text.LL_RCC_SetAPB1Prescaler
                0x0000000008001724       0x28 ./Core/Src/main.o
 .text.LL_RCC_SetAPB2Prescaler
                0x000000000800174c       0x28 ./Core/Src/main.o
 .text.LL_RCC_PLL_Enable
                0x0000000008001774       0x20 ./Core/Src/main.o
 .text.LL_RCC_PLL_IsReady
                0x0000000008001794       0x28 ./Core/Src/main.o
 .text.LL_RCC_PLL_ConfigDomain_SYS
                0x00000000080017bc       0x40 ./Core/Src/main.o
 .text.LL_RCC_PLL_EnableDomain_SYS
                0x00000000080017fc       0x20 ./Core/Src/main.o
 .text.LL_FLASH_SetLatency
                0x000000000800181c       0x28 ./Core/Src/main.o
 .text.LL_FLASH_GetLatency
                0x0000000008001844       0x1c ./Core/Src/main.o
 .text.LL_PWR_SetRegulVoltageScaling
                0x0000000008001860       0x28 ./Core/Src/main.o
 .text.main     0x0000000008001888      0x298 ./Core/Src/main.o
                0x0000000008001888                main
 .text.SystemClock_Config
                0x0000000008001b20       0xa0 ./Core/Src/main.o
                0x0000000008001b20                SystemClock_Config
 .text.Error_Handler
                0x0000000008001bc0        0xa ./Core/Src/main.o
                0x0000000008001bc0                Error_Handler
 .text.LL_ADC_REG_StartConversion
                0x0000000008001bca       0x28 ./Core/Src/prosthesis_v2.o
 .text.LL_ADC_REG_ReadConversionData12
                0x0000000008001bf2       0x1a ./Core/Src/prosthesis_v2.o
 .text.LL_ADC_IsActiveFlag_EOC
                0x0000000008001c0c       0x26 ./Core/Src/prosthesis_v2.o
 .text.LL_GPIO_SetOutputPin
                0x0000000008001c32       0x1c ./Core/Src/prosthesis_v2.o
 .text.LL_GPIO_ResetOutputPin
                0x0000000008001c4e       0x1c ./Core/Src/prosthesis_v2.o
 *fill*         0x0000000008001c6a        0x2 
 .text.InitProsthesisControl
                0x0000000008001c6c      0x2f4 ./Core/Src/prosthesis_v2.o
                0x0000000008001c6c                InitProsthesisControl
 .text.RunProsthesisControl
                0x0000000008001f60      0x104 ./Core/Src/prosthesis_v2.o
                0x0000000008001f60                RunProsthesisControl
 .text.ActivateLED
                0x0000000008002064       0xb4 ./Core/Src/prosthesis_v2.o
                0x0000000008002064                ActivateLED
 .text.ErrorHandler
                0x0000000008002118       0x64 ./Core/Src/prosthesis_v2.o
                0x0000000008002118                ErrorHandler
 .text.InitStateVals
                0x000000000800217c      0x320 ./Core/Src/prosthesis_v2.o
 *fill*         0x000000000800249c        0x4 
 .text.GetInputs
                0x00000000080024a0      0x210 ./Core/Src/prosthesis_v2.o
 .text.ReadLoadCell
                0x00000000080026b0       0x2c ./Core/Src/prosthesis_v2.o
 *fill*         0x00000000080026dc        0x4 
 .text.ProcessInputs
                0x00000000080026e0      0x788 ./Core/Src/prosthesis_v2.o
 .text.RunStateMachine
                0x0000000008002e68      0x224 ./Core/Src/prosthesis_v2.o
 .text.SetStateVals
                0x000000000800308c       0xec ./Core/Src/prosthesis_v2.o
 .text.GetCPV   0x0000000008003178      0x67c ./Core/Src/prosthesis_v2.o
 .text.GetTimeBasedCPV
                0x00000000080037f4       0xf0 ./Core/Src/prosthesis_v2.o
 .text.GetSegmentConstants
                0x00000000080038e4      0x1e4 ./Core/Src/prosthesis_v2.o
 .text.GetThirdOrderSegmentConstants
                0x0000000008003ac8       0xe6 ./Core/Src/prosthesis_v2.o
 .text.GetSecondOrderSegmentConstants
                0x0000000008003bae       0x7c ./Core/Src/prosthesis_v2.o
 *fill*         0x0000000008003c2a        0x2 
 .text.GetTrajectory
                0x0000000008003c2c      0x278 ./Core/Src/prosthesis_v2.o
 *fill*         0x0000000008003ea4        0x4 
 .text.GetTimeBasedTrajectory
                0x0000000008003ea8      0x12c ./Core/Src/prosthesis_v2.o
 .text.SetCtrlParams
                0x0000000008003fd4      0x840 ./Core/Src/prosthesis_v2.o
 .text.RunPassiveEmulation
                0x0000000008004814       0xfc ./Core/Src/prosthesis_v2.o
 .text.CheckMotorCalls
                0x0000000008004910       0xdc ./Core/Src/prosthesis_v2.o
 *fill*         0x00000000080049ec        0x4 
 .text.ServiceMotor
                0x00000000080049f0      0x3b4 ./Core/Src/prosthesis_v2.o
 .text.HAL_SPI_TxCpltCallback
                0x0000000008004da4       0x20 ./Core/Src/prosthesis_v2.o
                0x0000000008004da4                HAL_SPI_TxCpltCallback
 .text.HAL_SPI_RxCpltCallback
                0x0000000008004dc4       0x20 ./Core/Src/prosthesis_v2.o
                0x0000000008004dc4                HAL_SPI_RxCpltCallback
 .text.HAL_CAN_RxFifo0MsgPendingCallback
                0x0000000008004de4       0x30 ./Core/Src/prosthesis_v2.o
                0x0000000008004de4                HAL_CAN_RxFifo0MsgPendingCallback
 .text.HAL_CAN_RxFifo1MsgPendingCallback
                0x0000000008004e14       0x30 ./Core/Src/prosthesis_v2.o
                0x0000000008004e14                HAL_CAN_RxFifo1MsgPendingCallback
 .text.MX_SPI1_Init
                0x0000000008004e44       0x7c ./Core/Src/spi.o
                0x0000000008004e44                MX_SPI1_Init
 .text.HAL_SPI_MspInit
                0x0000000008004ec0       0x94 ./Core/Src/spi.o
                0x0000000008004ec0                HAL_SPI_MspInit
 .text.HAL_SPI_MspDeInit
                0x0000000008004f54       0x40 ./Core/Src/spi.o
                0x0000000008004f54                HAL_SPI_MspDeInit
 .text.HAL_MspInit
                0x0000000008004f94       0x48 ./Core/Src/stm32l4xx_hal_msp.o
                0x0000000008004f94                HAL_MspInit
 .text.LL_LPTIM_ClearFLAG_ARRM
                0x0000000008004fdc       0x20 ./Core/Src/stm32l4xx_it.o
 .text.LL_LPTIM_IsActiveFlag_ARRM
                0x0000000008004ffc       0x26 ./Core/Src/stm32l4xx_it.o
 .text.NMI_Handler
                0x0000000008005022        0x6 ./Core/Src/stm32l4xx_it.o
                0x0000000008005022                NMI_Handler
 .text.HardFault_Handler
                0x0000000008005028        0x6 ./Core/Src/stm32l4xx_it.o
                0x0000000008005028                HardFault_Handler
 .text.MemManage_Handler
                0x000000000800502e        0x6 ./Core/Src/stm32l4xx_it.o
                0x000000000800502e                MemManage_Handler
 .text.BusFault_Handler
                0x0000000008005034        0x6 ./Core/Src/stm32l4xx_it.o
                0x0000000008005034                BusFault_Handler
 .text.UsageFault_Handler
                0x000000000800503a        0x6 ./Core/Src/stm32l4xx_it.o
                0x000000000800503a                UsageFault_Handler
 .text.SVC_Handler
                0x0000000008005040        0xe ./Core/Src/stm32l4xx_it.o
                0x0000000008005040                SVC_Handler
 .text.DebugMon_Handler
                0x000000000800504e        0xe ./Core/Src/stm32l4xx_it.o
                0x000000000800504e                DebugMon_Handler
 .text.PendSV_Handler
                0x000000000800505c        0xe ./Core/Src/stm32l4xx_it.o
                0x000000000800505c                PendSV_Handler
 .text.SysTick_Handler
                0x000000000800506a        0xc ./Core/Src/stm32l4xx_it.o
                0x000000000800506a                SysTick_Handler
 *fill*         0x0000000008005076        0x2 
 .text.CAN1_RX0_IRQHandler
                0x0000000008005078       0x14 ./Core/Src/stm32l4xx_it.o
                0x0000000008005078                CAN1_RX0_IRQHandler
 .text.CAN1_RX1_IRQHandler
                0x000000000800508c       0x14 ./Core/Src/stm32l4xx_it.o
                0x000000000800508c                CAN1_RX1_IRQHandler
 .text.EXTI9_5_IRQHandler
                0x00000000080050a0        0xe ./Core/Src/stm32l4xx_it.o
                0x00000000080050a0                EXTI9_5_IRQHandler
 *fill*         0x00000000080050ae        0x2 
 .text.SPI1_IRQHandler
                0x00000000080050b0       0x14 ./Core/Src/stm32l4xx_it.o
                0x00000000080050b0                SPI1_IRQHandler
 .text.LPTIM2_IRQHandler
                0x00000000080050c4       0x28 ./Core/Src/stm32l4xx_it.o
                0x00000000080050c4                LPTIM2_IRQHandler
 .text.SystemInit
                0x00000000080050ec       0x24 ./Core/Src/system_stm32l4xx.o
                0x00000000080050ec                SystemInit
 .text.MX_TIM2_Init
                0x0000000008005110       0x9c ./Core/Src/tim.o
                0x0000000008005110                MX_TIM2_Init
 .text.HAL_TIM_Base_MspInit
                0x00000000080051ac       0x3c ./Core/Src/tim.o
                0x00000000080051ac                HAL_TIM_Base_MspInit
 .text.Utils_QuaternionToYPR
                0x00000000080051e8      0x208 ./Core/Src/utilities.o
                0x00000000080051e8                Utils_QuaternionToYPR
 .text.Utils_RotateQuaternion
                0x00000000080053f0      0x2c4 ./Core/Src/utilities.o
                0x00000000080053f0                Utils_RotateQuaternion
 .text.Utils_Normalize
                0x00000000080056b4       0xd0 ./Core/Src/utilities.o
                0x00000000080056b4                Utils_Normalize
 .text.Utils_LinearInterpolate
                0x0000000008005784       0x74 ./Core/Src/utilities.o
                0x0000000008005784                Utils_LinearInterpolate
 .text.Reset_Handler
                0x00000000080057f8       0x50 ./Core/Startup/startup_stm32l476rgtx.o
                0x00000000080057f8                Reset_Handler
 .text.Default_Handler
                0x0000000008005848        0x2 ./Core/Startup/startup_stm32l476rgtx.o
                0x0000000008005848                RTC_Alarm_IRQHandler
                0x0000000008005848                EXTI2_IRQHandler
                0x0000000008005848                TIM8_TRG_COM_IRQHandler
                0x0000000008005848                TIM8_CC_IRQHandler
                0x0000000008005848                TIM1_CC_IRQHandler
                0x0000000008005848                TSC_IRQHandler
                0x0000000008005848                TAMP_STAMP_IRQHandler
                0x0000000008005848                EXTI3_IRQHandler
                0x0000000008005848                DFSDM1_FLT1_IRQHandler
                0x0000000008005848                I2C3_ER_IRQHandler
                0x0000000008005848                DFSDM1_FLT2_IRQHandler
                0x0000000008005848                EXTI0_IRQHandler
                0x0000000008005848                I2C2_EV_IRQHandler
                0x0000000008005848                FPU_IRQHandler
                0x0000000008005848                TIM1_UP_TIM16_IRQHandler
                0x0000000008005848                ADC1_2_IRQHandler
                0x0000000008005848                TIM6_DAC_IRQHandler
                0x0000000008005848                TIM8_UP_IRQHandler
                0x0000000008005848                DMA2_Channel2_IRQHandler
                0x0000000008005848                DMA1_Channel4_IRQHandler
                0x0000000008005848                SAI2_IRQHandler
                0x0000000008005848                DFSDM1_FLT3_IRQHandler
                0x0000000008005848                USART3_IRQHandler
                0x0000000008005848                DMA1_Channel7_IRQHandler
                0x0000000008005848                LCD_IRQHandler
                0x0000000008005848                UART5_IRQHandler
                0x0000000008005848                ADC3_IRQHandler
                0x0000000008005848                TIM4_IRQHandler
                0x0000000008005848                DMA2_Channel1_IRQHandler
                0x0000000008005848                QUADSPI_IRQHandler
                0x0000000008005848                I2C1_EV_IRQHandler
                0x0000000008005848                DMA1_Channel6_IRQHandler
                0x0000000008005848                UART4_IRQHandler
                0x0000000008005848                DMA2_Channel4_IRQHandler
                0x0000000008005848                TIM3_IRQHandler
                0x0000000008005848                RCC_IRQHandler
                0x0000000008005848                DMA1_Channel1_IRQHandler
                0x0000000008005848                Default_Handler
                0x0000000008005848                DMA2_Channel7_IRQHandler
                0x0000000008005848                EXTI15_10_IRQHandler
                0x0000000008005848                TIM7_IRQHandler
                0x0000000008005848                SDMMC1_IRQHandler
                0x0000000008005848                TIM5_IRQHandler
                0x0000000008005848                I2C3_EV_IRQHandler
                0x0000000008005848                RTC_WKUP_IRQHandler
                0x0000000008005848                PVD_PVM_IRQHandler
                0x0000000008005848                SPI2_IRQHandler
                0x0000000008005848                CAN1_TX_IRQHandler
                0x0000000008005848                DMA2_Channel5_IRQHandler
                0x0000000008005848                DMA1_Channel5_IRQHandler
                0x0000000008005848                EXTI4_IRQHandler
                0x0000000008005848                RNG_IRQHandler
                0x0000000008005848                TIM1_TRG_COM_TIM17_IRQHandler
                0x0000000008005848                DMA1_Channel3_IRQHandler
                0x0000000008005848                COMP_IRQHandler
                0x0000000008005848                WWDG_IRQHandler
                0x0000000008005848                LPUART1_IRQHandler
                0x0000000008005848                DMA2_Channel6_IRQHandler
                0x0000000008005848                TIM2_IRQHandler
                0x0000000008005848                EXTI1_IRQHandler
                0x0000000008005848                USART2_IRQHandler
                0x0000000008005848                DFSDM1_FLT0_IRQHandler
                0x0000000008005848                I2C2_ER_IRQHandler
                0x0000000008005848                DMA1_Channel2_IRQHandler
                0x0000000008005848                TIM8_BRK_IRQHandler
                0x0000000008005848                CAN1_SCE_IRQHandler
                0x0000000008005848                FLASH_IRQHandler
                0x0000000008005848                USART1_IRQHandler
                0x0000000008005848                OTG_FS_IRQHandler
                0x0000000008005848                SPI3_IRQHandler
                0x0000000008005848                I2C1_ER_IRQHandler
                0x0000000008005848                FMC_IRQHandler
                0x0000000008005848                SWPMI1_IRQHandler
                0x0000000008005848                LPTIM1_IRQHandler
                0x0000000008005848                SAI1_IRQHandler
                0x0000000008005848                DMA2_Channel3_IRQHandler
                0x0000000008005848                TIM1_BRK_TIM15_IRQHandler
 *fill*         0x000000000800584a        0x2 
 .text.AKxx_x_Init
                0x000000000800584c      0x178 ./Drivers/AKxx-x/akxx-x.o
                0x000000000800584c                AKxx_x_Init
 .text.AKxx_x_ReadMotor
                0x00000000080059c4       0x1c ./Drivers/AKxx-x/akxx-x.o
                0x00000000080059c4                AKxx_x_ReadMotor
 .text.AKxx_x_WriteMotor
                0x00000000080059e0       0x40 ./Drivers/AKxx-x/akxx-x.o
                0x00000000080059e0                AKxx_x_WriteMotor
 .text.AKxx_x_EnterMotorCtrlMode
                0x0000000008005a20       0x3c ./Drivers/AKxx-x/akxx-x.o
                0x0000000008005a20                AKxx_x_EnterMotorCtrlMode
 .text.AKxx_x_ExitMotorCtrlMode
                0x0000000008005a5c       0x8c ./Drivers/AKxx-x/akxx-x.o
                0x0000000008005a5c                AKxx_x_ExitMotorCtrlMode
 .text.AKxx_x_ZeroMotorPosition
                0x0000000008005ae8       0x8c ./Drivers/AKxx-x/akxx-x.o
                0x0000000008005ae8                AKxx_x_ZeroMotorPosition
 .text.AKxx_x_PollTxMessagePendingWith10msTimeout
                0x0000000008005b74       0x50 ./Drivers/AKxx-x/akxx-x.o
                0x0000000008005b74                AKxx_x_PollTxMessagePendingWith10msTimeout
 .text.AKxx_x_PollMotorReadWith10msTimeout
                0x0000000008005bc4       0x8c ./Drivers/AKxx-x/akxx-x.o
                0x0000000008005bc4                AKxx_x_PollMotorReadWith10msTimeout
 .text.ReadData
                0x0000000008005c50       0x40 ./Drivers/AKxx-x/akxx-x.o
 .text.WriteData
                0x0000000008005c90       0x70 ./Drivers/AKxx-x/akxx-x.o
 .text.EnterMotorCtrlMode
                0x0000000008005d00       0x74 ./Drivers/AKxx-x/akxx-x.o
 .text.PackData
                0x0000000008005d74      0x178 ./Drivers/AKxx-x/akxx-x.o
 .text.UnpackData
                0x0000000008005eec      0x14c ./Drivers/AKxx-x/akxx-x.o
 .text.UintToFloat
                0x0000000008006038       0xa4 ./Drivers/AKxx-x/akxx-x.o
 .text.FloatToUint
                0x00000000080060dc       0xc8 ./Drivers/AKxx-x/akxx-x.o
 .text.opStart  0x00000000080061a4       0x4a ./Drivers/BNO08x/SH2/sh2.o
 .text.opRx     0x00000000080061ee       0x36 ./Drivers/BNO08x/SH2/sh2.o
 .text.opCompleted
                0x0000000008006224       0x24 ./Drivers/BNO08x/SH2/sh2.o
 .text.opOnReset
                0x0000000008006248       0x38 ./Drivers/BNO08x/SH2/sh2.o
 .text.getReportLen
                0x0000000008006280       0x48 ./Drivers/BNO08x/SH2/sh2.o
 .text.sensorhubControlHdlr
                0x00000000080062c8      0x164 ./Drivers/BNO08x/SH2/sh2.o
 .text.opProcess
                0x000000000800642c       0xa8 ./Drivers/BNO08x/SH2/sh2.o
 .text.touSTimestamp
                0x00000000080064d4       0x88 ./Drivers/BNO08x/SH2/sh2.o
 .text.sensorhubInputHdlr
                0x000000000800655c      0x162 ./Drivers/BNO08x/SH2/sh2.o
 .text.sensorhubInputNormalHdlr
                0x00000000080066be       0x28 ./Drivers/BNO08x/SH2/sh2.o
 .text.sensorhubInputWakeHdlr
                0x00000000080066e6       0x28 ./Drivers/BNO08x/SH2/sh2.o
 .text.sensorhubInputGyroRvHdlr
                0x000000000800670e       0xa2 ./Drivers/BNO08x/SH2/sh2.o
 .text.executableDeviceHdlr
                0x00000000080067b0       0x78 ./Drivers/BNO08x/SH2/sh2.o
 .text.sendCtrl
                0x0000000008006828       0x26 ./Drivers/BNO08x/SH2/sh2.o
 .text.setSensorConfigStart
                0x000000000800684e       0xda ./Drivers/BNO08x/SH2/sh2.o
 .text.shtpEventCallback
                0x0000000008006928       0x44 ./Drivers/BNO08x/SH2/sh2.o
 .text.sh2_open
                0x000000000800696c      0x134 ./Drivers/BNO08x/SH2/sh2.o
                0x000000000800696c                sh2_open
 .text.sh2_service
                0x0000000008006aa0       0x28 ./Drivers/BNO08x/SH2/sh2.o
                0x0000000008006aa0                sh2_service
 .text.sh2_setSensorCallback
                0x0000000008006ac8       0x2c ./Drivers/BNO08x/SH2/sh2.o
                0x0000000008006ac8                sh2_setSensorCallback
 .text.sh2_setSensorConfig
                0x0000000008006af4       0x54 ./Drivers/BNO08x/SH2/sh2.o
                0x0000000008006af4                sh2_setSensorConfig
 .text.sh2_decodeSensorEvent
                0x0000000008006b48      0x318 ./Drivers/BNO08x/SH2/sh2_SensorValue.o
                0x0000000008006b48                sh2_decodeSensorEvent
 .text.decodeRawAccelerometer
                0x0000000008006e60       0x5c ./Drivers/BNO08x/SH2/sh2_SensorValue.o
 .text.decodeAccelerometer
                0x0000000008006ebc       0x80 ./Drivers/BNO08x/SH2/sh2_SensorValue.o
 .text.decodeLinearAcceleration
                0x0000000008006f3c       0x80 ./Drivers/BNO08x/SH2/sh2_SensorValue.o
 .text.decodeGravity
                0x0000000008006fbc       0x80 ./Drivers/BNO08x/SH2/sh2_SensorValue.o
 .text.decodeRawGyroscope
                0x000000000800703c       0x6e ./Drivers/BNO08x/SH2/sh2_SensorValue.o
 *fill*         0x00000000080070aa        0x2 
 .text.decodeGyroscopeCalibrated
                0x00000000080070ac       0x80 ./Drivers/BNO08x/SH2/sh2_SensorValue.o
 .text.decodeGyroscopeUncal
                0x000000000800712c       0xe4 ./Drivers/BNO08x/SH2/sh2_SensorValue.o
 .text.decodeRawMagnetometer
                0x0000000008007210       0x5c ./Drivers/BNO08x/SH2/sh2_SensorValue.o
 .text.decodeMagneticFieldCalibrated
                0x000000000800726c       0x80 ./Drivers/BNO08x/SH2/sh2_SensorValue.o
 .text.decodeMagneticFieldUncal
                0x00000000080072ec       0xe4 ./Drivers/BNO08x/SH2/sh2_SensorValue.o
 .text.decodeRotationVector
                0x00000000080073d0       0xc8 ./Drivers/BNO08x/SH2/sh2_SensorValue.o
 .text.decodeGameRotationVector
                0x0000000008007498       0xa0 ./Drivers/BNO08x/SH2/sh2_SensorValue.o
 .text.decodeGeomagneticRotationVector
                0x0000000008007538       0xc8 ./Drivers/BNO08x/SH2/sh2_SensorValue.o
 .text.decodePressure
                0x0000000008007600       0x38 ./Drivers/BNO08x/SH2/sh2_SensorValue.o
 .text.decodeAmbientLight
                0x0000000008007638       0x38 ./Drivers/BNO08x/SH2/sh2_SensorValue.o
 .text.decodeHumidity
                0x0000000008007670       0x3c ./Drivers/BNO08x/SH2/sh2_SensorValue.o
 .text.decodeProximity
                0x00000000080076ac       0x3c ./Drivers/BNO08x/SH2/sh2_SensorValue.o
 .text.decodeTemperature
                0x00000000080076e8       0x3c ./Drivers/BNO08x/SH2/sh2_SensorValue.o
 .text.decodeReserved
                0x0000000008007724       0x3c ./Drivers/BNO08x/SH2/sh2_SensorValue.o
 .text.decodeTapDetector
                0x0000000008007760       0x20 ./Drivers/BNO08x/SH2/sh2_SensorValue.o
 .text.decodeStepDetector
                0x0000000008007780       0x24 ./Drivers/BNO08x/SH2/sh2_SensorValue.o
 .text.decodeStepCounter
                0x00000000080077a4       0x36 ./Drivers/BNO08x/SH2/sh2_SensorValue.o
 .text.decodeSignificantMotion
                0x00000000080077da       0x26 ./Drivers/BNO08x/SH2/sh2_SensorValue.o
 .text.decodeStabilityClassifier
                0x0000000008007800       0x20 ./Drivers/BNO08x/SH2/sh2_SensorValue.o
 .text.decodeShakeDetector
                0x0000000008007820       0x26 ./Drivers/BNO08x/SH2/sh2_SensorValue.o
 .text.decodeFlipDetector
                0x0000000008007846       0x26 ./Drivers/BNO08x/SH2/sh2_SensorValue.o
 .text.decodePickupDetector
                0x000000000800786c       0x26 ./Drivers/BNO08x/SH2/sh2_SensorValue.o
 .text.decodeStabilityDetector
                0x0000000008007892       0x26 ./Drivers/BNO08x/SH2/sh2_SensorValue.o
 .text.decodePersonalActivityClassifier
                0x00000000080078b8       0x66 ./Drivers/BNO08x/SH2/sh2_SensorValue.o
 .text.decodeSleepDetector
                0x000000000800791e       0x20 ./Drivers/BNO08x/SH2/sh2_SensorValue.o
 .text.decodeTiltDetector
                0x000000000800793e       0x26 ./Drivers/BNO08x/SH2/sh2_SensorValue.o
 .text.decodePocketDetector
                0x0000000008007964       0x26 ./Drivers/BNO08x/SH2/sh2_SensorValue.o
 .text.decodeCircleDetector
                0x000000000800798a       0x26 ./Drivers/BNO08x/SH2/sh2_SensorValue.o
 .text.decodeHeartRateMonitor
                0x00000000080079b0       0x26 ./Drivers/BNO08x/SH2/sh2_SensorValue.o
 *fill*         0x00000000080079d6        0x2 
 .text.decodeArvrStabilizedRV
                0x00000000080079d8       0xc8 ./Drivers/BNO08x/SH2/sh2_SensorValue.o
 .text.decodeArvrStabilizedGRV
                0x0000000008007aa0       0xa0 ./Drivers/BNO08x/SH2/sh2_SensorValue.o
 .text.decodeGyroIntegratedRV
                0x0000000008007b40      0x10c ./Drivers/BNO08x/SH2/sh2_SensorValue.o
 .text.decodeIZroRequest
                0x0000000008007c4c       0x28 ./Drivers/BNO08x/SH2/sh2_SensorValue.o
 .text.decodeRawOptFlow
                0x0000000008007c74       0xfa ./Drivers/BNO08x/SH2/sh2_SensorValue.o
 *fill*         0x0000000008007d6e        0x2 
 .text.decodeDeadReckoningPose
                0x0000000008007d70      0x1d4 ./Drivers/BNO08x/SH2/sh2_SensorValue.o
 .text.decodeWheelEncoder
                0x0000000008007f44       0x5c ./Drivers/BNO08x/SH2/sh2_SensorValue.o
 .text.readu16  0x0000000008007fa0       0x2c ./Drivers/BNO08x/SH2/sh2_util.o
                0x0000000008007fa0                readu16
 .text.readu32  0x0000000008007fcc       0x3c ./Drivers/BNO08x/SH2/sh2_util.o
                0x0000000008007fcc                readu32
 .text.read8    0x0000000008008008       0x1e ./Drivers/BNO08x/SH2/sh2_util.o
                0x0000000008008008                read8
 .text.read16   0x0000000008008026       0x2c ./Drivers/BNO08x/SH2/sh2_util.o
                0x0000000008008026                read16
 .text.read32   0x0000000008008052       0x3c ./Drivers/BNO08x/SH2/sh2_util.o
                0x0000000008008052                read32
 *fill*         0x000000000800808e        0x2 
 .text.shtp_init
                0x0000000008008090       0x44 ./Drivers/BNO08x/SH2/shtp.o
 .text.getInstance
                0x00000000080080d4       0x50 ./Drivers/BNO08x/SH2/shtp.o
 .text.min_u16  0x0000000008008124       0x2a ./Drivers/BNO08x/SH2/shtp.o
 .text.txProcess
                0x000000000800814e      0x15c ./Drivers/BNO08x/SH2/shtp.o
 .text.rxAssemble
                0x00000000080082aa      0x2be ./Drivers/BNO08x/SH2/shtp.o
 .text.shtp_open
                0x0000000008008568       0x68 ./Drivers/BNO08x/SH2/shtp.o
                0x0000000008008568                shtp_open
 .text.shtp_setEventCallback
                0x00000000080085d0       0x28 ./Drivers/BNO08x/SH2/shtp.o
                0x00000000080085d0                shtp_setEventCallback
 .text.shtp_listenChan
                0x00000000080085f8       0x60 ./Drivers/BNO08x/SH2/shtp.o
                0x00000000080085f8                shtp_listenChan
 .text.shtp_send
                0x0000000008008658       0x62 ./Drivers/BNO08x/SH2/shtp.o
                0x0000000008008658                shtp_send
 .text.shtp_service
                0x00000000080086ba       0x4c ./Drivers/BNO08x/SH2/shtp.o
                0x00000000080086ba                shtp_service
 *fill*         0x0000000008008706        0x2 
 .text.BNO08x_Init
                0x0000000008008708       0x70 ./Drivers/BNO08x/bno08x_spi_hal.o
                0x0000000008008708                BNO08x_Init
 .text.BNO08x_StartReports
                0x0000000008008778       0x1c ./Drivers/BNO08x/bno08x_spi_hal.o
                0x0000000008008778                BNO08x_StartReports
 .text.BNO08x_ReadSensors
                0x0000000008008794       0x1c ./Drivers/BNO08x/bno08x_spi_hal.o
                0x0000000008008794                BNO08x_ReadSensors
 .text.StartReports
                0x00000000080087b0       0x60 ./Drivers/BNO08x/bno08x_spi_hal.o
 .text.EventHandler
                0x0000000008008810       0x28 ./Drivers/BNO08x/bno08x_spi_hal.o
 .text.ReadEvent
                0x0000000008008838       0x8c ./Drivers/BNO08x/bno08x_spi_hal.o
 .text.bootn    0x00000000080088c4       0x24 ./Drivers/BNO08x/spi_hal.o
 .text.rstn     0x00000000080088e8       0x24 ./Drivers/BNO08x/spi_hal.o
 .text.ps0_waken
                0x000000000800890c       0x24 ./Drivers/BNO08x/spi_hal.o
 .text.ps1      0x0000000008008930       0x24 ./Drivers/BNO08x/spi_hal.o
 .text.csn      0x0000000008008954       0x24 ./Drivers/BNO08x/spi_hal.o
 .text.timeNowUs
                0x0000000008008978       0x18 ./Drivers/BNO08x/spi_hal.o
 .text.hal_init_timer
                0x0000000008008990       0x14 ./Drivers/BNO08x/spi_hal.o
 .text.spiDummyOp
                0x00000000080089a4       0x28 ./Drivers/BNO08x/spi_hal.o
 .text.hal_init_hw
                0x00000000080089cc       0x16 ./Drivers/BNO08x/spi_hal.o
 .text.enableInts
                0x00000000080089e2       0x14 ./Drivers/BNO08x/spi_hal.o
 .text.disableInts
                0x00000000080089f6       0x14 ./Drivers/BNO08x/spi_hal.o
 *fill*         0x0000000008008a0a        0x2 
 .text.spiActivate
                0x0000000008008a0c       0x88 ./Drivers/BNO08x/spi_hal.o
 .text.spiCompleted
                0x0000000008008a94       0xf0 ./Drivers/BNO08x/spi_hal.o
 .text.HAL_GPIO_EXTI_Callback
                0x0000000008008b84       0x38 ./Drivers/BNO08x/spi_hal.o
                0x0000000008008b84                HAL_GPIO_EXTI_Callback
 .text.HAL_SPI_TxRxCpltCallback
                0x0000000008008bbc       0x20 ./Drivers/BNO08x/spi_hal.o
                0x0000000008008bbc                HAL_SPI_TxRxCpltCallback
 .text.delayUs  0x0000000008008bdc       0x34 ./Drivers/BNO08x/spi_hal.o
                0x0000000008008bdc                delayUs
 .text.resetDelayUs
                0x0000000008008c10       0x40 ./Drivers/BNO08x/spi_hal.o
                0x0000000008008c10                resetDelayUs
 .text.sh2_spi_hal_open
                0x0000000008008c50       0xb4 ./Drivers/BNO08x/spi_hal.o
 .text.sh2_spi_hal_close
                0x0000000008008d04       0x74 ./Drivers/BNO08x/spi_hal.o
 .text.sh2_spi_hal_read
                0x0000000008008d78       0x78 ./Drivers/BNO08x/spi_hal.o
 .text.sh2_spi_hal_write
                0x0000000008008df0       0x70 ./Drivers/BNO08x/spi_hal.o
 .text.sh2_spi_hal_getTimeUs
                0x0000000008008e60       0x16 ./Drivers/BNO08x/spi_hal.o
 *fill*         0x0000000008008e76        0x2 
 .text.sh2_hal_init
                0x0000000008008e78       0x48 ./Drivers/BNO08x/spi_hal.o
                0x0000000008008e78                sh2_hal_init
 .text.LL_GPIO_SetOutputPin
                0x0000000008008ec0       0x1c ./Drivers/MPU-925x/mpu925x_spi_hal.o
 .text.LL_GPIO_ResetOutputPin
                0x0000000008008edc       0x1c ./Drivers/MPU-925x/mpu925x_spi_hal.o
 .text.MPU925x_Init
                0x0000000008008ef8       0x68 ./Drivers/MPU-925x/mpu925x_spi_hal.o
                0x0000000008008ef8                MPU925x_Init
 .text.MPU925x_SetGyroSensitivity
                0x0000000008008f60      0x158 ./Drivers/MPU-925x/mpu925x_spi_hal.o
                0x0000000008008f60                MPU925x_SetGyroSensitivity
 .text.MPU925x_StartReadIMU_IT
                0x00000000080090b8       0x3c ./Drivers/MPU-925x/mpu925x_spi_hal.o
                0x00000000080090b8                MPU925x_StartReadIMU_IT
 .text.MPU925x_ReadIMU_IT
                0x00000000080090f4       0x38 ./Drivers/MPU-925x/mpu925x_spi_hal.o
                0x00000000080090f4                MPU925x_ReadIMU_IT
 .text.MPU925x_ConvertIMU_Data
                0x000000000800912c      0x164 ./Drivers/MPU-925x/mpu925x_spi_hal.o
                0x000000000800912c                MPU925x_ConvertIMU_Data
 .text.MPU925x_ClearChipSelect
                0x0000000008009290       0x30 ./Drivers/MPU-925x/mpu925x_spi_hal.o
                0x0000000008009290                MPU925x_ClearChipSelect
 .text.MPU925x_SetChipSelect
                0x00000000080092c0       0x30 ./Drivers/MPU-925x/mpu925x_spi_hal.o
                0x00000000080092c0                MPU925x_SetChipSelect
 .text.ReadRegData
                0x00000000080092f0       0x68 ./Drivers/MPU-925x/mpu925x_spi_hal.o
 .text.ReadData_IT
                0x0000000008009358       0x34 ./Drivers/MPU-925x/mpu925x_spi_hal.o
 .text.WriteRegData
                0x000000000800938c       0x5c ./Drivers/MPU-925x/mpu925x_spi_hal.o
 .text.WriteData_IT
                0x00000000080093e8       0x34 ./Drivers/MPU-925x/mpu925x_spi_hal.o
 .text.ClearChipSelect
                0x000000000800941c       0x38 ./Drivers/MPU-925x/mpu925x_spi_hal.o
 .text.SetChipSelect
                0x0000000008009454       0x38 ./Drivers/MPU-925x/mpu925x_spi_hal.o
 .text.HAL_Init
                0x000000000800948c       0x30 ./Drivers/STM32L4xx_HAL_Driver/Src/stm32l4xx_hal.o
                0x000000000800948c                HAL_Init
 .text.HAL_InitTick
                0x00000000080094bc       0x78 ./Drivers/STM32L4xx_HAL_Driver/Src/stm32l4xx_hal.o
                0x00000000080094bc                HAL_InitTick
 .text.HAL_IncTick
                0x0000000008009534       0x28 ./Drivers/STM32L4xx_HAL_Driver/Src/stm32l4xx_hal.o
                0x0000000008009534                HAL_IncTick
 .text.HAL_GetTick
                0x000000000800955c       0x18 ./Drivers/STM32L4xx_HAL_Driver/Src/stm32l4xx_hal.o
                0x000000000800955c                HAL_GetTick
 .text.HAL_CAN_Init
                0x0000000008009574      0x1f6 ./Drivers/STM32L4xx_HAL_Driver/Src/stm32l4xx_hal_can.o
                0x0000000008009574                HAL_CAN_Init
 .text.HAL_CAN_ConfigFilter
                0x000000000800976a      0x194 ./Drivers/STM32L4xx_HAL_Driver/Src/stm32l4xx_hal_can.o
                0x000000000800976a                HAL_CAN_ConfigFilter
 .text.HAL_CAN_Start
                0x00000000080098fe       0x88 ./Drivers/STM32L4xx_HAL_Driver/Src/stm32l4xx_hal_can.o
                0x00000000080098fe                HAL_CAN_Start
 .text.HAL_CAN_AddTxMessage
                0x0000000008009986      0x1a0 ./Drivers/STM32L4xx_HAL_Driver/Src/stm32l4xx_hal_can.o
                0x0000000008009986                HAL_CAN_AddTxMessage
 .text.HAL_CAN_IsTxMessagePending
                0x0000000008009b26       0x48 ./Drivers/STM32L4xx_HAL_Driver/Src/stm32l4xx_hal_can.o
                0x0000000008009b26                HAL_CAN_IsTxMessagePending
 .text.HAL_CAN_GetRxMessage
                0x0000000008009b6e      0x224 ./Drivers/STM32L4xx_HAL_Driver/Src/stm32l4xx_hal_can.o
                0x0000000008009b6e                HAL_CAN_GetRxMessage
 .text.HAL_CAN_GetRxFifoFillLevel
                0x0000000008009d92       0x50 ./Drivers/STM32L4xx_HAL_Driver/Src/stm32l4xx_hal_can.o
                0x0000000008009d92                HAL_CAN_GetRxFifoFillLevel
 .text.HAL_CAN_ActivateNotification
                0x0000000008009de2       0x4c ./Drivers/STM32L4xx_HAL_Driver/Src/stm32l4xx_hal_can.o
                0x0000000008009de2                HAL_CAN_ActivateNotification
 .text.HAL_CAN_DeactivateNotification
                0x0000000008009e2e       0x4e ./Drivers/STM32L4xx_HAL_Driver/Src/stm32l4xx_hal_can.o
                0x0000000008009e2e                HAL_CAN_DeactivateNotification
 .text.HAL_CAN_IRQHandler
                0x0000000008009e7c      0x36e ./Drivers/STM32L4xx_HAL_Driver/Src/stm32l4xx_hal_can.o
                0x0000000008009e7c                HAL_CAN_IRQHandler
 .text.HAL_CAN_TxMailbox0CompleteCallback
                0x000000000800a1ea       0x14 ./Drivers/STM32L4xx_HAL_Driver/Src/stm32l4xx_hal_can.o
                0x000000000800a1ea                HAL_CAN_TxMailbox0CompleteCallback
 .text.HAL_CAN_TxMailbox1CompleteCallback
                0x000000000800a1fe       0x14 ./Drivers/STM32L4xx_HAL_Driver/Src/stm32l4xx_hal_can.o
                0x000000000800a1fe                HAL_CAN_TxMailbox1CompleteCallback
 .text.HAL_CAN_TxMailbox2CompleteCallback
                0x000000000800a212       0x14 ./Drivers/STM32L4xx_HAL_Driver/Src/stm32l4xx_hal_can.o
                0x000000000800a212                HAL_CAN_TxMailbox2CompleteCallback
 .text.HAL_CAN_TxMailbox0AbortCallback
                0x000000000800a226       0x14 ./Drivers/STM32L4xx_HAL_Driver/Src/stm32l4xx_hal_can.o
                0x000000000800a226                HAL_CAN_TxMailbox0AbortCallback
 .text.HAL_CAN_TxMailbox1AbortCallback
                0x000000000800a23a       0x14 ./Drivers/STM32L4xx_HAL_Driver/Src/stm32l4xx_hal_can.o
                0x000000000800a23a                HAL_CAN_TxMailbox1AbortCallback
 .text.HAL_CAN_TxMailbox2AbortCallback
                0x000000000800a24e       0x14 ./Drivers/STM32L4xx_HAL_Driver/Src/stm32l4xx_hal_can.o
                0x000000000800a24e                HAL_CAN_TxMailbox2AbortCallback
 .text.HAL_CAN_RxFifo0FullCallback
                0x000000000800a262       0x14 ./Drivers/STM32L4xx_HAL_Driver/Src/stm32l4xx_hal_can.o
                0x000000000800a262                HAL_CAN_RxFifo0FullCallback
 .text.HAL_CAN_RxFifo1FullCallback
                0x000000000800a276       0x14 ./Drivers/STM32L4xx_HAL_Driver/Src/stm32l4xx_hal_can.o
                0x000000000800a276                HAL_CAN_RxFifo1FullCallback
 .text.HAL_CAN_SleepCallback
                0x000000000800a28a       0x14 ./Drivers/STM32L4xx_HAL_Driver/Src/stm32l4xx_hal_can.o
                0x000000000800a28a                HAL_CAN_SleepCallback
 .text.HAL_CAN_WakeUpFromRxMsgCallback
                0x000000000800a29e       0x14 ./Drivers/STM32L4xx_HAL_Driver/Src/stm32l4xx_hal_can.o
                0x000000000800a29e                HAL_CAN_WakeUpFromRxMsgCallback
 .text.HAL_CAN_ErrorCallback
                0x000000000800a2b2       0x14 ./Drivers/STM32L4xx_HAL_Driver/Src/stm32l4xx_hal_can.o
                0x000000000800a2b2                HAL_CAN_ErrorCallback
 *fill*         0x000000000800a2c6        0x2 
 .text.__NVIC_SetPriorityGrouping
                0x000000000800a2c8       0x48 ./Drivers/STM32L4xx_HAL_Driver/Src/stm32l4xx_hal_cortex.o
 .text.__NVIC_GetPriorityGrouping
                0x000000000800a310       0x1c ./Drivers/STM32L4xx_HAL_Driver/Src/stm32l4xx_hal_cortex.o
 .text.__NVIC_EnableIRQ
                0x000000000800a32c       0x3c ./Drivers/STM32L4xx_HAL_Driver/Src/stm32l4xx_hal_cortex.o
 .text.__NVIC_DisableIRQ
                0x000000000800a368       0x48 ./Drivers/STM32L4xx_HAL_Driver/Src/stm32l4xx_hal_cortex.o
 .text.__NVIC_ClearPendingIRQ
                0x000000000800a3b0       0x3c ./Drivers/STM32L4xx_HAL_Driver/Src/stm32l4xx_hal_cortex.o
 .text.__NVIC_SetPriority
                0x000000000800a3ec       0x54 ./Drivers/STM32L4xx_HAL_Driver/Src/stm32l4xx_hal_cortex.o
 .text.NVIC_EncodePriority
                0x000000000800a440       0x66 ./Drivers/STM32L4xx_HAL_Driver/Src/stm32l4xx_hal_cortex.o
 *fill*         0x000000000800a4a6        0x2 
 .text.SysTick_Config
                0x000000000800a4a8       0x44 ./Drivers/STM32L4xx_HAL_Driver/Src/stm32l4xx_hal_cortex.o
 .text.HAL_NVIC_SetPriorityGrouping
                0x000000000800a4ec       0x16 ./Drivers/STM32L4xx_HAL_Driver/Src/stm32l4xx_hal_cortex.o
                0x000000000800a4ec                HAL_NVIC_SetPriorityGrouping
 .text.HAL_NVIC_SetPriority
                0x000000000800a502       0x38 ./Drivers/STM32L4xx_HAL_Driver/Src/stm32l4xx_hal_cortex.o
                0x000000000800a502                HAL_NVIC_SetPriority
 .text.HAL_NVIC_EnableIRQ
                0x000000000800a53a       0x1c ./Drivers/STM32L4xx_HAL_Driver/Src/stm32l4xx_hal_cortex.o
                0x000000000800a53a                HAL_NVIC_EnableIRQ
 .text.HAL_NVIC_DisableIRQ
                0x000000000800a556       0x1c ./Drivers/STM32L4xx_HAL_Driver/Src/stm32l4xx_hal_cortex.o
                0x000000000800a556                HAL_NVIC_DisableIRQ
 .text.HAL_SYSTICK_Config
                0x000000000800a572       0x18 ./Drivers/STM32L4xx_HAL_Driver/Src/stm32l4xx_hal_cortex.o
                0x000000000800a572                HAL_SYSTICK_Config
 .text.HAL_NVIC_ClearPendingIRQ
                0x000000000800a58a       0x1c ./Drivers/STM32L4xx_HAL_Driver/Src/stm32l4xx_hal_cortex.o
                0x000000000800a58a                HAL_NVIC_ClearPendingIRQ
 .text.HAL_DMA_Abort_IT
                0x000000000800a5a6       0x82 ./Drivers/STM32L4xx_HAL_Driver/Src/stm32l4xx_hal_dma.o
                0x000000000800a5a6                HAL_DMA_Abort_IT
 .text.HAL_GPIO_Init
                0x000000000800a628      0x354 ./Drivers/STM32L4xx_HAL_Driver/Src/stm32l4xx_hal_gpio.o
                0x000000000800a628                HAL_GPIO_Init
 .text.HAL_GPIO_DeInit
                0x000000000800a97c      0x1e8 ./Drivers/STM32L4xx_HAL_Driver/Src/stm32l4xx_hal_gpio.o
                0x000000000800a97c                HAL_GPIO_DeInit
 .text.HAL_GPIO_WritePin
                0x000000000800ab64       0x30 ./Drivers/STM32L4xx_HAL_Driver/Src/stm32l4xx_hal_gpio.o
                0x000000000800ab64                HAL_GPIO_WritePin
 .text.HAL_GPIO_EXTI_IRQHandler
                0x000000000800ab94       0x30 ./Drivers/STM32L4xx_HAL_Driver/Src/stm32l4xx_hal_gpio.o
                0x000000000800ab94                HAL_GPIO_EXTI_IRQHandler
 .text.HAL_SPI_Init
                0x000000000800abc4      0x146 ./Drivers/STM32L4xx_HAL_Driver/Src/stm32l4xx_hal_spi.o
                0x000000000800abc4                HAL_SPI_Init
 .text.HAL_SPI_DeInit
                0x000000000800ad0a       0x50 ./Drivers/STM32L4xx_HAL_Driver/Src/stm32l4xx_hal_spi.o
                0x000000000800ad0a                HAL_SPI_DeInit
 .text.HAL_SPI_Transmit
                0x000000000800ad5a      0x2dc ./Drivers/STM32L4xx_HAL_Driver/Src/stm32l4xx_hal_spi.o
                0x000000000800ad5a                HAL_SPI_Transmit
 .text.HAL_SPI_Receive
                0x000000000800b036      0x260 ./Drivers/STM32L4xx_HAL_Driver/Src/stm32l4xx_hal_spi.o
                0x000000000800b036                HAL_SPI_Receive
 .text.HAL_SPI_TransmitReceive
                0x000000000800b296      0x426 ./Drivers/STM32L4xx_HAL_Driver/Src/stm32l4xx_hal_spi.o
                0x000000000800b296                HAL_SPI_TransmitReceive
 .text.HAL_SPI_Transmit_IT
                0x000000000800b6bc      0x11c ./Drivers/STM32L4xx_HAL_Driver/Src/stm32l4xx_hal_spi.o
                0x000000000800b6bc                HAL_SPI_Transmit_IT
 .text.HAL_SPI_Receive_IT
                0x000000000800b7d8      0x160 ./Drivers/STM32L4xx_HAL_Driver/Src/stm32l4xx_hal_spi.o
                0x000000000800b7d8                HAL_SPI_Receive_IT
 .text.HAL_SPI_TransmitReceive_IT
                0x000000000800b938      0x160 ./Drivers/STM32L4xx_HAL_Driver/Src/stm32l4xx_hal_spi.o
                0x000000000800b938                HAL_SPI_TransmitReceive_IT
 .text.HAL_SPI_IRQHandler
                0x000000000800ba98      0x200 ./Drivers/STM32L4xx_HAL_Driver/Src/stm32l4xx_hal_spi.o
                0x000000000800ba98                HAL_SPI_IRQHandler
 .text.HAL_SPI_ErrorCallback
                0x000000000800bc98       0x14 ./Drivers/STM32L4xx_HAL_Driver/Src/stm32l4xx_hal_spi.o
                0x000000000800bc98                HAL_SPI_ErrorCallback
 .text.SPI_DMAAbortOnError
                0x000000000800bcac       0x2a ./Drivers/STM32L4xx_HAL_Driver/Src/stm32l4xx_hal_spi.o
 .text.SPI_2linesRxISR_8BIT
                0x000000000800bcd6       0xbe ./Drivers/STM32L4xx_HAL_Driver/Src/stm32l4xx_hal_spi.o
 .text.SPI_2linesTxISR_8BIT
                0x000000000800bd94       0x92 ./Drivers/STM32L4xx_HAL_Driver/Src/stm32l4xx_hal_spi.o
 .text.SPI_2linesRxISR_16BIT
                0x000000000800be26       0x66 ./Drivers/STM32L4xx_HAL_Driver/Src/stm32l4xx_hal_spi.o
 .text.SPI_2linesTxISR_16BIT
                0x000000000800be8c       0x60 ./Drivers/STM32L4xx_HAL_Driver/Src/stm32l4xx_hal_spi.o
 .text.SPI_RxISR_8BIT
                0x000000000800beec       0x50 ./Drivers/STM32L4xx_HAL_Driver/Src/stm32l4xx_hal_spi.o
 .text.SPI_RxISR_16BIT
                0x000000000800bf3c       0x4c ./Drivers/STM32L4xx_HAL_Driver/Src/stm32l4xx_hal_spi.o
 .text.SPI_TxISR_8BIT
                0x000000000800bf88       0x46 ./Drivers/STM32L4xx_HAL_Driver/Src/stm32l4xx_hal_spi.o
 .text.SPI_TxISR_16BIT
                0x000000000800bfce       0x44 ./Drivers/STM32L4xx_HAL_Driver/Src/stm32l4xx_hal_spi.o
 *fill*         0x000000000800c012        0x2 
 .text.SPI_WaitFlagStateUntilTimeout
                0x000000000800c014      0x110 ./Drivers/STM32L4xx_HAL_Driver/Src/stm32l4xx_hal_spi.o
 .text.SPI_WaitFifoStateUntilTimeout
                0x000000000800c124      0x12c ./Drivers/STM32L4xx_HAL_Driver/Src/stm32l4xx_hal_spi.o
 .text.SPI_EndRxTransaction
                0x000000000800c250       0xb0 ./Drivers/STM32L4xx_HAL_Driver/Src/stm32l4xx_hal_spi.o
 .text.SPI_EndRxTxTransaction
                0x000000000800c300       0x8c ./Drivers/STM32L4xx_HAL_Driver/Src/stm32l4xx_hal_spi.o
 .text.SPI_CloseRxTx_ISR
                0x000000000800c38c       0x84 ./Drivers/STM32L4xx_HAL_Driver/Src/stm32l4xx_hal_spi.o
 .text.SPI_CloseRx_ISR
                0x000000000800c410       0x60 ./Drivers/STM32L4xx_HAL_Driver/Src/stm32l4xx_hal_spi.o
 .text.SPI_CloseTx_ISR
                0x000000000800c470       0x7e ./Drivers/STM32L4xx_HAL_Driver/Src/stm32l4xx_hal_spi.o
 .text.HAL_TIM_Base_Init
                0x000000000800c4ee       0xae ./Drivers/STM32L4xx_HAL_Driver/Src/stm32l4xx_hal_tim.o
                0x000000000800c4ee                HAL_TIM_Base_Init
 .text.HAL_TIM_Base_Start
                0x000000000800c59c       0xd0 ./Drivers/STM32L4xx_HAL_Driver/Src/stm32l4xx_hal_tim.o
                0x000000000800c59c                HAL_TIM_Base_Start
 .text.HAL_TIM_ConfigClockSource
                0x000000000800c66c      0x192 ./Drivers/STM32L4xx_HAL_Driver/Src/stm32l4xx_hal_tim.o
                0x000000000800c66c                HAL_TIM_ConfigClockSource
 *fill*         0x000000000800c7fe        0x2 
 .text.TIM_Base_SetConfig
                0x000000000800c800      0x134 ./Drivers/STM32L4xx_HAL_Driver/Src/stm32l4xx_hal_tim.o
                0x000000000800c800                TIM_Base_SetConfig
 .text.TIM_TI1_ConfigInputStage
                0x000000000800c934       0x5e ./Drivers/STM32L4xx_HAL_Driver/Src/stm32l4xx_hal_tim.o
 .text.TIM_TI2_ConfigInputStage
                0x000000000800c992       0x60 ./Drivers/STM32L4xx_HAL_Driver/Src/stm32l4xx_hal_tim.o
 .text.TIM_ITRx_SetConfig
                0x000000000800c9f2       0x36 ./Drivers/STM32L4xx_HAL_Driver/Src/stm32l4xx_hal_tim.o
 .text.TIM_ETR_SetConfig
                0x000000000800ca28       0x40 ./Drivers/STM32L4xx_HAL_Driver/Src/stm32l4xx_hal_tim.o
                0x000000000800ca28                TIM_ETR_SetConfig
 .text.HAL_TIMEx_MasterConfigSynchronization
                0x000000000800ca68      0x110 ./Drivers/STM32L4xx_HAL_Driver/Src/stm32l4xx_hal_tim_ex.o
                0x000000000800ca68                HAL_TIMEx_MasterConfigSynchronization
 .text.LL_ADC_REG_SetSequencerLength
                0x000000000800cb78       0x26 ./Drivers/STM32L4xx_HAL_Driver/Src/stm32l4xx_ll_adc.o
 .text.LL_ADC_IsEnabled
                0x000000000800cb9e       0x26 ./Drivers/STM32L4xx_HAL_Driver/Src/stm32l4xx_ll_adc.o
 .text.LL_ADC_CommonInit
                0x000000000800cbc4       0x90 ./Drivers/STM32L4xx_HAL_Driver/Src/stm32l4xx_ll_adc.o
                0x000000000800cbc4                LL_ADC_CommonInit
 .text.LL_ADC_Init
                0x000000000800cc54       0x4c ./Drivers/STM32L4xx_HAL_Driver/Src/stm32l4xx_ll_adc.o
                0x000000000800cc54                LL_ADC_Init
 .text.LL_ADC_REG_Init
                0x000000000800cca0       0x94 ./Drivers/STM32L4xx_HAL_Driver/Src/stm32l4xx_ll_adc.o
                0x000000000800cca0                LL_ADC_REG_Init
 .text.LL_GPIO_SetPinMode
                0x000000000800cd34       0x7a ./Drivers/STM32L4xx_HAL_Driver/Src/stm32l4xx_ll_gpio.o
 .text.LL_GPIO_SetPinOutputType
                0x000000000800cdae       0x30 ./Drivers/STM32L4xx_HAL_Driver/Src/stm32l4xx_ll_gpio.o
 .text.LL_GPIO_SetPinSpeed
                0x000000000800cdde       0x7a ./Drivers/STM32L4xx_HAL_Driver/Src/stm32l4xx_ll_gpio.o
 .text.LL_GPIO_SetPinPull
                0x000000000800ce58       0x7a ./Drivers/STM32L4xx_HAL_Driver/Src/stm32l4xx_ll_gpio.o
 .text.LL_GPIO_SetAFPin_0_7
                0x000000000800ced2       0x7a ./Drivers/STM32L4xx_HAL_Driver/Src/stm32l4xx_ll_gpio.o
 .text.LL_GPIO_SetAFPin_8_15
                0x000000000800cf4c       0x7e ./Drivers/STM32L4xx_HAL_Driver/Src/stm32l4xx_ll_gpio.o
 .text.LL_GPIO_Init
                0x000000000800cfca       0xdc ./Drivers/STM32L4xx_HAL_Driver/Src/stm32l4xx_ll_gpio.o
                0x000000000800cfca                LL_GPIO_Init
 *fill*         0x000000000800d0a6        0x2 
 .text.LL_mDelay
                0x000000000800d0a8       0x50 ./Drivers/STM32L4xx_HAL_Driver/Src/stm32l4xx_ll_utils.o
                0x000000000800d0a8                LL_mDelay
 .text.LL_SetSystemCoreClock
                0x000000000800d0f8       0x20 ./Drivers/STM32L4xx_HAL_Driver/Src/stm32l4xx_ll_utils.o
                0x000000000800d0f8                LL_SetSystemCoreClock
 .text.__errno  0x000000000800d118        0xc c:/st/stm32cubeide_1.10.1/stm32cubeide/plugins/com.st.stm32cube.ide.mcu.externaltools.gnu-tools-for-stm32.10.3-2021.10.win32_1.0.0.202111181127/tools/bin/../lib/gcc/arm-none-eabi/10.3.1/../../../../arm-none-eabi/lib/thumb/v7e-m+fp/hard\libc_nano.a(lib_a-errno.o)
                0x000000000800d118                __errno
 .text.__libc_init_array
                0x000000000800d124       0x48 c:/st/stm32cubeide_1.10.1/stm32cubeide/plugins/com.st.stm32cube.ide.mcu.externaltools.gnu-tools-for-stm32.10.3-2021.10.win32_1.0.0.202111181127/tools/bin/../lib/gcc/arm-none-eabi/10.3.1/../../../../arm-none-eabi/lib/thumb/v7e-m+fp/hard\libc_nano.a(lib_a-init.o)
                0x000000000800d124                __libc_init_array
 .text.memcpy   0x000000000800d16c       0x1c c:/st/stm32cubeide_1.10.1/stm32cubeide/plugins/com.st.stm32cube.ide.mcu.externaltools.gnu-tools-for-stm32.10.3-2021.10.win32_1.0.0.202111181127/tools/bin/../lib/gcc/arm-none-eabi/10.3.1/../../../../arm-none-eabi/lib/thumb/v7e-m+fp/hard\libc_nano.a(lib_a-memcpy-stub.o)
                0x000000000800d16c                memcpy
 .text.memset   0x000000000800d188       0x10 c:/st/stm32cubeide_1.10.1/stm32cubeide/plugins/com.st.stm32cube.ide.mcu.externaltools.gnu-tools-for-stm32.10.3-2021.10.win32_1.0.0.202111181127/tools/bin/../lib/gcc/arm-none-eabi/10.3.1/../../../../arm-none-eabi/lib/thumb/v7e-m+fp/hard\libc_nano.a(lib_a-memset.o)
                0x000000000800d188                memset
 .text.copysign
                0x000000000800d198       0x24 c:/st/stm32cubeide_1.10.1/stm32cubeide/plugins/com.st.stm32cube.ide.mcu.externaltools.gnu-tools-for-stm32.10.3-2021.10.win32_1.0.0.202111181127/tools/bin/../lib/gcc/arm-none-eabi/10.3.1/../../../../arm-none-eabi/lib/thumb/v7e-m+fp/hard\libc_nano.a(lib_a-s_copysign.o)
                0x000000000800d198                copysign
 *fill*         0x000000000800d1bc        0x4 
 .text.atan     0x000000000800d1c0      0x340 c:/st/stm32cubeide_1.10.1/stm32cubeide/plugins/com.st.stm32cube.ide.mcu.externaltools.gnu-tools-for-stm32.10.3-2021.10.win32_1.0.0.202111181127/tools/bin/../lib/gcc/arm-none-eabi/10.3.1/../../../../arm-none-eabi/lib/thumb/v7e-m+fp/hard\libm.a(lib_a-s_atan.o)
                0x000000000800d1c0                atan
 .text.cos      0x000000000800d500       0xa8 c:/st/stm32cubeide_1.10.1/stm32cubeide/plugins/com.st.stm32cube.ide.mcu.externaltools.gnu-tools-for-stm32.10.3-2021.10.win32_1.0.0.202111181127/tools/bin/../lib/gcc/arm-none-eabi/10.3.1/../../../../arm-none-eabi/lib/thumb/v7e-m+fp/hard\libm.a(lib_a-s_cos.o)
                0x000000000800d500                cos
 .text.fabs     0x000000000800d5a8       0x12 c:/st/stm32cubeide_1.10.1/stm32cubeide/plugins/com.st.stm32cube.ide.mcu.externaltools.gnu-tools-for-stm32.10.3-2021.10.win32_1.0.0.202111181127/tools/bin/../lib/gcc/arm-none-eabi/10.3.1/../../../../arm-none-eabi/lib/thumb/v7e-m+fp/hard\libm.a(lib_a-s_fabs.o)
                0x000000000800d5a8                fabs
 *fill*         0x000000000800d5ba        0x6 
 .text.sin      0x000000000800d5c0       0xb0 c:/st/stm32cubeide_1.10.1/stm32cubeide/plugins/com.st.stm32cube.ide.mcu.externaltools.gnu-tools-for-stm32.10.3-2021.10.win32_1.0.0.202111181127/tools/bin/../lib/gcc/arm-none-eabi/10.3.1/../../../../arm-none-eabi/lib/thumb/v7e-m+fp/hard\libm.a(lib_a-s_sin.o)
                0x000000000800d5c0                sin
 .text.atan2    0x000000000800d670        0x4 c:/st/stm32cubeide_1.10.1/stm32cubeide/plugins/com.st.stm32cube.ide.mcu.externaltools.gnu-tools-for-stm32.10.3-2021.10.win32_1.0.0.202111181127/tools/bin/../lib/gcc/arm-none-eabi/10.3.1/../../../../arm-none-eabi/lib/thumb/v7e-m+fp/hard\libm.a(lib_a-w_atan2.o)
                0x000000000800d670                atan2
 .text.sqrt     0x000000000800d674       0x58 c:/st/stm32cubeide_1.10.1/stm32cubeide/plugins/com.st.stm32cube.ide.mcu.externaltools.gnu-tools-for-stm32.10.3-2021.10.win32_1.0.0.202111181127/tools/bin/../lib/gcc/arm-none-eabi/10.3.1/../../../../arm-none-eabi/lib/thumb/v7e-m+fp/hard\libm.a(lib_a-w_sqrt.o)
                0x000000000800d674                sqrt
 *fill*         0x000000000800d6cc        0x4 
 .text.__ieee754_atan2
                0x000000000800d6d0      0x194 c:/st/stm32cubeide_1.10.1/stm32cubeide/plugins/com.st.stm32cube.ide.mcu.externaltools.gnu-tools-for-stm32.10.3-2021.10.win32_1.0.0.202111181127/tools/bin/../lib/gcc/arm-none-eabi/10.3.1/../../../../arm-none-eabi/lib/thumb/v7e-m+fp/hard\libm.a(lib_a-e_atan2.o)
                0x000000000800d6d0                __ieee754_atan2
 *fill*         0x000000000800d864        0x4 
 .text.__ieee754_rem_pio2
                0x000000000800d868      0x418 c:/st/stm32cubeide_1.10.1/stm32cubeide/plugins/com.st.stm32cube.ide.mcu.externaltools.gnu-tools-for-stm32.10.3-2021.10.win32_1.0.0.202111181127/tools/bin/../lib/gcc/arm-none-eabi/10.3.1/../../../../arm-none-eabi/lib/thumb/v7e-m+fp/hard\libm.a(lib_a-e_rem_pio2.o)
                0x000000000800d868                __ieee754_rem_pio2
 .text.__ieee754_sqrt
                0x000000000800dc80      0x164 c:/st/stm32cubeide_1.10.1/stm32cubeide/plugins/com.st.stm32cube.ide.mcu.externaltools.gnu-tools-for-stm32.10.3-2021.10.win32_1.0.0.202111181127/tools/bin/../lib/gcc/arm-none-eabi/10.3.1/../../../../arm-none-eabi/lib/thumb/v7e-m+fp/hard\libm.a(lib_a-e_sqrt.o)
                0x000000000800dc80                __ieee754_sqrt
 *fill*         0x000000000800dde4        0x4 
 .text.__kernel_cos
                0x000000000800dde8      0x18c c:/st/stm32cubeide_1.10.1/stm32cubeide/plugins/com.st.stm32cube.ide.mcu.externaltools.gnu-tools-for-stm32.10.3-2021.10.win32_1.0.0.202111181127/tools/bin/../lib/gcc/arm-none-eabi/10.3.1/../../../../arm-none-eabi/lib/thumb/v7e-m+fp/hard\libm.a(lib_a-k_cos.o)
                0x000000000800dde8                __kernel_cos
 *fill*         0x000000000800df74        0x4 
 .text.__kernel_rem_pio2
                0x000000000800df78      0x69c c:/st/stm32cubeide_1.10.1/stm32cubeide/plugins/com.st.stm32cube.ide.mcu.externaltools.gnu-tools-for-stm32.10.3-2021.10.win32_1.0.0.202111181127/tools/bin/../lib/gcc/arm-none-eabi/10.3.1/../../../../arm-none-eabi/lib/thumb/v7e-m+fp/hard\libm.a(lib_a-k_rem_pio2.o)
                0x000000000800df78                __kernel_rem_pio2
 *fill*         0x000000000800e614        0x4 
 .text.__kernel_sin
                0x000000000800e618      0x17c c:/st/stm32cubeide_1.10.1/stm32cubeide/plugins/com.st.stm32cube.ide.mcu.externaltools.gnu-tools-for-stm32.10.3-2021.10.win32_1.0.0.202111181127/tools/bin/../lib/gcc/arm-none-eabi/10.3.1/../../../../arm-none-eabi/lib/thumb/v7e-m+fp/hard\libm.a(lib_a-k_sin.o)
                0x000000000800e618                __kernel_sin
 *fill*         0x000000000800e794        0x4 
 .text.floor    0x000000000800e798      0x100 c:/st/stm32cubeide_1.10.1/stm32cubeide/plugins/com.st.stm32cube.ide.mcu.externaltools.gnu-tools-for-stm32.10.3-2021.10.win32_1.0.0.202111181127/tools/bin/../lib/gcc/arm-none-eabi/10.3.1/../../../../arm-none-eabi/lib/thumb/v7e-m+fp/hard\libm.a(lib_a-s_floor.o)
                0x000000000800e798                floor
 .text.scalbn   0x000000000800e898      0x10c c:/st/stm32cubeide_1.10.1/stm32cubeide/plugins/com.st.stm32cube.ide.mcu.externaltools.gnu-tools-for-stm32.10.3-2021.10.win32_1.0.0.202111181127/tools/bin/../lib/gcc/arm-none-eabi/10.3.1/../../../../arm-none-eabi/lib/thumb/v7e-m+fp/hard\libm.a(lib_a-s_scalbn.o)
                0x000000000800e898                scalbn
 *(.glue_7)
 .glue_7        0x000000000800e9a4        0x0 linker stubs
 *(.glue_7t)
 .glue_7t       0x000000000800e9a4        0x0 linker stubs
 *(.eh_frame)
 .eh_frame      0x000000000800e9a4        0x0 c:/st/stm32cubeide_1.10.1/stm32cubeide/plugins/com.st.stm32cube.ide.mcu.externaltools.gnu-tools-for-stm32.10.3-2021.10.win32_1.0.0.202111181127/tools/bin/../lib/gcc/arm-none-eabi/10.3.1/thumb/v7e-m+fp/hard/crtbegin.o
 *(.init)
 .init          0x000000000800e9a4        0x4 c:/st/stm32cubeide_1.10.1/stm32cubeide/plugins/com.st.stm32cube.ide.mcu.externaltools.gnu-tools-for-stm32.10.3-2021.10.win32_1.0.0.202111181127/tools/bin/../lib/gcc/arm-none-eabi/10.3.1/thumb/v7e-m+fp/hard/crti.o
                0x000000000800e9a4                _init
 .init          0x000000000800e9a8        0x8 c:/st/stm32cubeide_1.10.1/stm32cubeide/plugins/com.st.stm32cube.ide.mcu.externaltools.gnu-tools-for-stm32.10.3-2021.10.win32_1.0.0.202111181127/tools/bin/../lib/gcc/arm-none-eabi/10.3.1/thumb/v7e-m+fp/hard/crtn.o
 *(.fini)
 .fini          0x000000000800e9b0        0x4 c:/st/stm32cubeide_1.10.1/stm32cubeide/plugins/com.st.stm32cube.ide.mcu.externaltools.gnu-tools-for-stm32.10.3-2021.10.win32_1.0.0.202111181127/tools/bin/../lib/gcc/arm-none-eabi/10.3.1/thumb/v7e-m+fp/hard/crti.o
                0x000000000800e9b0                _fini
 .fini          0x000000000800e9b4        0x8 c:/st/stm32cubeide_1.10.1/stm32cubeide/plugins/com.st.stm32cube.ide.mcu.externaltools.gnu-tools-for-stm32.10.3-2021.10.win32_1.0.0.202111181127/tools/bin/../lib/gcc/arm-none-eabi/10.3.1/thumb/v7e-m+fp/hard/crtn.o
                0x000000000800e9bc                . = ALIGN (0x4)
                0x000000000800e9bc                _etext = .

.vfp11_veneer   0x000000000800e9bc        0x0
 .vfp11_veneer  0x000000000800e9bc        0x0 linker stubs

.v4_bx          0x000000000800e9bc        0x0
 .v4_bx         0x000000000800e9bc        0x0 linker stubs

.iplt           0x000000000800e9bc        0x0
 .iplt          0x000000000800e9bc        0x0 c:/st/stm32cubeide_1.10.1/stm32cubeide/plugins/com.st.stm32cube.ide.mcu.externaltools.gnu-tools-for-stm32.10.3-2021.10.win32_1.0.0.202111181127/tools/bin/../lib/gcc/arm-none-eabi/10.3.1/thumb/v7e-m+fp/hard/crtbegin.o

.rodata         0x000000000800e9c0      0xab0
                0x000000000800e9c0                . = ALIGN (0x4)
 *(.rodata)
 .rodata        0x000000000800e9c0       0x68 ./Core/Src/prosthesis_v2.o
 .rodata        0x000000000800ea28       0x18 ./Drivers/AKxx-x/akxx-x.o
 *(.rodata*)
 .rodata.gregBioData
                0x000000000800ea40      0x330 ./Core/Src/prosthesis_v2.o
                0x000000000800ea40                gregBioData
 .rodata.sh2ReportLens
                0x000000000800ed70       0x60 ./Drivers/BNO08x/SH2/sh2.o
 .rodata.setSensorConfigOp
                0x000000000800edd0       0x10 ./Drivers/BNO08x/SH2/sh2.o
                0x000000000800edd0                setSensorConfigOp
 .rodata.sensorConfig.0
                0x000000000800ede0       0x48 ./Drivers/BNO08x/bno08x_spi_hal.o
 .rodata.txZeros
                0x000000000800ee28      0x400 ./Drivers/BNO08x/spi_hal.o
 .rodata.atanhi
                0x000000000800f228       0x20 c:/st/stm32cubeide_1.10.1/stm32cubeide/plugins/com.st.stm32cube.ide.mcu.externaltools.gnu-tools-for-stm32.10.3-2021.10.win32_1.0.0.202111181127/tools/bin/../lib/gcc/arm-none-eabi/10.3.1/../../../../arm-none-eabi/lib/thumb/v7e-m+fp/hard\libm.a(lib_a-s_atan.o)
 .rodata.atanlo
                0x000000000800f248       0x20 c:/st/stm32cubeide_1.10.1/stm32cubeide/plugins/com.st.stm32cube.ide.mcu.externaltools.gnu-tools-for-stm32.10.3-2021.10.win32_1.0.0.202111181127/tools/bin/../lib/gcc/arm-none-eabi/10.3.1/../../../../arm-none-eabi/lib/thumb/v7e-m+fp/hard\libm.a(lib_a-s_atan.o)
 .rodata.CSWTCH.8
                0x000000000800f268       0x18 c:/st/stm32cubeide_1.10.1/stm32cubeide/plugins/com.st.stm32cube.ide.mcu.externaltools.gnu-tools-for-stm32.10.3-2021.10.win32_1.0.0.202111181127/tools/bin/../lib/gcc/arm-none-eabi/10.3.1/../../../../arm-none-eabi/lib/thumb/v7e-m+fp/hard\libm.a(lib_a-e_atan2.o)
 .rodata.CSWTCH.9
                0x000000000800f280       0x18 c:/st/stm32cubeide_1.10.1/stm32cubeide/plugins/com.st.stm32cube.ide.mcu.externaltools.gnu-tools-for-stm32.10.3-2021.10.win32_1.0.0.202111181127/tools/bin/../lib/gcc/arm-none-eabi/10.3.1/../../../../arm-none-eabi/lib/thumb/v7e-m+fp/hard\libm.a(lib_a-e_atan2.o)
 .rodata.npio2_hw
                0x000000000800f298       0x80 c:/st/stm32cubeide_1.10.1/stm32cubeide/plugins/com.st.stm32cube.ide.mcu.externaltools.gnu-tools-for-stm32.10.3-2021.10.win32_1.0.0.202111181127/tools/bin/../lib/gcc/arm-none-eabi/10.3.1/../../../../arm-none-eabi/lib/thumb/v7e-m+fp/hard\libm.a(lib_a-e_rem_pio2.o)
 .rodata.two_over_pi
                0x000000000800f318      0x108 c:/st/stm32cubeide_1.10.1/stm32cubeide/plugins/com.st.stm32cube.ide.mcu.externaltools.gnu-tools-for-stm32.10.3-2021.10.win32_1.0.0.202111181127/tools/bin/../lib/gcc/arm-none-eabi/10.3.1/../../../../arm-none-eabi/lib/thumb/v7e-m+fp/hard\libm.a(lib_a-e_rem_pio2.o)
 .rodata.PIo2   0x000000000800f420       0x40 c:/st/stm32cubeide_1.10.1/stm32cubeide/plugins/com.st.stm32cube.ide.mcu.externaltools.gnu-tools-for-stm32.10.3-2021.10.win32_1.0.0.202111181127/tools/bin/../lib/gcc/arm-none-eabi/10.3.1/../../../../arm-none-eabi/lib/thumb/v7e-m+fp/hard\libm.a(lib_a-k_rem_pio2.o)
 .rodata.init_jk
                0x000000000800f460       0x10 c:/st/stm32cubeide_1.10.1/stm32cubeide/plugins/com.st.stm32cube.ide.mcu.externaltools.gnu-tools-for-stm32.10.3-2021.10.win32_1.0.0.202111181127/tools/bin/../lib/gcc/arm-none-eabi/10.3.1/../../../../arm-none-eabi/lib/thumb/v7e-m+fp/hard\libm.a(lib_a-k_rem_pio2.o)
                0x000000000800f470                . = ALIGN (0x4)

.rel.dyn        0x000000000800f470        0x0
 .rel.iplt      0x000000000800f470        0x0 c:/st/stm32cubeide_1.10.1/stm32cubeide/plugins/com.st.stm32cube.ide.mcu.externaltools.gnu-tools-for-stm32.10.3-2021.10.win32_1.0.0.202111181127/tools/bin/../lib/gcc/arm-none-eabi/10.3.1/thumb/v7e-m+fp/hard/crtbegin.o

.ARM.extab      0x000000000800f470        0x0
                0x000000000800f470                . = ALIGN (0x4)
 *(.ARM.extab* .gnu.linkonce.armextab.*)
                0x000000000800f470                . = ALIGN (0x4)

.ARM            0x000000000800f470        0x0
                0x000000000800f470                . = ALIGN (0x4)
                0x000000000800f470                __exidx_start = .
 *(.ARM.exidx*)
                0x000000000800f470                __exidx_end = .
                0x000000000800f470                . = ALIGN (0x4)

.preinit_array  0x000000000800f470        0x0
                0x000000000800f470                . = ALIGN (0x4)
                0x000000000800f470                PROVIDE (__preinit_array_start = .)
 *(.preinit_array*)
                0x000000000800f470                PROVIDE (__preinit_array_end = .)
                0x000000000800f470                . = ALIGN (0x4)

.init_array     0x000000000800f470        0x4
                0x000000000800f470                . = ALIGN (0x4)
                0x000000000800f470                PROVIDE (__init_array_start = .)
 *(SORT_BY_NAME(.init_array.*))
 *(.init_array*)
 .init_array    0x000000000800f470        0x4 c:/st/stm32cubeide_1.10.1/stm32cubeide/plugins/com.st.stm32cube.ide.mcu.externaltools.gnu-tools-for-stm32.10.3-2021.10.win32_1.0.0.202111181127/tools/bin/../lib/gcc/arm-none-eabi/10.3.1/thumb/v7e-m+fp/hard/crtbegin.o
                0x000000000800f474                PROVIDE (__init_array_end = .)
                0x000000000800f474                . = ALIGN (0x4)

.fini_array     0x000000000800f474        0x4
                0x000000000800f474                . = ALIGN (0x4)
                [!provide]                        PROVIDE (__fini_array_start = .)
 *(SORT_BY_NAME(.fini_array.*))
 *(.fini_array*)
 .fini_array    0x000000000800f474        0x4 c:/st/stm32cubeide_1.10.1/stm32cubeide/plugins/com.st.stm32cube.ide.mcu.externaltools.gnu-tools-for-stm32.10.3-2021.10.win32_1.0.0.202111181127/tools/bin/../lib/gcc/arm-none-eabi/10.3.1/thumb/v7e-m+fp/hard/crtbegin.o
                [!provide]                        PROVIDE (__fini_array_end = .)
                0x000000000800f478                . = ALIGN (0x4)
                0x000000000800f478                _sidata = LOADADDR (.data)

.data           0x0000000020000000       0xa4 load address 0x000000000800f478
                0x0000000020000000                . = ALIGN (0x4)
                0x0000000020000000                _sdata = .
 *(.data)
 *(.data*)
 .data.isFirst  0x0000000020000000        0x1 ./Core/Src/prosthesis_v2.o
 *fill*         0x0000000020000001        0x3 
 .data.CM_threshold_ankleSpeed
                0x0000000020000004        0x4 ./Core/Src/prosthesis_v2.o
 .data.CM_threshold_footSpeed
                0x0000000020000008        0x4 ./Core/Src/prosthesis_v2.o
 .data.CM_threshold_intoStanceLC
                0x000000002000000c        0x4 ./Core/Src/prosthesis_v2.o
 .data.CM_threshold_intoSwingLC
                0x0000000020000010        0x4 ./Core/Src/prosthesis_v2.o
 .data.firstHeelStrike.12
                0x0000000020000014        0x1 ./Core/Src/prosthesis_v2.o
 *fill*         0x0000000020000015        0x3 
 .data.z.9      0x0000000020000018        0x4 ./Core/Src/prosthesis_v2.o
 .data.firstCall.5
                0x000000002000001c        0x1 ./Core/Src/prosthesis_v2.o
 .data.firstCall.1
                0x000000002000001d        0x1 ./Core/Src/prosthesis_v2.o
 *fill*         0x000000002000001e        0x2 
 .data.SystemCoreClock
                0x0000000020000020        0x4 ./Core/Src/system_stm32l4xx.o
                0x0000000020000020                SystemCoreClock
 *fill*         0x0000000020000024        0x4 
 .data.accelSensitivity
                0x0000000020000028        0x8 ./Drivers/MPU-925x/mpu925x_spi_hal.o
 .data.gyroSensitivity
                0x0000000020000030        0x8 ./Drivers/MPU-925x/mpu925x_spi_hal.o
 .data.uwTickPrio
                0x0000000020000038        0x4 ./Drivers/STM32L4xx_HAL_Driver/Src/stm32l4xx_hal.o
                0x0000000020000038                uwTickPrio
 .data.uwTickFreq
                0x000000002000003c        0x1 ./Drivers/STM32L4xx_HAL_Driver/Src/stm32l4xx_hal.o
                0x000000002000003c                uwTickFreq
 *fill*         0x000000002000003d        0x3 
 .data._impure_ptr
                0x0000000020000040        0x4 c:/st/stm32cubeide_1.10.1/stm32cubeide/plugins/com.st.stm32cube.ide.mcu.externaltools.gnu-tools-for-stm32.10.3-2021.10.win32_1.0.0.202111181127/tools/bin/../lib/gcc/arm-none-eabi/10.3.1/../../../../arm-none-eabi/lib/thumb/v7e-m+fp/hard\libc_nano.a(lib_a-impure.o)
                0x0000000020000040                _impure_ptr
 .data.impure_data
                0x0000000020000044       0x60 c:/st/stm32cubeide_1.10.1/stm32cubeide/plugins/com.st.stm32cube.ide.mcu.externaltools.gnu-tools-for-stm32.10.3-2021.10.win32_1.0.0.202111181127/tools/bin/../lib/gcc/arm-none-eabi/10.3.1/../../../../arm-none-eabi/lib/thumb/v7e-m+fp/hard\libc_nano.a(lib_a-impure.o)
 *(.RamFunc)
 *(.RamFunc*)
                0x00000000200000a4                . = ALIGN (0x4)
                0x00000000200000a4                _edata = .

.igot.plt       0x00000000200000a4        0x0 load address 0x000000000800f51c
 .igot.plt      0x00000000200000a4        0x0 c:/st/stm32cubeide_1.10.1/stm32cubeide/plugins/com.st.stm32cube.ide.mcu.externaltools.gnu-tools-for-stm32.10.3-2021.10.win32_1.0.0.202111181127/tools/bin/../lib/gcc/arm-none-eabi/10.3.1/thumb/v7e-m+fp/hard/crtbegin.o
                0x00000000200000a4                . = ALIGN (0x4)

.bss            0x00000000200000a8     0x16f4 load address 0x000000000800f51c
                0x00000000200000a8                _sbss = .
                0x00000000200000a8                __bss_start__ = _sbss
 *(.bss)
 .bss           0x00000000200000a8       0x1c c:/st/stm32cubeide_1.10.1/stm32cubeide/plugins/com.st.stm32cube.ide.mcu.externaltools.gnu-tools-for-stm32.10.3-2021.10.win32_1.0.0.202111181127/tools/bin/../lib/gcc/arm-none-eabi/10.3.1/thumb/v7e-m+fp/hard/crtbegin.o
 *(.bss*)
 .bss.hcan1     0x00000000200000c4       0x28 ./Core/Src/can.o
                0x00000000200000c4                hcan1
 .bss.isProsthesisControlRequired
                0x00000000200000ec        0x1 ./Core/Src/main.o
                0x00000000200000ec                isProsthesisControlRequired
 .bss.operationMode
                0x00000000200000ed        0x1 ./Core/Src/prosthesis_v2.o
                0x00000000200000ed                operationMode
 *fill*         0x00000000200000ee        0x2 
 .bss.kneeAngleAtHeelStrike
                0x00000000200000f0        0x4 ./Core/Src/prosthesis_v2.o
 .bss.state_angle
                0x00000000200000f4       0x48 ./Core/Src/prosthesis_v2.o
 .bss.state_torque
                0x000000002000013c       0x48 ./Core/Src/prosthesis_v2.o
 .bss.state_speed
                0x0000000020000184       0x48 ./Core/Src/prosthesis_v2.o
 .bss.state_loadCell
                0x00000000200001cc       0x18 ./Core/Src/prosthesis_v2.o
 *fill*         0x00000000200001e4        0x4 
 .bss.IMU_Data  0x00000000200001e8       0x30 ./Core/Src/prosthesis_v2.o
 .bss.Device    0x0000000020000218        0x3 ./Core/Src/prosthesis_v2.o
 .bss.heelStrike
                0x000000002000021b        0x1 ./Core/Src/prosthesis_v2.o
 .bss.toeOff    0x000000002000021c        0x1 ./Core/Src/prosthesis_v2.o
 .bss.ankleImuTxCplt
                0x000000002000021d        0x1 ./Core/Src/prosthesis_v2.o
 .bss.ankleImuRxCplt
                0x000000002000021e        0x1 ./Core/Src/prosthesis_v2.o
 .bss.isSecond  0x000000002000021f        0x1 ./Core/Src/prosthesis_v2.o
 .bss.gregKneeAngle
                0x0000000020000220       0xcc ./Core/Src/prosthesis_v2.o
 .bss.gregMaxKneeAngle
                0x00000000200002ec        0x4 ./Core/Src/prosthesis_v2.o
 .bss.gregMinKneeAngle
                0x00000000200002f0        0x4 ./Core/Src/prosthesis_v2.o
 .bss.gregStride
                0x00000000200002f4       0xcc ./Core/Src/prosthesis_v2.o
 .bss.gregN_Elements
                0x00000000200003c0        0x1 ./Core/Src/prosthesis_v2.o
 .bss.timeBasedCpvValid
                0x00000000200003c1        0x1 ./Core/Src/prosthesis_v2.o
 *fill*         0x00000000200003c2        0x6 
 .bss.CM_AnkleJoint
                0x00000000200003c8       0xe8 ./Core/Src/prosthesis_v2.o
 .bss.CM_thighAngle
                0x00000000200004b0       0x10 ./Core/Src/prosthesis_v2.o
 .bss.CM_thighAngle_unbiased
                0x00000000200004c0       0x10 ./Core/Src/prosthesis_v2.o
 .bss.CM_thighIntegral_unbiased
                0x00000000200004d0        0x8 ./Core/Src/prosthesis_v2.o
 .bss.CM_ledCode
                0x00000000200004d8        0x1 ./Core/Src/prosthesis_v2.o
 *fill*         0x00000000200004d9        0x3 
 .bss.CM_cpv    0x00000000200004dc        0x4 ./Core/Src/prosthesis_v2.o
 .bss.CM_cpvx9  0x00000000200004e0        0x4 ./Core/Src/prosthesis_v2.o
 .bss.CM_footSpeed
                0x00000000200004e4        0x4 ./Core/Src/prosthesis_v2.o
 .bss.CM_trajectory
                0x00000000200004e8        0x4 ./Core/Src/prosthesis_v2.o
 .bss.CM_xPhaseAngle
                0x00000000200004ec        0x4 ./Core/Src/prosthesis_v2.o
 .bss.CM_yPhaseAngle
                0x00000000200004f0        0x4 ./Core/Src/prosthesis_v2.o
 .bss.CM_state_angle
                0x00000000200004f4        0x4 ./Core/Src/prosthesis_v2.o
 .bss.CM_state_torque
                0x00000000200004f8        0x4 ./Core/Src/prosthesis_v2.o
 .bss.CM_state_speed
                0x00000000200004fc        0x4 ./Core/Src/prosthesis_v2.o
 .bss.CM_state_loadCell
                0x0000000020000500        0x4 ./Core/Src/prosthesis_v2.o
 .bss.CM_state_quadrant
                0x0000000020000504        0x1 ./Core/Src/prosthesis_v2.o
 *fill*         0x0000000020000505        0x3 
 .bss.CM_KneeJoint
                0x0000000020000508      0x140 ./Core/Src/prosthesis_v2.o
 .bss.CM_LoadCell
                0x0000000020000648       0x30 ./Core/Src/prosthesis_v2.o
 .bss.CM__startCPC
                0x0000000020000678        0x1 ./Core/Src/prosthesis_v2.o
 .bss.CM__startProgram
                0x0000000020000679        0x1 ./Core/Src/prosthesis_v2.o
 .bss.CM_healthyStride
                0x000000002000067a        0x1 ./Core/Src/prosthesis_v2.o
 *fill*         0x000000002000067b        0x1 
 .bss.CM_timeBasedCpv
                0x000000002000067c        0x4 ./Core/Src/prosthesis_v2.o
 .bss.CM_timeBasedCpvx9
                0x0000000020000680        0x4 ./Core/Src/prosthesis_v2.o
 .bss.CM_timeBasedTrajectory
                0x0000000020000684        0x4 ./Core/Src/prosthesis_v2.o
 .bss.cpv.25    0x0000000020000688        0xc ./Core/Src/prosthesis_v2.o
 .bss.a1.24     0x0000000020000694       0x10 ./Core/Src/prosthesis_v2.o
 .bss.a2.23     0x00000000200006a4       0x10 ./Core/Src/prosthesis_v2.o
 .bss.a3.22     0x00000000200006b4        0xc ./Core/Src/prosthesis_v2.o
 .bss.kneeImuInUse.21
                0x00000000200006c0        0x1 ./Core/Src/prosthesis_v2.o
 .bss.ankleImuInUse.20
                0x00000000200006c1        0x1 ./Core/Src/prosthesis_v2.o
 *fill*         0x00000000200006c2        0x2 
 .bss.tempImuData.19
                0x00000000200006c4        0xe ./Core/Src/prosthesis_v2.o
 .bss.missedAnkleImuCalls.18
                0x00000000200006d2        0x1 ./Core/Src/prosthesis_v2.o
 .bss.missedKneeImuCalls.17
                0x00000000200006d3        0x1 ./Core/Src/prosthesis_v2.o
 .bss.state.16  0x00000000200006d4        0x1 ./Core/Src/prosthesis_v2.o
 *fill*         0x00000000200006d5        0x3 
 .bss.thighAngle_bias.15
                0x00000000200006d8        0x8 ./Core/Src/prosthesis_v2.o
 .bss.maxThighAngle_unbiased.14
                0x00000000200006e0        0x4 ./Core/Src/prosthesis_v2.o
 .bss.minThighAngle_unbiased.13
                0x00000000200006e4        0x4 ./Core/Src/prosthesis_v2.o
 .bss.maxThighIntegral_unbiased.11
                0x00000000200006e8        0x4 ./Core/Src/prosthesis_v2.o
 .bss.minThighIntegral_unbiased.10
                0x00000000200006ec        0x4 ./Core/Src/prosthesis_v2.o
 .bss.thighIntegral.8
                0x00000000200006f0        0x8 ./Core/Src/prosthesis_v2.o
 .bss.quadrant.7
                0x00000000200006f8        0x2 ./Core/Src/prosthesis_v2.o
 *fill*         0x00000000200006fa        0x2 
 .bss.strideTime.6
                0x00000000200006fc        0x4 ./Core/Src/prosthesis_v2.o
 .bss.cpv.4     0x0000000020000700        0x4 ./Core/Src/prosthesis_v2.o
 .bss.missedAnkleMotorCalls.3
                0x0000000020000704        0x1 ./Core/Src/prosthesis_v2.o
 .bss.missedKneeMotorCalls.2
                0x0000000020000705        0x1 ./Core/Src/prosthesis_v2.o
 *fill*         0x0000000020000706        0x2 
 .bss.MotorTxData.0
                0x0000000020000708       0x14 ./Core/Src/prosthesis_v2.o
 .bss.hspi1     0x000000002000071c       0x64 ./Core/Src/spi.o
                0x000000002000071c                hspi1
 .bss.htim2     0x0000000020000780       0x4c ./Core/Src/tim.o
                0x0000000020000780                htim2
 .bss.Device    0x00000000200007cc       0x30 ./Drivers/AKxx-x/akxx-x.o
 .bss._sh2      0x00000000200007fc      0x178 ./Drivers/BNO08x/SH2/sh2.o
                0x00000000200007fc                _sh2
 .bss.sh2AsyncEvent
                0x0000000020000974       0x1c ./Drivers/BNO08x/SH2/sh2.o
 .bss.lastHostInt.1
                0x0000000020000990        0x4 ./Drivers/BNO08x/SH2/sh2.o
 .bss.rollovers.0
                0x0000000020000994        0x4 ./Drivers/BNO08x/SH2/sh2.o
 .bss.instances
                0x0000000020000998      0x914 ./Drivers/BNO08x/SH2/shtp.o
 .bss.shtp_initialized
                0x00000000200012ac        0x1 ./Drivers/BNO08x/SH2/shtp.o
 *fill*         0x00000000200012ad        0x3 
 .bss.BNO08x_IMU_Data
                0x00000000200012b0       0x28 ./Drivers/BNO08x/bno08x_spi_hal.o
                0x00000000200012b0                BNO08x_IMU_Data
 .bss.BNO08x_resetOccurred
                0x00000000200012d8        0x1 ./Drivers/BNO08x/bno08x_spi_hal.o
                0x00000000200012d8                BNO08x_resetOccurred
 .bss.BNO08x_readEventOccurred
                0x00000000200012d9        0x1 ./Drivers/BNO08x/bno08x_spi_hal.o
                0x00000000200012d9                BNO08x_readEventOccurred
 .bss.isInit    0x00000000200012da        0x1 ./Drivers/BNO08x/bno08x_spi_hal.o
 .bss.spiState  0x00000000200012db        0x1 ./Drivers/BNO08x/spi_hal.o
 .bss.rxTimestamp_us
                0x00000000200012dc        0x4 ./Drivers/BNO08x/spi_hal.o
 .bss.inReset   0x00000000200012e0        0x1 ./Drivers/BNO08x/spi_hal.o
 .bss.rxReady   0x00000000200012e1        0x1 ./Drivers/BNO08x/spi_hal.o
 *fill*         0x00000000200012e2        0x2 
 .bss.rxBuf     0x00000000200012e4      0x400 ./Drivers/BNO08x/spi_hal.o
 .bss.rxBufLen  0x00000000200016e4        0x4 ./Drivers/BNO08x/spi_hal.o
 .bss.rxDataReady
                0x00000000200016e8        0x1 ./Drivers/BNO08x/spi_hal.o
 *fill*         0x00000000200016e9        0x3 
 .bss.txBuf     0x00000000200016ec       0x80 ./Drivers/BNO08x/spi_hal.o
 .bss.txBufLen  0x000000002000176c        0x4 ./Drivers/BNO08x/spi_hal.o
 .bss.sh2Hal    0x0000000020001770       0x14 ./Drivers/BNO08x/spi_hal.o
 .bss.isOpen    0x0000000020001784        0x1 ./Drivers/BNO08x/spi_hal.o
 *fill*         0x0000000020001785        0x3 
 .bss.Device    0x0000000020001788       0x10 ./Drivers/MPU-925x/mpu925x_spi_hal.o
 .bss.uwTick    0x0000000020001798        0x4 ./Drivers/STM32L4xx_HAL_Driver/Src/stm32l4xx_hal.o
                0x0000000020001798                uwTick
 *(COMMON)
                0x000000002000179c                . = ALIGN (0x4)
                0x000000002000179c                _ebss = .
                0x000000002000179c                __bss_end__ = _ebss

._user_heap_stack
                0x000000002000179c      0x604 load address 0x000000000800f51c
                0x00000000200017a0                . = ALIGN (0x8)
 *fill*         0x000000002000179c        0x4 
                [!provide]                        PROVIDE (end = .)
                0x00000000200017a0                PROVIDE (_end = .)
                0x00000000200019a0                . = (. + _Min_Heap_Size)
 *fill*         0x00000000200017a0      0x200 
                0x0000000020001da0                . = (. + _Min_Stack_Size)
 *fill*         0x00000000200019a0      0x400 
                0x0000000020001da0                . = ALIGN (0x8)

/DISCARD/
 libc.a(*)
 libm.a(*)
 libgcc.a(*)

.ARM.attributes
                0x0000000000000000       0x30
 *(.ARM.attributes)
 .ARM.attributes
                0x0000000000000000       0x1e c:/st/stm32cubeide_1.10.1/stm32cubeide/plugins/com.st.stm32cube.ide.mcu.externaltools.gnu-tools-for-stm32.10.3-2021.10.win32_1.0.0.202111181127/tools/bin/../lib/gcc/arm-none-eabi/10.3.1/thumb/v7e-m+fp/hard/crti.o
 .ARM.attributes
                0x000000000000001e       0x34 c:/st/stm32cubeide_1.10.1/stm32cubeide/plugins/com.st.stm32cube.ide.mcu.externaltools.gnu-tools-for-stm32.10.3-2021.10.win32_1.0.0.202111181127/tools/bin/../lib/gcc/arm-none-eabi/10.3.1/thumb/v7e-m+fp/hard/crtbegin.o
 .ARM.attributes
                0x0000000000000052       0x34 ./Core/Src/adc.o
 .ARM.attributes
                0x0000000000000086       0x34 ./Core/Src/can.o
 .ARM.attributes