Archive member included to satisfy reference by file (symbol)

C:/ST/STM32CubeIDE_1.17.0/STM32CubeIDE/plugins/com.st.stm32cube.ide.mcu.externaltools.gnu-tools-for-stm32.13.3.rel1.win32_1.0.0.202411081344/tools/bin/../lib/gcc/arm-none-eabi/13.3.1/../../../../arm-none-eabi/lib/thumb/v7e-m+fp/hard\libc_nano.a(libc_a-exit.o)
                              C:/ST/STM32CubeIDE_1.17.0/STM32CubeIDE/plugins/com.st.stm32cube.ide.mcu.externaltools.gnu-tools-for-stm32.13.3.rel1.win32_1.0.0.202411081344/tools/bin/../lib/gcc/arm-none-eabi/13.3.1/../../../../arm-none-eabi/lib/thumb/v7e-m+fp/hard/crt0.o (exit)
C:/ST/STM32CubeIDE_1.17.0/STM32CubeIDE/plugins/com.st.stm32cube.ide.mcu.externaltools.gnu-tools-for-stm32.13.3.rel1.win32_1.0.0.202411081344/tools/bin/../lib/gcc/arm-none-eabi/13.3.1/../../../../arm-none-eabi/lib/thumb/v7e-m+fp/hard\libc_nano.a(libc_a-findfp.o)
                              C:/ST/STM32CubeIDE_1.17.0/STM32CubeIDE/plugins/com.st.stm32cube.ide.mcu.externaltools.gnu-tools-for-stm32.13.3.rel1.win32_1.0.0.202411081344/tools/bin/../lib/gcc/arm-none-eabi/13.3.1/../../../../arm-none-eabi/lib/thumb/v7e-m+fp/hard\libc_nano.a(libc_a-exit.o) (__stdio_exit_handler)
C:/ST/STM32CubeIDE_1.17.0/STM32CubeIDE/plugins/com.st.stm32cube.ide.mcu.externaltools.gnu-tools-for-stm32.13.3.rel1.win32_1.0.0.202411081344/tools/bin/../lib/gcc/arm-none-eabi/13.3.1/../../../../arm-none-eabi/lib/thumb/v7e-m+fp/hard\libc_nano.a(libc_a-fwalk.o)
                              C:/ST/STM32CubeIDE_1.17.0/STM32CubeIDE/plugins/com.st.stm32cube.ide.mcu.externaltools.gnu-tools-for-stm32.13.3.rel1.win32_1.0.0.202411081344/tools/bin/../lib/gcc/arm-none-eabi/13.3.1/../../../../arm-none-eabi/lib/thumb/v7e-m+fp/hard\libc_nano.a(libc_a-findfp.o) (_fwalk_sglue)
C:/ST/STM32CubeIDE_1.17.0/STM32CubeIDE/plugins/com.st.stm32cube.ide.mcu.externaltools.gnu-tools-for-stm32.13.3.rel1.win32_1.0.0.202411081344/tools/bin/../lib/gcc/arm-none-eabi/13.3.1/../../../../arm-none-eabi/lib/thumb/v7e-m+fp/hard\libc_nano.a(libc_a-stdio.o)
                              C:/ST/STM32CubeIDE_1.17.0/STM32CubeIDE/plugins/com.st.stm32cube.ide.mcu.externaltools.gnu-tools-for-stm32.13.3.rel1.win32_1.0.0.202411081344/tools/bin/../lib/gcc/arm-none-eabi/13.3.1/../../../../arm-none-eabi/lib/thumb/v7e-m+fp/hard\libc_nano.a(libc_a-findfp.o) (__sread)
C:/ST/STM32CubeIDE_1.17.0/STM32CubeIDE/plugins/com.st.stm32cube.ide.mcu.externaltools.gnu-tools-for-stm32.13.3.rel1.win32_1.0.0.202411081344/tools/bin/../lib/gcc/arm-none-eabi/13.3.1/../../../../arm-none-eabi/lib/thumb/v7e-m+fp/hard\libc_nano.a(libc_a-memset.o)
                              C:/ST/STM32CubeIDE_1.17.0/STM32CubeIDE/plugins/com.st.stm32cube.ide.mcu.externaltools.gnu-tools-for-stm32.13.3.rel1.win32_1.0.0.202411081344/tools/bin/../lib/gcc/arm-none-eabi/13.3.1/../../../../arm-none-eabi/lib/thumb/v7e-m+fp/hard/crt0.o (memset)
C:/ST/STM32CubeIDE_1.17.0/STM32CubeIDE/plugins/com.st.stm32cube.ide.mcu.externaltools.gnu-tools-for-stm32.13.3.rel1.win32_1.0.0.202411081344/tools/bin/../lib/gcc/arm-none-eabi/13.3.1/../../../../arm-none-eabi/lib/thumb/v7e-m+fp/hard\libc_nano.a(libc_a-closer.o)
                              C:/ST/STM32CubeIDE_1.17.0/STM32CubeIDE/plugins/com.st.stm32cube.ide.mcu.externaltools.gnu-tools-for-stm32.13.3.rel1.win32_1.0.0.202411081344/tools/bin/../lib/gcc/arm-none-eabi/13.3.1/../../../../arm-none-eabi/lib/thumb/v7e-m+fp/hard\libc_nano.a(libc_a-stdio.o) (_close_r)
C:/ST/STM32CubeIDE_1.17.0/STM32CubeIDE/plugins/com.st.stm32cube.ide.mcu.externaltools.gnu-tools-for-stm32.13.3.rel1.win32_1.0.0.202411081344/tools/bin/../lib/gcc/arm-none-eabi/13.3.1/../../../../arm-none-eabi/lib/thumb/v7e-m+fp/hard\libc_nano.a(libc_a-reent.o)
                              C:/ST/STM32CubeIDE_1.17.0/STM32CubeIDE/plugins/com.st.stm32cube.ide.mcu.externaltools.gnu-tools-for-stm32.13.3.rel1.win32_1.0.0.202411081344/tools/bin/../lib/gcc/arm-none-eabi/13.3.1/../../../../arm-none-eabi/lib/thumb/v7e-m+fp/hard\libc_nano.a(libc_a-closer.o) (errno)
C:/ST/STM32CubeIDE_1.17.0/STM32CubeIDE/plugins/com.st.stm32cube.ide.mcu.externaltools.gnu-tools-for-stm32.13.3.rel1.win32_1.0.0.202411081344/tools/bin/../lib/gcc/arm-none-eabi/13.3.1/../../../../arm-none-eabi/lib/thumb/v7e-m+fp/hard\libc_nano.a(libc_a-impure.o)
                              C:/ST/STM32CubeIDE_1.17.0/STM32CubeIDE/plugins/com.st.stm32cube.ide.mcu.externaltools.gnu-tools-for-stm32.13.3.rel1.win32_1.0.0.202411081344/tools/bin/../lib/gcc/arm-none-eabi/13.3.1/../../../../arm-none-eabi/lib/thumb/v7e-m+fp/hard\libc_nano.a(libc_a-reent.o) (_impure_ptr)
C:/ST/STM32CubeIDE_1.17.0/STM32CubeIDE/plugins/com.st.stm32cube.ide.mcu.externaltools.gnu-tools-for-stm32.13.3.rel1.win32_1.0.0.202411081344/tools/bin/../lib/gcc/arm-none-eabi/13.3.1/../../../../arm-none-eabi/lib/thumb/v7e-m+fp/hard\libc_nano.a(libc_a-lseekr.o)
[...]
Memory Configuration

Name             Origin             Length             Attributes
RAM              0x20000000         0x00018000         xrw
RAM2             0x10000000         0x00008000         xrw
FLASH            0x08000000         0x00100000         xr
*default*        0x00000000         0xffffffff

Linker script and memory map

LOAD C:/ST/STM32CubeIDE_1.17.0/STM32CubeIDE/plugins/com.st.stm32cube.ide.mcu.externaltools.gnu-tools-for-stm32.13.3.rel1.win32_1.0.0.202411081344/tools/bin/../lib/gcc/arm-none-eabi/13.3.1/thumb/v7e-m+fp/hard/crti.o
LOAD C:/ST/STM32CubeIDE_1.17.0/STM32CubeIDE/plugins/com.st.stm32cube.ide.mcu.externaltools.gnu-tools-for-stm32.13.3.rel1.win32_1.0.0.202411081344/tools/bin/../lib/gcc/arm-none-eabi/13.3.1/thumb/v7e-m+fp/hard/crtbegin.o
LOAD C:/ST/STM32CubeIDE_1.17.0/STM32CubeIDE/plugins/com.st.stm32cube.ide.mcu.externaltools.gnu-tools-for-stm32.13.3.rel1.win32_1.0.0.202411081344/tools/bin/../lib/gcc/arm-none-eabi/13.3.1/../../../../arm-none-eabi/lib/thumb/v7e-m+fp/hard/crt0.o
LOAD ./Core/Src/adc.o
LOAD ./Core/Src/can.o
LOAD ./Core/Src/gpio.o
LOAD ./Core/Src/lptim.o
LOAD ./Core/Src/main.o
LOAD ./Core/Src/prosthesis_v2.o
LOAD ./Core/Src/spi.o
LOAD ./Core/Src/stm32l4xx_hal_msp.o
LOAD ./Core/Src/stm32l4xx_it.o
LOAD ./Core/Src/syscalls.o
LOAD ./Core/Src/sysmem.o
LOAD ./Core/Src/system_stm32l4xx.o
LOAD ./Core/Src/tim.o
LOAD ./Core/Src/utilities.o
LOAD ./Core/Startup/startup_stm32l476rgtx.o
LOAD ./Drivers/AKxx-x/akxx-x.o
LOAD ./Drivers/BNO08x/SH2/euler.o
LOAD ./Drivers/BNO08x/SH2/sh2.o
LOAD ./Drivers/BNO08x/SH2/sh2_SensorValue.o
LOAD ./Drivers/BNO08x/SH2/sh2_util.o
LOAD ./Drivers/BNO08x/SH2/shtp.o
LOAD ./Drivers/BNO08x/bno08x_spi_hal.o
LOAD ./Drivers/BNO08x/spi_hal.o
LOAD ./Drivers/LL_Drivers/stm32l4xx_ll_spi.o
LOAD ./Drivers/MPU-925x/mpu925x_spi_hal.o
LOAD ./Drivers/STM32L4xx_HAL_Driver/Src/stm32l4xx_hal.o
LOAD ./Drivers/STM32L4xx_HAL_Driver/Src/stm32l4xx_hal_can.o
LOAD ./Drivers/STM32L4xx_HAL_Driver/Src/stm32l4xx_hal_cortex.o
LOAD ./Drivers/STM32L4xx_HAL_Driver/Src/stm32l4xx_hal_dma.o
LOAD ./Drivers/STM32L4xx_HAL_Driver/Src/stm32l4xx_hal_dma_ex.o
LOAD ./Drivers/STM32L4xx_HAL_Driver/Src/stm32l4xx_hal_exti.o
LOAD ./Drivers/STM32L4xx_HAL_Driver/Src/stm32l4xx_hal_flash.o
LOAD ./Drivers/STM32L4xx_HAL_Driver/Src/stm32l4xx_hal_flash_ex.o
LOAD ./Drivers/STM32L4xx_HAL_Driver/Src/stm32l4xx_hal_flash_ramfunc.o
LOAD ./Drivers/STM32L4xx_HAL_Driver/Src/stm32l4xx_hal_gpio.o
LOAD ./Drivers/STM32L4xx_HAL_Driver/Src/stm32l4xx_hal_i2c.o
LOAD ./Drivers/STM32L4xx_HAL_Driver/Src/stm32l4xx_hal_i2c_ex.o
LOAD ./Drivers/STM32L4xx_HAL_Driver/Src/stm32l4xx_hal_pwr.o
LOAD ./Drivers/STM32L4xx_HAL_Driver/Src/stm32l4xx_hal_pwr_ex.o
LOAD ./Drivers/STM32L4xx_HAL_Driver/Src/stm32l4xx_hal_rcc.o
LOAD ./Drivers/STM32L4xx_HAL_Driver/Src/stm32l4xx_hal_rcc_ex.o
LOAD ./Drivers/STM32L4xx_HAL_Driver/Src/stm32l4xx_hal_spi.o
LOAD ./Drivers/STM32L4xx_HAL_Driver/Src/stm32l4xx_hal_spi_ex.o
LOAD ./Drivers/STM32L4xx_HAL_Driver/Src/stm32l4xx_hal_tim.o
LOAD ./Drivers/STM32L4xx_HAL_Driver/Src/stm32l4xx_hal_tim_ex.o
LOAD ./Drivers/STM32L4xx_HAL_Driver/Src/stm32l4xx_ll_adc.o
LOAD ./Drivers/STM32L4xx_HAL_Driver/Src/stm32l4xx_ll_dma.o
LOAD ./Drivers/STM32L4xx_HAL_Driver/Src/stm32l4xx_ll_exti.o
LOAD ./Drivers/STM32L4xx_HAL_Driver/Src/stm32l4xx_ll_gpio.o
LOAD ./Drivers/STM32L4xx_HAL_Driver/Src/stm32l4xx_ll_lptim.o
LOAD ./Drivers/STM32L4xx_HAL_Driver/Src/stm32l4xx_ll_rcc.o
LOAD ./Drivers/STM32L4xx_HAL_Driver/Src/stm32l4xx_ll_utils.o
START GROUP
LOAD C:/ST/STM32CubeIDE_1.17.0/STM32CubeIDE/plugins/com.st.stm32cube.ide.mcu.externaltools.gnu-tools-for-stm32.13.3.rel1.win32_1.0.0.202411081344/tools/bin/../lib/gcc/arm-none-eabi/13.3.1/../../../../arm-none-eabi/lib/thumb/v7e-m+fp/hard\libc_nano.a
LOAD C:/ST/STM32CubeIDE_1.17.0/STM32CubeIDE/plugins/com.st.stm32cube.ide.mcu.externaltools.gnu-tools-for-stm32.13.3.rel1.win32_1.0.0.202411081344/tools/bin/../lib/gcc/arm-none-eabi/13.3.1/../../../../arm-none-eabi/lib/thumb/v7e-m+fp/hard\libm.a
END GROUP
START GROUP
LOAD C:/ST/STM32CubeIDE_1.17.0/STM32CubeIDE/plugins/com.st.stm32cube.ide.mcu.externaltools.gnu-tools-for-stm32.13.3.rel1.win32_1.0.0.202411081344/tools/bin/../lib/gcc/arm-none-eabi/13.3.1/thumb/v7e-m+fp/hard\libgcc.a
LOAD C:/ST/STM32CubeIDE_1.17.0/STM32CubeIDE/plugins/com.st.stm32cube.ide.mcu.externaltools.gnu-tools-for-stm32.13.3.rel1.win32_1.0.0.202411081344/tools/bin/../lib/gcc/arm-none-eabi/13.3.1/../../../../arm-none-eabi/lib/thumb/v7e-m+fp/hard\libc_nano.a
END GROUP
START GROUP
LOAD C:/ST/STM32CubeIDE_1.17.0/STM32CubeIDE/plugins/com.st.stm32cube.ide.mcu.externaltools.gnu-tools-for-stm32.13.3.rel1.win32_1.0.0.202411081344/tools/bin/../lib/gcc/arm-none-eabi/13.3.1/thumb/v7e-m+fp/hard\libgcc.a
LOAD C:/ST/STM32CubeIDE_1.17.0/STM32CubeIDE/plugins/com.st.stm32cube.ide.mcu.externaltools.gnu-tools-for-stm32.13.3.rel1.win32_1.0.0.202411081344/tools/bin/../lib/gcc/arm-none-eabi/13.3.1/../../../../arm-none-eabi/lib/thumb/v7e-m+fp/hard\libc_nano.a
LOAD C:/ST/STM32CubeIDE_1.17.0/STM32CubeIDE/plugins/com.st.stm32cube.ide.mcu.externaltools.gnu-tools-for-stm32.13.3.rel1.win32_1.0.0.202411081344/tools/bin/../lib/gcc/arm-none-eabi/13.3.1/../../../../arm-none-eabi/lib/thumb/v7e-m+fp/hard\libnosys.a
END GROUP
START GROUP
LOAD C:/ST/STM32CubeIDE_1.17.0/STM32CubeIDE/plugins/com.st.stm32cube.ide.mcu.externaltools.gnu-tools-for-stm32.13.3.rel1.win32_1.0.0.202411081344/tools/bin/../lib/gcc/arm-none-eabi/13.3.1/thumb/v7e-m+fp/hard\libgcc.a
LOAD C:/ST/STM32CubeIDE_1.17.0/STM32CubeIDE/plugins/com.st.stm32cube.ide.mcu.externaltools.gnu-tools-for-stm32.13.3.rel1.win32_1.0.0.202411081344/tools/bin/../lib/gcc/arm-none-eabi/13.3.1/../../../../arm-none-eabi/lib/thumb/v7e-m+fp/hard\libc_nano.a
LOAD C:/ST/STM32CubeIDE_1.17.0/STM32CubeIDE/plugins/com.st.stm32cube.ide.mcu.externaltools.gnu-tools-for-stm32.13.3.rel1.win32_1.0.0.202411081344/tools/bin/../lib/gcc/arm-none-eabi/13.3.1/../../../../arm-none-eabi/lib/thumb/v7e-m+fp/hard\libnosys.a
END GROUP
LOAD C:/ST/STM32CubeIDE_1.17.0/STM32CubeIDE/plugins/com.st.stm32cube.ide.mcu.externaltools.gnu-tools-for-stm32.13.3.rel1.win32_1.0.0.202411081344/tools/bin/../lib/gcc/arm-none-eabi/13.3.1/thumb/v7e-m+fp/hard/crtend.o
LOAD C:/ST/STM32CubeIDE_1.17.0/STM32CubeIDE/plugins/com.st.stm32cube.ide.mcu.externaltools.gnu-tools-for-stm32.13.3.rel1.win32_1.0.0.202411081344/tools/bin/../lib/gcc/arm-none-eabi/13.3.1/thumb/v7e-m+fp/hard/crtn.o
                0x20018000                        _estack = (ORIGIN (RAM) + LENGTH (RAM))
                0x00000200                        _Min_Heap_Size = 0x200
                0x00000400                        _Min_Stack_Size = 0x400

.isr_vector     0x08000000      0x188
                0x08000000                        . = ALIGN (0x4)
 *(.isr_vector)
 .isr_vector    0x08000000      0x188 ./Core/Startup/startup_stm32l476rgtx.o
                0x08000000                g_pfnVectors
                0x08000188                        . = ALIGN (0x4)

.text           0x08000188     0xb694
                0x08000188                        . = ALIGN (0x4)
 *(.text)
 .text          0x08000188       0x40 C:/ST/STM32CubeIDE_1.17.0/STM32CubeIDE/plugins/com.st.stm32cube.ide.mcu.externaltools.gnu-tools-for-stm32.13.3.rel1.win32_1.0.0.202411081344/tools/bin/../lib/gcc/arm-none-eabi/13.3.1/thumb/v7e-m+fp/hard/crtbegin.o
 .text          0x080001c8      0x378 C:/ST/STM32CubeIDE_1.17.0/STM32CubeIDE/plugins/com.st.stm32cube.ide.mcu.externaltools.gnu-tools-for-stm32.13.3.rel1.win32_1.0.0.202411081344/tools/bin/../lib/gcc/arm-none-eabi/13.3.1/thumb/v7e-m+fp/hard\libgcc.a(_arm_addsubdf3.o)
                0x080001c8                __aeabi_drsub
                0x080001d0                __aeabi_dsub
                0x080001d0                __subdf3
                0x080001d4                __aeabi_dadd
                0x080001d4                __adddf3
                0x0800044c                __floatunsidf
                0x0800044c                __aeabi_ui2d
                0x0800046c                __floatsidf
                0x0800046c                __aeabi_i2d
                0x08000490                __aeabi_f2d
                0x08000490                __extendsfdf2
                0x080004d4                __floatundidf
                0x080004d4                __aeabi_ul2d
                0x080004e4                __floatdidf
                0x080004e4                __aeabi_l2d
 .text          0x08000540      0x424 C:/ST/STM32CubeIDE_1.17.0/STM32CubeIDE/plugins/com.st.stm32cube.ide.mcu.externaltools.gnu-tools-for-stm32.13.3.rel1.win32_1.0.0.202411081344/tools/bin/../lib/gcc/arm-none-eabi/13.3.1/thumb/v7e-m+fp/hard\libgcc.a(_arm_muldivdf3.o)
                0x08000540                __aeabi_dmul
                0x08000540                __muldf3
                0x08000794                __divdf3
                0x08000794                __aeabi_ddiv
 .text          0x08000964      0x110 C:/ST/STM32CubeIDE_1.17.0/STM32CubeIDE/plugins/com.st.stm32cube.ide.mcu.externaltools.gnu-tools-for-stm32.13.3.rel1.win32_1.0.0.202411081344/tools/bin/../lib/gcc/arm-none-eabi/13.3.1/thumb/v7e-m+fp/hard\libgcc.a(_arm_cmpdf2.o)
                0x08000964                __gtdf2
                0x08000964                __gedf2
                0x0800096c                __ltdf2
                0x0800096c                __ledf2
                0x08000974                __nedf2
                0x08000974                __eqdf2
                0x08000974                __cmpdf2
                0x080009f0                __aeabi_cdrcmple
                0x08000a00                __aeabi_cdcmpeq
                0x08000a00                __aeabi_cdcmple
                0x08000a10                __aeabi_dcmpeq
                0x08000a24                __aeabi_dcmplt
                0x08000a38                __aeabi_dcmple
                0x08000a4c                __aeabi_dcmpge
                0x08000a60                __aeabi_dcmpgt
 .text          0x08000a74       0x2c C:/ST/STM32CubeIDE_1.17.0/STM32CubeIDE/plugins/com.st.stm32cube.ide.mcu.externaltools.gnu-tools-for-stm32.13.3.rel1.win32_1.0.0.202411081344/tools/bin/../lib/gcc/arm-none-eabi/13.3.1/thumb/v7e-m+fp/hard\libgcc.a(_arm_unorddf2.o)
                0x08000a74                __unorddf2
                0x08000a74                __aeabi_dcmpun
 .text          0x08000aa0       0xa0 C:/ST/STM32CubeIDE_1.17.0/STM32CubeIDE/plugins/com.st.stm32cube.ide.mcu.externaltools.gnu-tools-for-stm32.13.3.rel1.win32_1.0.0.202411081344/tools/bin/../lib/gcc/arm-none-eabi/13.3.1/thumb/v7e-m+fp/hard\libgcc.a(_arm_truncdfsf2.o)
                0x08000aa0                __truncdfsf2
                0x08000aa0                __aeabi_d2f
 *(.text*)
 .text.LL_ADC_SetCommonPathInternalCh
                0x08000b40       0x26 ./Core/Src/adc.o
 .text.LL_ADC_REG_SetSequencerRanks
                0x08000b66       0x58 ./Core/Src/adc.o
 .text.LL_ADC_SetChannelSamplingTime
                0x08000bbe       0x56 ./Core/Src/adc.o
 .text.LL_ADC_SetChannelSingleDiff
                0x08000c14       0x48 ./Core/Src/adc.o
 .text.LL_ADC_DisableDeepPowerDown
                0x08000c5c       0x24 ./Core/Src/adc.o
 .text.LL_ADC_EnableInternalRegulator
                0x08000c80       0x28 ./Core/Src/adc.o
 .text.LL_RCC_SetADCClockSource
                0x08000ca8       0x2c ./Core/Src/adc.o
 .text.LL_AHB2_GRP1_EnableClock
                0x08000cd4       0x30 ./Core/Src/adc.o
 .text.LL_GPIO_EnablePinAnalogControl
                0x08000d04       0x22 ./Core/Src/adc.o
 *fill*         0x08000d26        0x2 
 .text.MX_ADC1_Init
                0x08000d28      0x150 ./Core/Src/adc.o
                0x08000d28                MX_ADC1_Init
 .text.MX_ADC2_Init
                0x08000e78      0x14c ./Core/Src/adc.o
                0x08000e78                MX_ADC2_Init
 .text.MX_CAN1_Init
                0x08000fc4       0x6c ./Core/Src/can.o
                0x08000fc4                MX_CAN1_Init
 .text.HAL_CAN_MspInit
                0x08001030       0xa8 ./Core/Src/can.o
                0x08001030                HAL_CAN_MspInit
 .text.MX_GPIO_Init
                0x080010d8      0x158 ./Core/Src/gpio.o
                0x080010d8                MX_GPIO_Init
 .text.__NVIC_GetPriorityGrouping
                0x08001230       0x1c ./Core/Src/lptim.o
 .text.__NVIC_EnableIRQ
                0x0800124c       0x3c ./Core/Src/lptim.o
 .text.__NVIC_SetPriority
                0x08001288       0x54 ./Core/Src/lptim.o
 .text.NVIC_EncodePriority
                0x080012dc       0x66 ./Core/Src/lptim.o
 .text.LL_LPTIM_SetUpdateMode
                0x08001342       0x26 ./Core/Src/lptim.o
 .text.LL_LPTIM_SetCounterMode
                0x08001368       0x26 ./Core/Src/lptim.o
 .text.LL_LPTIM_SetPolarity
                0x0800138e       0x26 ./Core/Src/lptim.o
 .text.LL_LPTIM_SetPrescaler
                0x080013b4       0x26 ./Core/Src/lptim.o
 .text.LL_LPTIM_SetInput1Src
                0x080013da       0x26 ./Core/Src/lptim.o
 .text.LL_LPTIM_TrigSw
                0x08001400       0x20 ./Core/Src/lptim.o
 .text.LL_LPTIM_SetClockSource
                0x08001420       0x26 ./Core/Src/lptim.o
 *fill*         0x08001446        0x2 
 .text.LL_RCC_SetLPTIMClockSource
                0x08001448       0x34 ./Core/Src/lptim.o
 .text.LL_APB1_GRP2_EnableClock
                0x0800147c       0x30 ./Core/Src/lptim.o
 .text.MX_LPTIM2_Init
                0x080014ac       0x74 ./Core/Src/lptim.o
                0x080014ac                MX_LPTIM2_Init
 .text.LL_ADC_Enable
                0x08001520       0x28 ./Core/Src/main.o
 .text.LL_LPTIM_Enable
                0x08001548       0x20 ./Core/Src/main.o
 .text.LL_LPTIM_StartCounter
                0x08001568       0x26 ./Core/Src/main.o
 .text.LL_LPTIM_SetAutoReload
                0x0800158e       0x26 ./Core/Src/main.o
 .text.LL_LPTIM_EnableIT_ARRM
                0x080015b4       0x20 ./Core/Src/main.o
 .text.LL_RCC_HSE_Enable
                0x080015d4       0x20 ./Core/Src/main.o
 .text.LL_RCC_HSE_IsReady
                0x080015f4       0x28 ./Core/Src/main.o
 .text.LL_RCC_LSI_Enable
                0x0800161c       0x24 ./Core/Src/main.o
 .text.LL_RCC_LSI_IsReady
                0x08001640       0x28 ./Core/Src/main.o
 .text.LL_RCC_SetSysClkSource
                0x08001668       0x28 ./Core/Src/main.o
 .text.LL_RCC_GetSysClkSource
                0x08001690       0x1c ./Core/Src/main.o
 .text.LL_RCC_SetAHBPrescaler
                0x080016ac       0x28 ./Core/Src/main.o
 .text.LL_RCC_SetAPB1Prescaler
                0x080016d4       0x28 ./Core/Src/main.o
 .text.LL_RCC_SetAPB2Prescaler
                0x080016fc       0x28 ./Core/Src/main.o
 .text.LL_RCC_PLL_Enable
                0x08001724       0x20 ./Core/Src/main.o
 .text.LL_RCC_PLL_IsReady
                0x08001744       0x28 ./Core/Src/main.o
 .text.LL_RCC_PLL_ConfigDomain_SYS
                0x0800176c       0x40 ./Core/Src/main.o
 .text.LL_RCC_PLL_EnableDomain_SYS
                0x080017ac       0x20 ./Core/Src/main.o
 .text.LL_FLASH_SetLatency
                0x080017cc       0x28 ./Core/Src/main.o
 .text.LL_FLASH_GetLatency
                0x080017f4       0x1c ./Core/Src/main.o
 .text.LL_PWR_SetRegulVoltageScaling
                0x08001810       0x28 ./Core/Src/main.o
 .text.main     0x08001838      0x2a8 ./Core/Src/main.o
                0x08001838                main
 .text.SystemClock_Config
                0x08001ae0       0xa0 ./Core/Src/main.o
                0x08001ae0                SystemClock_Config
 .text.Error_Handler
                0x08001b80        0xc ./Core/Src/main.o
                0x08001b80                Error_Handler
 .text.LL_ADC_REG_StartConversion
                0x08001b8c       0x28 ./Core/Src/prosthesis_v2.o
 .text.LL_ADC_REG_ReadConversionData12
                0x08001bb4       0x1a ./Core/Src/prosthesis_v2.o
 .text.LL_ADC_IsActiveFlag_EOC
                0x08001bce       0x26 ./Core/Src/prosthesis_v2.o
 .text.LL_GPIO_SetOutputPin
                0x08001bf4       0x1c ./Core/Src/prosthesis_v2.o
 .text.LL_GPIO_ResetOutputPin
                0x08001c10       0x1c ./Core/Src/prosthesis_v2.o
 .text.InitProsthesisControl
                0x08001c2c      0x1b4 ./Core/Src/prosthesis_v2.o
                0x08001c2c                InitProsthesisControl
 .text.RequireTestProgram
                0x08001de0       0x34 ./Core/Src/prosthesis_v2.o
                0x08001de0                RequireTestProgram
 .text.RunProsthesisControl
                0x08001e14       0x44 ./Core/Src/prosthesis_v2.o
                0x08001e14                RunProsthesisControl
 .text.ActivateLED
                0x08001e58       0xb4 ./Core/Src/prosthesis_v2.o
                0x08001e58                ActivateLED
 .text.ErrorHandler
                0x08001f0c       0x68 ./Core/Src/prosthesis_v2.o
                0x08001f0c                ErrorHandler
 *fill*         0x08001f74        0x4 
 .text.GetInputs
                0x08001f78      0x188 ./Core/Src/prosthesis_v2.o
 .text.ReadLoadCell
                0x08002100       0x2c ./Core/Src/prosthesis_v2.o
 *fill*         0x0800212c        0x4 
 .text.ProcessInputs
                0x08002130      0x4b4 ./Core/Src/prosthesis_v2.o
 .text.RunStateMachine
                0x080025e4      0x57c ./Core/Src/prosthesis_v2.o
 .text.CheckMotorCalls
                0x08002b60       0xc8 ./Core/Src/prosthesis_v2.o
 .text.ServiceMotor
                0x08002c28      0x220 ./Core/Src/prosthesis_v2.o
 .text.HAL_SPI_TxCpltCallback
                0x08002e48       0x20 ./Core/Src/prosthesis_v2.o
                0x08002e48                HAL_SPI_TxCpltCallback
 .text.HAL_SPI_RxCpltCallback
                0x08002e68       0x20 ./Core/Src/prosthesis_v2.o
                0x08002e68                HAL_SPI_RxCpltCallback
 .text.HAL_CAN_RxFifo0MsgPendingCallback
                0x08002e88       0x44 ./Core/Src/prosthesis_v2.o
                0x08002e88                HAL_CAN_RxFifo0MsgPendingCallback
 .text.HAL_CAN_RxFifo1MsgPendingCallback
                0x08002ecc       0x44 ./Core/Src/prosthesis_v2.o
                0x08002ecc                HAL_CAN_RxFifo1MsgPendingCallback
 .text.MX_SPI1_Init
                0x08002f10       0x7c ./Core/Src/spi.o
                0x08002f10                MX_SPI1_Init
 .text.HAL_SPI_MspInit
                0x08002f8c       0x94 ./Core/Src/spi.o
                0x08002f8c                HAL_SPI_MspInit
 .text.HAL_SPI_MspDeInit
                0x08003020       0x40 ./Core/Src/spi.o
                0x08003020                HAL_SPI_MspDeInit
 .text.HAL_MspInit
                0x08003060       0x48 ./Core/Src/stm32l4xx_hal_msp.o
                0x08003060                HAL_MspInit
 .text.LL_LPTIM_ClearFLAG_ARRM
                0x080030a8       0x20 ./Core/Src/stm32l4xx_it.o
 .text.LL_LPTIM_IsActiveFlag_ARRM
                0x080030c8       0x26 ./Core/Src/stm32l4xx_it.o
 .text.NMI_Handler
                0x080030ee        0x8 ./Core/Src/stm32l4xx_it.o
                0x080030ee                NMI_Handler
 .text.HardFault_Handler
                0x080030f6        0x8 ./Core/Src/stm32l4xx_it.o
                0x080030f6                HardFault_Handler
 .text.MemManage_Handler
                0x080030fe        0x8 ./Core/Src/stm32l4xx_it.o
                0x080030fe                MemManage_Handler
 .text.BusFault_Handler
                0x08003106        0x8 ./Core/Src/stm32l4xx_it.o
                0x08003106                BusFault_Handler
 .text.UsageFault_Handler
                0x0800310e        0x8 ./Core/Src/stm32l4xx_it.o
                0x0800310e                UsageFault_Handler
 .text.SVC_Handler
                0x08003116        0xe ./Core/Src/stm32l4xx_it.o
                0x08003116                SVC_Handler
 .text.DebugMon_Handler
                0x08003124        0xe ./Core/Src/stm32l4xx_it.o
                0x08003124                DebugMon_Handler
 .text.PendSV_Handler
                0x08003132        0xe ./Core/Src/stm32l4xx_it.o
                0x08003132                PendSV_Handler
 .text.SysTick_Handler
                0x08003140        0xc ./Core/Src/stm32l4xx_it.o
                0x08003140                SysTick_Handler
 .text.CAN1_RX0_IRQHandler
                0x0800314c       0x14 ./Core/Src/stm32l4xx_it.o
                0x0800314c                CAN1_RX0_IRQHandler
 .text.CAN1_RX1_IRQHandler
                0x08003160       0x14 ./Core/Src/stm32l4xx_it.o
                0x08003160                CAN1_RX1_IRQHandler
 .text.EXTI9_5_IRQHandler
                0x08003174        0xe ./Core/Src/stm32l4xx_it.o
                0x08003174                EXTI9_5_IRQHandler
 *fill*         0x08003182        0x2 
 .text.TIM2_IRQHandler
                0x08003184       0x14 ./Core/Src/stm32l4xx_it.o
                0x08003184                TIM2_IRQHandler
 .text.SPI1_IRQHandler
                0x08003198       0x14 ./Core/Src/stm32l4xx_it.o
                0x08003198                SPI1_IRQHandler
 .text.LPTIM2_IRQHandler
                0x080031ac       0x28 ./Core/Src/stm32l4xx_it.o
                0x080031ac                LPTIM2_IRQHandler
 .text.SystemInit
                0x080031d4       0x24 ./Core/Src/system_stm32l4xx.o
                0x080031d4                SystemInit
 .text.MX_TIM2_Init
                0x080031f8       0x9c ./Core/Src/tim.o
                0x080031f8                MX_TIM2_Init
 .text.HAL_TIM_Base_MspInit
                0x08003294       0x48 ./Core/Src/tim.o
                0x08003294                HAL_TIM_Base_MspInit
 *fill*         0x080032dc        0x4 
 .text.QuaternionsToYPR
                0x080032e0      0x208 ./Core/Src/utilities.o
                0x080032e0                QuaternionsToYPR
 .text.Reset_Handler
                0x080034e8       0x50 ./Core/Startup/startup_stm32l476rgtx.o
                0x080034e8                Reset_Handler
 .text.Default_Handler
                0x08003538        0x2 ./Core/Startup/startup_stm32l476rgtx.o
                0x08003538                RTC_Alarm_IRQHandler
                0x08003538                EXTI2_IRQHandler
                0x08003538                TIM8_TRG_COM_IRQHandler
                0x08003538                TIM8_CC_IRQHandler
                0x08003538                TIM1_CC_IRQHandler
                0x08003538                TSC_IRQHandler
                0x08003538                TAMP_STAMP_IRQHandler
                0x08003538                EXTI3_IRQHandler
                0x08003538                DFSDM1_FLT1_IRQHandler
                0x08003538                I2C3_ER_IRQHandler
                0x08003538                DFSDM1_FLT2_IRQHandler
                0x08003538                EXTI0_IRQHandler
                0x08003538                I2C2_EV_IRQHandler
                0x08003538                FPU_IRQHandler
                0x08003538                TIM1_UP_TIM16_IRQHandler
                0x08003538                ADC1_2_IRQHandler
                0x08003538                TIM6_DAC_IRQHandler
                0x08003538                TIM8_UP_IRQHandler
                0x08003538                DMA2_Channel2_IRQHandler
                0x08003538                DMA1_Channel4_IRQHandler
                0x08003538                SAI2_IRQHandler
                0x08003538                DFSDM1_FLT3_IRQHandler
                0x08003538                USART3_IRQHandler
                0x08003538                DMA1_Channel7_IRQHandler
                0x08003538                LCD_IRQHandler
                0x08003538                UART5_IRQHandler
                0x08003538                ADC3_IRQHandler
                0x08003538                TIM4_IRQHandler
                0x08003538                DMA2_Channel1_IRQHandler
                0x08003538                QUADSPI_IRQHandler
                0x08003538                I2C1_EV_IRQHandler
                0x08003538                DMA1_Channel6_IRQHandler
                0x08003538                UART4_IRQHandler
                0x08003538                DMA2_Channel4_IRQHandler
                0x08003538                TIM3_IRQHandler
                0x08003538                RCC_IRQHandler
                0x08003538                DMA1_Channel1_IRQHandler
                0x08003538                Default_Handler
                0x08003538                DMA2_Channel7_IRQHandler
                0x08003538                TIM7_IRQHandler
                0x08003538                SDMMC1_IRQHandler
                0x08003538                TIM5_IRQHandler
                0x08003538                I2C3_EV_IRQHandler
                0x08003538                RTC_WKUP_IRQHandler
                0x08003538                PVD_PVM_IRQHandler
                0x08003538                SPI2_IRQHandler
                0x08003538                CAN1_TX_IRQHandler
                0x08003538                DMA2_Channel5_IRQHandler
                0x08003538                DMA1_Channel5_IRQHandler
                0x08003538                EXTI4_IRQHandler
                0x08003538                RNG_IRQHandler
                0x08003538                TIM1_TRG_COM_TIM17_IRQHandler
                0x08003538                DMA1_Channel3_IRQHandler
                0x08003538                COMP_IRQHandler
                0x08003538                WWDG_IRQHandler
                0x08003538                LPUART1_IRQHandler
                0x08003538                DMA2_Channel6_IRQHandler
                0x08003538                EXTI1_IRQHandler
                0x08003538                USART2_IRQHandler
                0x08003538                DFSDM1_FLT0_IRQHandler
                0x08003538                I2C2_ER_IRQHandler
                0x08003538                DMA1_Channel2_IRQHandler
                0x08003538                TIM8_BRK_IRQHandler
                0x08003538                CAN1_SCE_IRQHandler
                0x08003538                FLASH_IRQHandler
                0x08003538                USART1_IRQHandler
                0x08003538                OTG_FS_IRQHandler
                0x08003538                SPI3_IRQHandler
                0x08003538                I2C1_ER_IRQHandler
                0x08003538                FMC_IRQHandler
                0x08003538                SWPMI1_IRQHandler
                0x08003538                LPTIM1_IRQHandler
                0x08003538                SAI1_IRQHandler
                0x08003538                DMA2_Channel3_IRQHandler
                0x08003538                TIM1_BRK_TIM15_IRQHandler
 *fill*         0x0800353a        0x2 
 .text.AKxx_x_Init
                0x0800353c      0x178 ./Drivers/AKxx-x/akxx-x.o
                0x0800353c                AKxx_x_Init
 .text.AKxx_x_ReadMotor
                0x080036b4       0x1c ./Drivers/AKxx-x/akxx-x.o
                0x080036b4                AKxx_x_ReadMotor
 .text.AKxx_x_WriteMotor
                0x080036d0       0x44 ./Drivers/AKxx-x/akxx-x.o
                0x080036d0                AKxx_x_WriteMotor
 .text.AKxx_x_EnterMotorCtrlMode
                0x08003714       0x40 ./Drivers/AKxx-x/akxx-x.o
                0x08003714                AKxx_x_EnterMotorCtrlMode
 .text.AKxx_x_ExitMotorCtrlMode
                0x08003754       0x8c ./Drivers/AKxx-x/akxx-x.o
                0x08003754                AKxx_x_ExitMotorCtrlMode
 .text.AKxx_x_ZeroMotorPosition
                0x080037e0       0x8c ./Drivers/AKxx-x/akxx-x.o
                0x080037e0                AKxx_x_ZeroMotorPosition
 .text.AKxx_x_PollTxMessagePendingWith10msTimeout
                0x0800386c       0x50 ./Drivers/AKxx-x/akxx-x.o
                0x0800386c                AKxx_x_PollTxMessagePendingWith10msTimeout
 .text.AKxx_x_PollMotorReadWith10msTimeout
                0x080038bc       0x8c ./Drivers/AKxx-x/akxx-x.o
                0x080038bc                AKxx_x_PollMotorReadWith10msTimeout
 .text.ReadData
                0x08003948       0x40 ./Drivers/AKxx-x/akxx-x.o
 .text.WriteData
                0x08003988       0x70 ./Drivers/AKxx-x/akxx-x.o
 .text.EnterMotorCtrlMode
                0x080039f8       0x74 ./Drivers/AKxx-x/akxx-x.o
 .text.PackData
                0x08003a6c      0x17c ./Drivers/AKxx-x/akxx-x.o
 .text.UnpackData
                0x08003be8      0x150 ./Drivers/AKxx-x/akxx-x.o
 .text.UintToFloat
                0x08003d38       0xa4 ./Drivers/AKxx-x/akxx-x.o
 .text.FloatToUint
                0x08003ddc       0xc8 ./Drivers/AKxx-x/akxx-x.o
 .text.opStart  0x08003ea4       0x4a ./Drivers/BNO08x/SH2/sh2.o
 .text.opRx     0x08003eee       0x36 ./Drivers/BNO08x/SH2/sh2.o
 .text.opCompleted
                0x08003f24       0x24 ./Drivers/BNO08x/SH2/sh2.o
 .text.opOnReset
                0x08003f48       0x38 ./Drivers/BNO08x/SH2/sh2.o
 .text.getReportLen
                0x08003f80       0x48 ./Drivers/BNO08x/SH2/sh2.o
 .text.sensorhubControlHdlr
                0x08003fc8      0x164 ./Drivers/BNO08x/SH2/sh2.o
 .text.opProcess
                0x0800412c       0xa8 ./Drivers/BNO08x/SH2/sh2.o
 .text.touSTimestamp
                0x080041d4       0x88 ./Drivers/BNO08x/SH2/sh2.o
 .text.sensorhubInputHdlr
                0x0800425c      0x160 ./Drivers/BNO08x/SH2/sh2.o
 .text.sensorhubInputNormalHdlr
                0x080043bc       0x28 ./Drivers/BNO08x/SH2/sh2.o
 .text.sensorhubInputWakeHdlr
                0x080043e4       0x28 ./Drivers/BNO08x/SH2/sh2.o
 .text.sensorhubInputGyroRvHdlr
                0x0800440c       0xa2 ./Drivers/BNO08x/SH2/sh2.o
 *fill*         0x080044ae        0x2 
 .text.executableDeviceHdlr
                0x080044b0       0x78 ./Drivers/BNO08x/SH2/sh2.o
 .text.sendCtrl
                0x08004528       0x26 ./Drivers/BNO08x/SH2/sh2.o
 .text.setSensorConfigStart
                0x0800454e       0xda ./Drivers/BNO08x/SH2/sh2.o
 .text.shtpEventCallback
                0x08004628       0x44 ./Drivers/BNO08x/SH2/sh2.o
 .text.sh2_open
                0x0800466c      0x134 ./Drivers/BNO08x/SH2/sh2.o
                0x0800466c                sh2_open
 .text.sh2_service
                0x080047a0       0x28 ./Drivers/BNO08x/SH2/sh2.o
                0x080047a0                sh2_service
 .text.sh2_setSensorCallback
                0x080047c8       0x2c ./Drivers/BNO08x/SH2/sh2.o
                0x080047c8                sh2_setSensorCallback
 .text.sh2_setSensorConfig
                0x080047f4       0x54 ./Drivers/BNO08x/SH2/sh2.o
                0x080047f4                sh2_setSensorConfig
 .text.sh2_decodeSensorEvent
                0x08004848      0x318 ./Drivers/BNO08x/SH2/sh2_SensorValue.o
                0x08004848                sh2_decodeSensorEvent
 .text.decodeRawAccelerometer
                0x08004b60       0x5c ./Drivers/BNO08x/SH2/sh2_SensorValue.o
 .text.decodeAccelerometer
                0x08004bbc       0x80 ./Drivers/BNO08x/SH2/sh2_SensorValue.o
 .text.decodeLinearAcceleration
                0x08004c3c       0x80 ./Drivers/BNO08x/SH2/sh2_SensorValue.o
 .text.decodeGravity
                0x08004cbc       0x80 ./Drivers/BNO08x/SH2/sh2_SensorValue.o
 .text.decodeRawGyroscope
                0x08004d3c       0x6e ./Drivers/BNO08x/SH2/sh2_SensorValue.o
 *fill*         0x08004daa        0x2 
 .text.decodeGyroscopeCalibrated
                0x08004dac       0x80 ./Drivers/BNO08x/SH2/sh2_SensorValue.o
 .text.decodeGyroscopeUncal
                0x08004e2c       0xe4 ./Drivers/BNO08x/SH2/sh2_SensorValue.o
 .text.decodeRawMagnetometer
                0x08004f10       0x5c ./Drivers/BNO08x/SH2/sh2_SensorValue.o
 .text.decodeMagneticFieldCalibrated
                0x08004f6c       0x80 ./Drivers/BNO08x/SH2/sh2_SensorValue.o
 .text.decodeMagneticFieldUncal
                0x08004fec       0xe4 ./Drivers/BNO08x/SH2/sh2_SensorValue.o
 .text.decodeRotationVector
                0x080050d0       0xc8 ./Drivers/BNO08x/SH2/sh2_SensorValue.o
 .text.decodeGameRotationVector
                0x08005198       0xa0 ./Drivers/BNO08x/SH2/sh2_SensorValue.o
 .text.decodeGeomagneticRotationVector
                0x08005238       0xc8 ./Drivers/BNO08x/SH2/sh2_SensorValue.o
 .text.decodePressure
                0x08005300       0x38 ./Drivers/BNO08x/SH2/sh2_SensorValue.o
 .text.decodeAmbientLight
                0x08005338       0x38 ./Drivers/BNO08x/SH2/sh2_SensorValue.o
 .text.decodeHumidity
                0x08005370       0x3c ./Drivers/BNO08x/SH2/sh2_SensorValue.o
 .text.decodeProximity
                0x080053ac       0x3c ./Drivers/BNO08x/SH2/sh2_SensorValue.o
 .text.decodeTemperature
                0x080053e8       0x3c ./Drivers/BNO08x/SH2/sh2_SensorValue.o
 .text.decodeReserved
                0x08005424       0x3c ./Drivers/BNO08x/SH2/sh2_SensorValue.o
 .text.decodeTapDetector
                0x08005460       0x20 ./Drivers/BNO08x/SH2/sh2_SensorValue.o
 .text.decodeStepDetector
                0x08005480       0x24 ./Drivers/BNO08x/SH2/sh2_SensorValue.o
 .text.decodeStepCounter
                0x080054a4       0x36 ./Drivers/BNO08x/SH2/sh2_SensorValue.o
 .text.decodeSignificantMotion
                0x080054da       0x26 ./Drivers/BNO08x/SH2/sh2_SensorValue.o
 .text.decodeStabilityClassifier
                0x08005500       0x20 ./Drivers/BNO08x/SH2/sh2_SensorValue.o
 .text.decodeShakeDetector
                0x08005520       0x26 ./Drivers/BNO08x/SH2/sh2_SensorValue.o
 .text.decodeFlipDetector
                0x08005546       0x26 ./Drivers/BNO08x/SH2/sh2_SensorValue.o
 .text.decodePickupDetector
                0x0800556c       0x26 ./Drivers/BNO08x/SH2/sh2_SensorValue.o
 .text.decodeStabilityDetector
                0x08005592       0x26 ./Drivers/BNO08x/SH2/sh2_SensorValue.o
 .text.decodePersonalActivityClassifier
                0x080055b8       0x66 ./Drivers/BNO08x/SH2/sh2_SensorValue.o
 .text.decodeSleepDetector
                0x0800561e       0x20 ./Drivers/BNO08x/SH2/sh2_SensorValue.o
 .text.decodeTiltDetector
                0x0800563e       0x26 ./Drivers/BNO08x/SH2/sh2_SensorValue.o
 .text.decodePocketDetector
                0x08005664       0x26 ./Drivers/BNO08x/SH2/sh2_SensorValue.o
 .text.decodeCircleDetector
                0x0800568a       0x26 ./Drivers/BNO08x/SH2/sh2_SensorValue.o
 .text.decodeHeartRateMonitor
                0x080056b0       0x26 ./Drivers/BNO08x/SH2/sh2_SensorValue.o
 *fill*         0x080056d6        0x2 
 .text.decodeArvrStabilizedRV
                0x080056d8       0xc8 ./Drivers/BNO08x/SH2/sh2_SensorValue.o
 .text.decodeArvrStabilizedGRV
                0x080057a0       0xa0 ./Drivers/BNO08x/SH2/sh2_SensorValue.o
 .text.decodeGyroIntegratedRV
                0x08005840      0x10c ./Drivers/BNO08x/SH2/sh2_SensorValue.o
 .text.decodeIZroRequest
                0x0800594c       0x28 ./Drivers/BNO08x/SH2/sh2_SensorValue.o
 .text.decodeRawOptFlow
                0x08005974       0xfa ./Drivers/BNO08x/SH2/sh2_SensorValue.o
 *fill*         0x08005a6e        0x2 
 .text.decodeDeadReckoningPose
                0x08005a70      0x1d4 ./Drivers/BNO08x/SH2/sh2_SensorValue.o
 .text.decodeWheelEncoder
                0x08005c44       0x5c ./Drivers/BNO08x/SH2/sh2_SensorValue.o
 .text.readu16  0x08005ca0       0x2e ./Drivers/BNO08x/SH2/sh2_util.o
                0x08005ca0                readu16
 .text.readu32  0x08005cce       0x3c ./Drivers/BNO08x/SH2/sh2_util.o
                0x08005cce                readu32
 .text.read8    0x08005d0a       0x1e ./Drivers/BNO08x/SH2/sh2_util.o
                0x08005d0a                read8
 .text.read16   0x08005d28       0x2e ./Drivers/BNO08x/SH2/sh2_util.o
                0x08005d28                read16
 .text.read32   0x08005d56       0x3c ./Drivers/BNO08x/SH2/sh2_util.o
                0x08005d56                read32
 *fill*         0x08005d92        0x2 
 .text.shtp_init
                0x08005d94       0x44 ./Drivers/BNO08x/SH2/shtp.o
 .text.getInstance
                0x08005dd8       0x50 ./Drivers/BNO08x/SH2/shtp.o
 .text.min_u16  0x08005e28       0x2a ./Drivers/BNO08x/SH2/shtp.o
 .text.txProcess
                0x08005e52      0x15c ./Drivers/BNO08x/SH2/shtp.o
 .text.rxAssemble
                0x08005fae      0x2bc ./Drivers/BNO08x/SH2/shtp.o
 *fill*         0x0800626a        0x2 
 .text.shtp_open
                0x0800626c       0x68 ./Drivers/BNO08x/SH2/shtp.o
                0x0800626c                shtp_open
 .text.shtp_setEventCallback
                0x080062d4       0x28 ./Drivers/BNO08x/SH2/shtp.o
                0x080062d4                shtp_setEventCallback
 .text.shtp_listenChan
                0x080062fc       0x60 ./Drivers/BNO08x/SH2/shtp.o
                0x080062fc                shtp_listenChan
 .text.shtp_send
                0x0800635c       0x62 ./Drivers/BNO08x/SH2/shtp.o
                0x0800635c                shtp_send
 .text.shtp_service
                0x080063be       0x4c ./Drivers/BNO08x/SH2/shtp.o
                0x080063be                shtp_service
 *fill*         0x0800640a        0x2 
 .text.BNO08x_Init
                0x0800640c       0x58 ./Drivers/BNO08x/bno08x_spi_hal.o
                0x0800640c                BNO08x_Init
 .text.BNO08x_StartReports
                0x08006464       0x20 ./Drivers/BNO08x/bno08x_spi_hal.o
                0x08006464                BNO08x_StartReports
 .text.BNO08x_ReadSensors
                0x08006484       0x1c ./Drivers/BNO08x/bno08x_spi_hal.o
                0x08006484                BNO08x_ReadSensors
 .text.StartReports
                0x080064a0       0x60 ./Drivers/BNO08x/bno08x_spi_hal.o
 .text.EventHandler
                0x08006500       0x28 ./Drivers/BNO08x/bno08x_spi_hal.o
 .text.ReadEvent
                0x08006528       0x80 ./Drivers/BNO08x/bno08x_spi_hal.o
 .text.bootn    0x080065a8       0x24 ./Drivers/BNO08x/spi_hal.o
 .text.rstn     0x080065cc       0x24 ./Drivers/BNO08x/spi_hal.o
 .text.ps0_waken
                0x080065f0       0x24 ./Drivers/BNO08x/spi_hal.o
 .text.ps1      0x08006614       0x24 ./Drivers/BNO08x/spi_hal.o
 .text.csn      0x08006638       0x24 ./Drivers/BNO08x/spi_hal.o
 .text.timeNowUs
                0x0800665c       0x18 ./Drivers/BNO08x/spi_hal.o
 .text.hal_init_timer
                0x08006674       0x14 ./Drivers/BNO08x/spi_hal.o
 .text.spiDummyOp
                0x08006688       0x28 ./Drivers/BNO08x/spi_hal.o
 .text.hal_init_hw
                0x080066b0       0x16 ./Drivers/BNO08x/spi_hal.o
 .text.enableInts
                0x080066c6       0x14 ./Drivers/BNO08x/spi_hal.o
 .text.disableInts
                0x080066da       0x14 ./Drivers/BNO08x/spi_hal.o
 *fill*         0x080066ee        0x2 
 .text.spiActivate
                0x080066f0       0x88 ./Drivers/BNO08x/spi_hal.o
 .text.spiCompleted
                0x08006778       0xec ./Drivers/BNO08x/spi_hal.o
 .text.HAL_GPIO_EXTI_Callback
                0x08006864       0x38 ./Drivers/BNO08x/spi_hal.o
                0x08006864                HAL_GPIO_EXTI_Callback
 .text.EXTI15_10_IRQHandler
                0x0800689c       0x10 ./Drivers/BNO08x/spi_hal.o
                0x0800689c                EXTI15_10_IRQHandler
 .text.HAL_SPI_TxRxCpltCallback
                0x080068ac       0x20 ./Drivers/BNO08x/spi_hal.o
                0x080068ac                HAL_SPI_TxRxCpltCallback
 .text.HAL_SPI_ErrorCallback
                0x080068cc       0x16 ./Drivers/BNO08x/spi_hal.o
                0x080068cc                HAL_SPI_ErrorCallback
 .text.delayUs  0x080068e2       0x34 ./Drivers/BNO08x/spi_hal.o
                0x080068e2                delayUs
 *fill*         0x08006916        0x2 
 .text.resetDelayUs
                0x08006918       0x40 ./Drivers/BNO08x/spi_hal.o
                0x08006918                resetDelayUs
 .text.sh2_spi_hal_open
                0x08006958       0xb4 ./Drivers/BNO08x/spi_hal.o
 .text.sh2_spi_hal_close
                0x08006a0c       0x74 ./Drivers/BNO08x/spi_hal.o
 .text.sh2_spi_hal_read
                0x08006a80       0x78 ./Drivers/BNO08x/spi_hal.o
 .text.sh2_spi_hal_write
                0x08006af8       0x70 ./Drivers/BNO08x/spi_hal.o
 .text.sh2_spi_hal_getTimeUs
                0x08006b68       0x16 ./Drivers/BNO08x/spi_hal.o
 *fill*         0x08006b7e        0x2 
 .text.sh2_hal_init
                0x08006b80       0x48 ./Drivers/BNO08x/spi_hal.o
                0x08006b80                sh2_hal_init
 .text.LL_GPIO_SetOutputPin
                0x08006bc8       0x1c ./Drivers/MPU-925x/mpu925x_spi_hal.o
 .text.LL_GPIO_ResetOutputPin
                0x08006be4       0x1c ./Drivers/MPU-925x/mpu925x_spi_hal.o
 .text.MPU925x_Init
                0x08006c00       0x6c ./Drivers/MPU-925x/mpu925x_spi_hal.o
                0x08006c00                MPU925x_Init
 *fill*         0x08006c6c        0x4 
 .text.MPU925x_SetGyroSensitivity
                0x08006c70      0x158 ./Drivers/MPU-925x/mpu925x_spi_hal.o
                0x08006c70                MPU925x_SetGyroSensitivity
 .text.MPU925x_StartReadIMU_IT
                0x08006dc8       0x3c ./Drivers/MPU-925x/mpu925x_spi_hal.o
                0x08006dc8                MPU925x_StartReadIMU_IT
 .text.MPU925x_ReadIMU_IT
                0x08006e04       0x38 ./Drivers/MPU-925x/mpu925x_spi_hal.o
                0x08006e04                MPU925x_ReadIMU_IT
 .text.MPU925x_ConvertIMU_Data
                0x08006e3c      0x170 ./Drivers/MPU-925x/mpu925x_spi_hal.o
                0x08006e3c                MPU925x_ConvertIMU_Data
 .text.MPU925x_ClearChipSelect
                0x08006fac       0x34 ./Drivers/MPU-925x/mpu925x_spi_hal.o
                0x08006fac                MPU925x_ClearChipSelect
 .text.MPU925x_SetChipSelect
                0x08006fe0       0x34 ./Drivers/MPU-925x/mpu925x_spi_hal.o
                0x08006fe0                MPU925x_SetChipSelect
 .text.ReadRegData
                0x08007014       0x68 ./Drivers/MPU-925x/mpu925x_spi_hal.o
 .text.ReadData_IT
                0x0800707c       0x34 ./Drivers/MPU-925x/mpu925x_spi_hal.o
 .text.WriteRegData
                0x080070b0       0x5c ./Drivers/MPU-925x/mpu925x_spi_hal.o
 .text.WriteData_IT
                0x0800710c       0x34 ./Drivers/MPU-925x/mpu925x_spi_hal.o
 .text.ClearChipSelect
                0x08007140       0x38 ./Drivers/MPU-925x/mpu925x_spi_hal.o
 .text.SetChipSelect
                0x08007178       0x38 ./Drivers/MPU-925x/mpu925x_spi_hal.o
 .text.HAL_Init
                0x080071b0       0x30 ./Drivers/STM32L4xx_HAL_Driver/Src/stm32l4xx_hal.o
                0x080071b0                HAL_Init
 .text.HAL_InitTick
                0x080071e0       0x78 ./Drivers/STM32L4xx_HAL_Driver/Src/stm32l4xx_hal.o
                0x080071e0                HAL_InitTick
 .text.HAL_IncTick
                0x08007258       0x28 ./Drivers/STM32L4xx_HAL_Driver/Src/stm32l4xx_hal.o
                0x08007258                HAL_IncTick
 .text.HAL_GetTick
                0x08007280       0x18 ./Drivers/STM32L4xx_HAL_Driver/Src/stm32l4xx_hal.o
                0x08007280                HAL_GetTick
 .text.HAL_CAN_Init
                0x08007298      0x1f6 ./Drivers/STM32L4xx_HAL_Driver/Src/stm32l4xx_hal_can.o
                0x08007298                HAL_CAN_Init
 .text.HAL_CAN_ConfigFilter
                0x0800748e      0x194 ./Drivers/STM32L4xx_HAL_Driver/Src/stm32l4xx_hal_can.o
                0x0800748e                HAL_CAN_ConfigFilter
 .text.HAL_CAN_Start
                0x08007622       0x88 ./Drivers/STM32L4xx_HAL_Driver/Src/stm32l4xx_hal_can.o
                0x08007622                HAL_CAN_Start
 .text.HAL_CAN_AddTxMessage
                0x080076aa      0x1a0 ./Drivers/STM32L4xx_HAL_Driver/Src/stm32l4xx_hal_can.o
                0x080076aa                HAL_CAN_AddTxMessage
 .text.HAL_CAN_IsTxMessagePending
                0x0800784a       0x48 ./Drivers/STM32L4xx_HAL_Driver/Src/stm32l4xx_hal_can.o
                0x0800784a                HAL_CAN_IsTxMessagePending
 .text.HAL_CAN_GetRxMessage
                0x08007892      0x224 ./Drivers/STM32L4xx_HAL_Driver/Src/stm32l4xx_hal_can.o
                0x08007892                HAL_CAN_GetRxMessage
 .text.HAL_CAN_GetRxFifoFillLevel
                0x08007ab6       0x50 ./Drivers/STM32L4xx_HAL_Driver/Src/stm32l4xx_hal_can.o
                0x08007ab6                HAL_CAN_GetRxFifoFillLevel
 .text.HAL_CAN_ActivateNotification
                0x08007b06       0x4c ./Drivers/STM32L4xx_HAL_Driver/Src/stm32l4xx_hal_can.o
                0x08007b06                HAL_CAN_ActivateNotification
 .text.HAL_CAN_DeactivateNotification
                0x08007b52       0x4e ./Drivers/STM32L4xx_HAL_Driver/Src/stm32l4xx_hal_can.o
                0x08007b52                HAL_CAN_DeactivateNotification
 .text.HAL_CAN_IRQHandler
                0x08007ba0      0x36e ./Drivers/STM32L4xx_HAL_Driver/Src/stm32l4xx_hal_can.o
                0x08007ba0                HAL_CAN_IRQHandler
 .text.HAL_CAN_TxMailbox0CompleteCallback
                0x08007f0e       0x14 ./Drivers/STM32L4xx_HAL_Driver/Src/stm32l4xx_hal_can.o
                0x08007f0e                HAL_CAN_TxMailbox0CompleteCallback
 .text.HAL_CAN_TxMailbox1CompleteCallback
                0x08007f22       0x14 ./Drivers/STM32L4xx_HAL_Driver/Src/stm32l4xx_hal_can.o
                0x08007f22                HAL_CAN_TxMailbox1CompleteCallback
 .text.HAL_CAN_TxMailbox2CompleteCallback
                0x08007f36       0x14 ./Drivers/STM32L4xx_HAL_Driver/Src/stm32l4xx_hal_can.o
                0x08007f36                HAL_CAN_TxMailbox2CompleteCallback
 .text.HAL_CAN_TxMailbox0AbortCallback
                0x08007f4a       0x14 ./Drivers/STM32L4xx_HAL_Driver/Src/stm32l4xx_hal_can.o
                0x08007f4a                HAL_CAN_TxMailbox0AbortCallback
 .text.HAL_CAN_TxMailbox1AbortCallback
                0x08007f5e       0x14 ./Drivers/STM32L4xx_HAL_Driver/Src/stm32l4xx_hal_can.o
                0x08007f5e                HAL_CAN_TxMailbox1AbortCallback
 .text.HAL_CAN_TxMailbox2AbortCallback
                0x08007f72       0x14 ./Drivers/STM32L4xx_HAL_Driver/Src/stm32l4xx_hal_can.o
                0x08007f72                HAL_CAN_TxMailbox2AbortCallback
 .text.HAL_CAN_RxFifo0FullCallback
                0x08007f86       0x14 ./Drivers/STM32L4xx_HAL_Driver/Src/stm32l4xx_hal_can.o
                0x08007f86                HAL_CAN_RxFifo0FullCallback
 .text.HAL_CAN_RxFifo1FullCallback
                0x08007f9a       0x14 ./Drivers/STM32L4xx_HAL_Driver/Src/stm32l4xx_hal_can.o
                0x08007f9a                HAL_CAN_RxFifo1FullCallback
 .text.HAL_CAN_SleepCallback
                0x08007fae       0x14 ./Drivers/STM32L4xx_HAL_Driver/Src/stm32l4xx_hal_can.o
                0x08007fae                HAL_CAN_SleepCallback
 .text.HAL_CAN_WakeUpFromRxMsgCallback
                0x08007fc2       0x14 ./Drivers/STM32L4xx_HAL_Driver/Src/stm32l4xx_hal_can.o
                0x08007fc2                HAL_CAN_WakeUpFromRxMsgCallback
 .text.HAL_CAN_ErrorCallback
                0x08007fd6       0x14 ./Drivers/STM32L4xx_HAL_Driver/Src/stm32l4xx_hal_can.o
                0x08007fd6                HAL_CAN_ErrorCallback
 *fill*         0x08007fea        0x2 
 .text.__NVIC_SetPriorityGrouping
                0x08007fec       0x48 ./Drivers/STM32L4xx_HAL_Driver/Src/stm32l4xx_hal_cortex.o
 .text.__NVIC_GetPriorityGrouping
                0x08008034       0x1c ./Drivers/STM32L4xx_HAL_Driver/Src/stm32l4xx_hal_cortex.o
 .text.__NVIC_EnableIRQ
                0x08008050       0x3c ./Drivers/STM32L4xx_HAL_Driver/Src/stm32l4xx_hal_cortex.o
 .text.__NVIC_DisableIRQ
                0x0800808c       0x48 ./Drivers/STM32L4xx_HAL_Driver/Src/stm32l4xx_hal_cortex.o
 .text.__NVIC_SetPriority
                0x080080d4       0x54 ./Drivers/STM32L4xx_HAL_Driver/Src/stm32l4xx_hal_cortex.o
 .text.NVIC_EncodePriority
                0x08008128       0x66 ./Drivers/STM32L4xx_HAL_Driver/Src/stm32l4xx_hal_cortex.o
 *fill*         0x0800818e        0x2 
 .text.SysTick_Config
                0x08008190       0x44 ./Drivers/STM32L4xx_HAL_Driver/Src/stm32l4xx_hal_cortex.o
 .text.HAL_NVIC_SetPriorityGrouping
                0x080081d4       0x16 ./Drivers/STM32L4xx_HAL_Driver/Src/stm32l4xx_hal_cortex.o
                0x080081d4                HAL_NVIC_SetPriorityGrouping
 .text.HAL_NVIC_SetPriority
                0x080081ea       0x38 ./Drivers/STM32L4xx_HAL_Driver/Src/stm32l4xx_hal_cortex.o
                0x080081ea                HAL_NVIC_SetPriority
 .text.HAL_NVIC_EnableIRQ
                0x08008222       0x1c ./Drivers/STM32L4xx_HAL_Driver/Src/stm32l4xx_hal_cortex.o
                0x08008222                HAL_NVIC_EnableIRQ
 .text.HAL_NVIC_DisableIRQ
                0x0800823e       0x1c ./Drivers/STM32L4xx_HAL_Driver/Src/stm32l4xx_hal_cortex.o
                0x0800823e                HAL_NVIC_DisableIRQ
 .text.HAL_SYSTICK_Config
                0x0800825a       0x18 ./Drivers/STM32L4xx_HAL_Driver/Src/stm32l4xx_hal_cortex.o
                0x0800825a                HAL_SYSTICK_Config
 .text.HAL_DMA_Abort_IT
                0x08008272       0x82 ./Drivers/STM32L4xx_HAL_Driver/Src/stm32l4xx_hal_dma.o
                0x08008272                HAL_DMA_Abort_IT
 .text.HAL_GPIO_Init
                0x080082f4      0x354 ./Drivers/STM32L4xx_HAL_Driver/Src/stm32l4xx_hal_gpio.o
                0x080082f4                HAL_GPIO_Init
 .text.HAL_GPIO_DeInit
                0x08008648      0x1e8 ./Drivers/STM32L4xx_HAL_Driver/Src/stm32l4xx_hal_gpio.o
                0x08008648                HAL_GPIO_DeInit
 .text.HAL_GPIO_WritePin
                0x08008830       0x30 ./Drivers/STM32L4xx_HAL_Driver/Src/stm32l4xx_hal_gpio.o
                0x08008830                HAL_GPIO_WritePin
 .text.HAL_GPIO_EXTI_IRQHandler
                0x08008860       0x30 ./Drivers/STM32L4xx_HAL_Driver/Src/stm32l4xx_hal_gpio.o
                0x08008860                HAL_GPIO_EXTI_IRQHandler
 .text.HAL_SPI_Init
                0x08008890      0x146 ./Drivers/STM32L4xx_HAL_Driver/Src/stm32l4xx_hal_spi.o
                0x08008890                HAL_SPI_Init
 .text.HAL_SPI_DeInit
                0x080089d6       0x50 ./Drivers/STM32L4xx_HAL_Driver/Src/stm32l4xx_hal_spi.o
                0x080089d6                HAL_SPI_DeInit
 .text.HAL_SPI_Transmit
                0x08008a26      0x2dc ./Drivers/STM32L4xx_HAL_Driver/Src/stm32l4xx_hal_spi.o
                0x08008a26                HAL_SPI_Transmit
 .text.HAL_SPI_Receive
                0x08008d02      0x260 ./Drivers/STM32L4xx_HAL_Driver/Src/stm32l4xx_hal_spi.o
                0x08008d02                HAL_SPI_Receive
 .text.HAL_SPI_TransmitReceive
                0x08008f62      0x426 ./Drivers/STM32L4xx_HAL_Driver/Src/stm32l4xx_hal_spi.o
                0x08008f62                HAL_SPI_TransmitReceive
 .text.HAL_SPI_Transmit_IT
                0x08009388      0x11c ./Drivers/STM32L4xx_HAL_Driver/Src/stm32l4xx_hal_spi.o
                0x08009388                HAL_SPI_Transmit_IT
 .text.HAL_SPI_Receive_IT
                0x080094a4      0x160 ./Drivers/STM32L4xx_HAL_Driver/Src/stm32l4xx_hal_spi.o
                0x080094a4                HAL_SPI_Receive_IT
 .text.HAL_SPI_TransmitReceive_IT
                0x08009604      0x160 ./Drivers/STM32L4xx_HAL_Driver/Src/stm32l4xx_hal_spi.o
                0x08009604                HAL_SPI_TransmitReceive_IT
 .text.HAL_SPI_IRQHandler
                0x08009764      0x200 ./Drivers/STM32L4xx_HAL_Driver/Src/stm32l4xx_hal_spi.o
                0x08009764                HAL_SPI_IRQHandler
 .text.SPI_DMAAbortOnError
                0x08009964       0x2a ./Drivers/STM32L4xx_HAL_Driver/Src/stm32l4xx_hal_spi.o
 .text.SPI_2linesRxISR_8BIT
                0x0800998e       0xbe ./Drivers/STM32L4xx_HAL_Driver/Src/stm32l4xx_hal_spi.o
 .text.SPI_2linesTxISR_8BIT
                0x08009a4c       0x92 ./Drivers/STM32L4xx_HAL_Driver/Src/stm32l4xx_hal_spi.o
 .text.SPI_2linesRxISR_16BIT
                0x08009ade       0x66 ./Drivers/STM32L4xx_HAL_Driver/Src/stm32l4xx_hal_spi.o
 .text.SPI_2linesTxISR_16BIT
                0x08009b44       0x60 ./Drivers/STM32L4xx_HAL_Driver/Src/stm32l4xx_hal_spi.o
 .text.SPI_RxISR_8BIT
                0x08009ba4       0x50 ./Drivers/STM32L4xx_HAL_Driver/Src/stm32l4xx_hal_spi.o
 .text.SPI_RxISR_16BIT
                0x08009bf4       0x4c ./Drivers/STM32L4xx_HAL_Driver/Src/stm32l4xx_hal_spi.o
 .text.SPI_TxISR_8BIT
                0x08009c40       0x46 ./Drivers/STM32L4xx_HAL_Driver/Src/stm32l4xx_hal_spi.o
 .text.SPI_TxISR_16BIT
                0x08009c86       0x44 ./Drivers/STM32L4xx_HAL_Driver/Src/stm32l4xx_hal_spi.o
 *fill*         0x08009cca        0x2 
 .text.SPI_WaitFlagStateUntilTimeout
                0x08009ccc      0x110 ./Drivers/STM32L4xx_HAL_Driver/Src/stm32l4xx_hal_spi.o
 .text.SPI_WaitFifoStateUntilTimeout
                0x08009ddc      0x12c ./Drivers/STM32L4xx_HAL_Driver/Src/stm32l4xx_hal_spi.o
 .text.SPI_EndRxTransaction
                0x08009f08       0xb0 ./Drivers/STM32L4xx_HAL_Driver/Src/stm32l4xx_hal_spi.o
 .text.SPI_EndRxTxTransaction
                0x08009fb8       0x8c ./Drivers/STM32L4xx_HAL_Driver/Src/stm32l4xx_hal_spi.o
 .text.SPI_CloseRxTx_ISR
                0x0800a044       0x84 ./Drivers/STM32L4xx_HAL_Driver/Src/stm32l4xx_hal_spi.o
 .text.SPI_CloseRx_ISR
                0x0800a0c8       0x60 ./Drivers/STM32L4xx_HAL_Driver/Src/stm32l4xx_hal_spi.o
 .text.SPI_CloseTx_ISR
                0x0800a128       0x7e ./Drivers/STM32L4xx_HAL_Driver/Src/stm32l4xx_hal_spi.o
 .text.HAL_TIM_Base_Init
                0x0800a1a6       0xae ./Drivers/STM32L4xx_HAL_Driver/Src/stm32l4xx_hal_tim.o
                0x0800a1a6                HAL_TIM_Base_Init
 .text.HAL_TIM_Base_Start
                0x0800a254       0xd0 ./Drivers/STM32L4xx_HAL_Driver/Src/stm32l4xx_hal_tim.o
                0x0800a254                HAL_TIM_Base_Start
 .text.HAL_TIM_IRQHandler
                0x0800a324      0x23e ./Drivers/STM32L4xx_HAL_Driver/Src/stm32l4xx_hal_tim.o
                0x0800a324                HAL_TIM_IRQHandler
 .text.HAL_TIM_ConfigClockSource
                0x0800a562      0x192 ./Drivers/STM32L4xx_HAL_Driver/Src/stm32l4xx_hal_tim.o
                0x0800a562                HAL_TIM_ConfigClockSource
 .text.HAL_TIM_PeriodElapsedCallback
                0x0800a6f4       0x14 ./Drivers/STM32L4xx_HAL_Driver/Src/stm32l4xx_hal_tim.o
                0x0800a6f4                HAL_TIM_PeriodElapsedCallback
 .text.HAL_TIM_OC_DelayElapsedCallback
                0x0800a708       0x14 ./Drivers/STM32L4xx_HAL_Driver/Src/stm32l4xx_hal_tim.o
                0x0800a708                HAL_TIM_OC_DelayElapsedCallback
 .text.HAL_TIM_IC_CaptureCallback
                0x0800a71c       0x14 ./Drivers/STM32L4xx_HAL_Driver/Src/stm32l4xx_hal_tim.o
                0x0800a71c                HAL_TIM_IC_CaptureCallback
 .text.HAL_TIM_PWM_PulseFinishedCallback
                0x0800a730       0x14 ./Drivers/STM32L4xx_HAL_Driver/Src/stm32l4xx_hal_tim.o
                0x0800a730                HAL_TIM_PWM_PulseFinishedCallback
 .text.HAL_TIM_TriggerCallback
                0x0800a744       0x14 ./Drivers/STM32L4xx_HAL_Driver/Src/stm32l4xx_hal_tim.o
                0x0800a744                HAL_TIM_TriggerCallback
 .text.TIM_Base_SetConfig
                0x0800a758      0x134 ./Drivers/STM32L4xx_HAL_Driver/Src/stm32l4xx_hal_tim.o
                0x0800a758                TIM_Base_SetConfig
 .text.TIM_TI1_ConfigInputStage
                0x0800a88c       0x5e ./Drivers/STM32L4xx_HAL_Driver/Src/stm32l4xx_hal_tim.o
 .text.TIM_TI2_ConfigInputStage
                0x0800a8ea       0x60 ./Drivers/STM32L4xx_HAL_Driver/Src/stm32l4xx_hal_tim.o
 .text.TIM_ITRx_SetConfig
                0x0800a94a       0x36 ./Drivers/STM32L4xx_HAL_Driver/Src/stm32l4xx_hal_tim.o
 .text.TIM_ETR_SetConfig
                0x0800a980       0x40 ./Drivers/STM32L4xx_HAL_Driver/Src/stm32l4xx_hal_tim.o
                0x0800a980                TIM_ETR_SetConfig
 .text.HAL_TIMEx_MasterConfigSynchronization
                0x0800a9c0      0x110 ./Drivers/STM32L4xx_HAL_Driver/Src/stm32l4xx_hal_tim_ex.o
                0x0800a9c0                HAL_TIMEx_MasterConfigSynchronization
 .text.HAL_TIMEx_CommutCallback
                0x0800aad0       0x14 ./Drivers/STM32L4xx_HAL_Driver/Src/stm32l4xx_hal_tim_ex.o
                0x0800aad0                HAL_TIMEx_CommutCallback
 .text.HAL_TIMEx_BreakCallback
                0x0800aae4       0x14 ./Drivers/STM32L4xx_HAL_Driver/Src/stm32l4xx_hal_tim_ex.o
                0x0800aae4                HAL_TIMEx_BreakCallback
 .text.HAL_TIMEx_Break2Callback
                0x0800aaf8       0x14 ./Drivers/STM32L4xx_HAL_Driver/Src/stm32l4xx_hal_tim_ex.o
                0x0800aaf8                HAL_TIMEx_Break2Callback
 .text.LL_ADC_REG_SetSequencerLength
                0x0800ab0c       0x26 ./Drivers/STM32L4xx_HAL_Driver/Src/stm32l4xx_ll_adc.o
 .text.LL_ADC_IsEnabled
                0x0800ab32       0x26 ./Drivers/STM32L4xx_HAL_Driver/Src/stm32l4xx_ll_adc.o
 .text.LL_ADC_CommonInit
                0x0800ab58       0x90 ./Drivers/STM32L4xx_HAL_Driver/Src/stm32l4xx_ll_adc.o
                0x0800ab58                LL_ADC_CommonInit
 .text.LL_ADC_Init
                0x0800abe8       0x4c ./Drivers/STM32L4xx_HAL_Driver/Src/stm32l4xx_ll_adc.o
                0x0800abe8                LL_ADC_Init
 .text.LL_ADC_REG_Init
                0x0800ac34       0x94 ./Drivers/STM32L4xx_HAL_Driver/Src/stm32l4xx_ll_adc.o
                0x0800ac34                LL_ADC_REG_Init
 .text.LL_GPIO_SetPinMode
                0x0800acc8       0x7a ./Drivers/STM32L4xx_HAL_Driver/Src/stm32l4xx_ll_gpio.o
 .text.LL_GPIO_SetPinOutputType
                0x0800ad42       0x30 ./Drivers/STM32L4xx_HAL_Driver/Src/stm32l4xx_ll_gpio.o
 .text.LL_GPIO_SetPinSpeed
                0x0800ad72       0x7a ./Drivers/STM32L4xx_HAL_Driver/Src/stm32l4xx_ll_gpio.o
 .text.LL_GPIO_SetPinPull
                0x0800adec       0x7a ./Drivers/STM32L4xx_HAL_Driver/Src/stm32l4xx_ll_gpio.o
 .text.LL_GPIO_SetAFPin_0_7
                0x0800ae66       0x7a ./Drivers/STM32L4xx_HAL_Driver/Src/stm32l4xx_ll_gpio.o
 .text.LL_GPIO_SetAFPin_8_15
                0x0800aee0       0x7e ./Drivers/STM32L4xx_HAL_Driver/Src/stm32l4xx_ll_gpio.o
 .text.LL_GPIO_Init
                0x0800af5e       0xdc ./Drivers/STM32L4xx_HAL_Driver/Src/stm32l4xx_ll_gpio.o
                0x0800af5e                LL_GPIO_Init
 *fill*         0x0800b03a        0x2 
 .text.LL_mDelay
                0x0800b03c       0x50 ./Drivers/STM32L4xx_HAL_Driver/Src/stm32l4xx_ll_utils.o
                0x0800b03c                LL_mDelay
 .text.LL_SetSystemCoreClock
                0x0800b08c       0x20 ./Drivers/STM32L4xx_HAL_Driver/Src/stm32l4xx_ll_utils.o
                0x0800b08c                LL_SetSystemCoreClock
 .text.memset   0x0800b0ac       0x10 C:/ST/STM32CubeIDE_1.17.0/STM32CubeIDE/plugins/com.st.stm32cube.ide.mcu.externaltools.gnu-tools-for-stm32.13.3.rel1.win32_1.0.0.202411081344/tools/bin/../lib/gcc/arm-none-eabi/13.3.1/../../../../arm-none-eabi/lib/thumb/v7e-m+fp/hard\libc_nano.a(libc_a-memset.o)
                0x0800b0ac                memset
 .text.__errno  0x0800b0bc        0xc C:/ST/STM32CubeIDE_1.17.0/STM32CubeIDE/plugins/com.st.stm32cube.ide.mcu.externaltools.gnu-tools-for-stm32.13.3.rel1.win32_1.0.0.202411081344/tools/bin/../lib/gcc/arm-none-eabi/13.3.1/../../../../arm-none-eabi/lib/thumb/v7e-m+fp/hard\libc_nano.a(libc_a-errno.o)
                0x0800b0bc                __errno
 .text.__libc_init_array
                0x0800b0c8       0x48 C:/ST/STM32CubeIDE_1.17.0/STM32CubeIDE/plugins/com.st.stm32cube.ide.mcu.externaltools.gnu-tools-for-stm32.13.3.rel1.win32_1.0.0.202411081344/tools/bin/../lib/gcc/arm-none-eabi/13.3.1/../../../../arm-none-eabi/lib/thumb/v7e-m+fp/hard\libc_nano.a(libc_a-init.o)
                0x0800b0c8                __libc_init_array
 .text.memcpy   0x0800b110       0x1c C:/ST/STM32CubeIDE_1.17.0/STM32CubeIDE/plugins/com.st.stm32cube.ide.mcu.externaltools.gnu-tools-for-stm32.13.3.rel1.win32_1.0.0.202411081344/tools/bin/../lib/gcc/arm-none-eabi/13.3.1/../../../../arm-none-eabi/lib/thumb/v7e-m+fp/hard\libc_nano.a(libc_a-memcpy-stub.o)
                0x0800b110                memcpy
 .text.atan2    0x0800b12c        0x4 C:/ST/STM32CubeIDE_1.17.0/STM32CubeIDE/plugins/com.st.stm32cube.ide.mcu.externaltools.gnu-tools-for-stm32.13.3.rel1.win32_1.0.0.202411081344/tools/bin/../lib/gcc/arm-none-eabi/13.3.1/../../../../arm-none-eabi/lib/thumb/v7e-m+fp/hard\libm.a(libm_a-w_atan2.o)
                0x0800b12c                atan2
 .text.sqrt     0x0800b130       0x58 C:/ST/STM32CubeIDE_1.17.0/STM32CubeIDE/plugins/com.st.stm32cube.ide.mcu.externaltools.gnu-tools-for-stm32.13.3.rel1.win32_1.0.0.202411081344/tools/bin/../lib/gcc/arm-none-eabi/13.3.1/../../../../arm-none-eabi/lib/thumb/v7e-m+fp/hard\libm.a(libm_a-w_sqrt.o)
                0x0800b130                sqrt
 .text.atan     0x0800b188      0x330 C:/ST/STM32CubeIDE_1.17.0/STM32CubeIDE/plugins/com.st.stm32cube.ide.mcu.externaltools.gnu-tools-for-stm32.13.3.rel1.win32_1.0.0.202411081344/tools/bin/../lib/gcc/arm-none-eabi/13.3.1/../../../../arm-none-eabi/lib/thumb/v7e-m+fp/hard\libm.a(libm_a-s_atan.o)
                0x0800b188                atan
 .text.fabs     0x0800b4b8       0x10 C:/ST/STM32CubeIDE_1.17.0/STM32CubeIDE/plugins/com.st.stm32cube.ide.mcu.externaltools.gnu-tools-for-stm32.13.3.rel1.win32_1.0.0.202411081344/tools/bin/../lib/gcc/arm-none-eabi/13.3.1/../../../../arm-none-eabi/lib/thumb/v7e-m+fp/hard\libm.a(libm_a-s_fabs.o)
                0x0800b4b8                fabs
 .text.__ieee754_sqrt
                0x0800b4c8      0x1ac C:/ST/STM32CubeIDE_1.17.0/STM32CubeIDE/plugins/com.st.stm32cube.ide.mcu.externaltools.gnu-tools-for-stm32.13.3.rel1.win32_1.0.0.202411081344/tools/bin/../lib/gcc/arm-none-eabi/13.3.1/../../../../arm-none-eabi/lib/thumb/v7e-m+fp/hard\libm.a(libm_a-e_sqrt.o)
                0x0800b4c8                __ieee754_sqrt
 *fill*         0x0800b674        0x4 
 .text.__ieee754_atan2
                0x0800b678      0x18c C:/ST/STM32CubeIDE_1.17.0/STM32CubeIDE/plugins/com.st.stm32cube.ide.mcu.externaltools.gnu-tools-for-stm32.13.3.rel1.win32_1.0.0.202411081344/tools/bin/../lib/gcc/arm-none-eabi/13.3.1/../../../../arm-none-eabi/lib/thumb/v7e-m+fp/hard\libm.a(libm_a-e_atan2.o)
                0x0800b678                __ieee754_atan2
 *(.glue_7)
 .glue_7        0x0800b804        0x0 linker stubs
 *(.glue_7t)
 .glue_7t       0x0800b804        0x0 linker stubs
 *(.eh_frame)
 .eh_frame      0x0800b804        0x0 C:/ST/STM32CubeIDE_1.17.0/STM32CubeIDE/plugins/com.st.stm32cube.ide.mcu.externaltools.gnu-tools-for-stm32.13.3.rel1.win32_1.0.0.202411081344/tools/bin/../lib/gcc/arm-none-eabi/13.3.1/thumb/v7e-m+fp/hard/crtbegin.o
 *(.init)
 .init          0x0800b804        0x4 C:/ST/STM32CubeIDE_1.17.0/STM32CubeIDE/plugins/com.st.stm32cube.ide.mcu.externaltools.gnu-tools-for-stm32.13.3.rel1.win32_1.0.0.202411081344/tools/bin/../lib/gcc/arm-none-eabi/13.3.1/thumb/v7e-m+fp/hard/crti.o
                0x0800b804                _init
 .init          0x0800b808        0x8 C:/ST/STM32CubeIDE_1.17.0/STM32CubeIDE/plugins/com.st.stm32cube.ide.mcu.externaltools.gnu-tools-for-stm32.13.3.rel1.win32_1.0.0.202411081344/tools/bin/../lib/gcc/arm-none-eabi/13.3.1/thumb/v7e-m+fp/hard/crtn.o
 *(.fini)
 .fini          0x0800b810        0x4 C:/ST/STM32CubeIDE_1.17.0/STM32CubeIDE/plugins/com.st.stm32cube.ide.mcu.externaltools.gnu-tools-for-stm32.13.3.rel1.win32_1.0.0.202411081344/tools/bin/../lib/gcc/arm-none-eabi/13.3.1/thumb/v7e-m+fp/hard/crti.o
                0x0800b810                _fini
 .fini          0x0800b814        0x8 C:/ST/STM32CubeIDE_1.17.0/STM32CubeIDE/plugins/com.st.stm32cube.ide.mcu.externaltools.gnu-tools-for-stm32.13.3.rel1.win32_1.0.0.202411081344/tools/bin/../lib/gcc/arm-none-eabi/13.3.1/thumb/v7e-m+fp/hard/crtn.o
                0x0800b81c                        . = ALIGN (0x4)
                0x0800b81c                        _etext = .

.vfp11_veneer   0x0800b81c        0x0
 .vfp11_veneer  0x0800b81c        0x0 linker stubs

.v4_bx          0x0800b81c        0x0
 .v4_bx         0x0800b81c        0x0 linker stubs

.iplt           0x0800b81c        0x0
 .iplt          0x0800b81c        0x0 C:/ST/STM32CubeIDE_1.17.0/STM32CubeIDE/plugins/com.st.stm32cube.ide.mcu.externaltools.gnu-tools-for-stm32.13.3.rel1.win32_1.0.0.202411081344/tools/bin/../lib/gcc/arm-none-eabi/13.3.1/thumb/v7e-m+fp/hard/crtbegin.o

.rodata         0x0800b820      0x550
                0x0800b820                        . = ALIGN (0x4)
 *(.rodata)
 .rodata        0x0800b820       0x18 ./Drivers/AKxx-x/akxx-x.o
 *(.rodata*)
 .rodata.sh2ReportLens
                0x0800b838       0x60 ./Drivers/BNO08x/SH2/sh2.o
 .rodata.setSensorConfigOp
                0x0800b898       0x10 ./Drivers/BNO08x/SH2/sh2.o
                0x0800b898                setSensorConfigOp
 .rodata.sensorConfig.0
                0x0800b8a8       0x48 ./Drivers/BNO08x/bno08x_spi_hal.o
 .rodata.txZeros
                0x0800b8f0      0x400 ./Drivers/BNO08x/spi_hal.o
 .rodata.atanlo
                0x0800bcf0       0x20 C:/ST/STM32CubeIDE_1.17.0/STM32CubeIDE/plugins/com.st.stm32cube.ide.mcu.externaltools.gnu-tools-for-stm32.13.3.rel1.win32_1.0.0.202411081344/tools/bin/../lib/gcc/arm-none-eabi/13.3.1/../../../../arm-none-eabi/lib/thumb/v7e-m+fp/hard\libm.a(libm_a-s_atan.o)
 .rodata.atanhi
                0x0800bd10       0x20 C:/ST/STM32CubeIDE_1.17.0/STM32CubeIDE/plugins/com.st.stm32cube.ide.mcu.externaltools.gnu-tools-for-stm32.13.3.rel1.win32_1.0.0.202411081344/tools/bin/../lib/gcc/arm-none-eabi/13.3.1/../../../../arm-none-eabi/lib/thumb/v7e-m+fp/hard\libm.a(libm_a-s_atan.o)
 .rodata.tiny   0x0800bd30        0x8 C:/ST/STM32CubeIDE_1.17.0/STM32CubeIDE/plugins/com.st.stm32cube.ide.mcu.externaltools.gnu-tools-for-stm32.13.3.rel1.win32_1.0.0.202411081344/tools/bin/../lib/gcc/arm-none-eabi/13.3.1/../../../../arm-none-eabi/lib/thumb/v7e-m+fp/hard\libm.a(libm_a-e_sqrt.o)
 .rodata.one    0x0800bd38        0x8 C:/ST/STM32CubeIDE_1.17.0/STM32CubeIDE/plugins/com.st.stm32cube.ide.mcu.externaltools.gnu-tools-for-stm32.13.3.rel1.win32_1.0.0.202411081344/tools/bin/../lib/gcc/arm-none-eabi/13.3.1/../../../../arm-none-eabi/lib/thumb/v7e-m+fp/hard\libm.a(libm_a-e_sqrt.o)
 .rodata.CSWTCH.9
                0x0800bd40       0x18 C:/ST/STM32CubeIDE_1.17.0/STM32CubeIDE/plugins/com.st.stm32cube.ide.mcu.externaltools.gnu-tools-for-stm32.13.3.rel1.win32_1.0.0.202411081344/tools/bin/../lib/gcc/arm-none-eabi/13.3.1/../../../../arm-none-eabi/lib/thumb/v7e-m+fp/hard\libm.a(libm_a-e_atan2.o)
 .rodata.CSWTCH.8
                0x0800bd58       0x18 C:/ST/STM32CubeIDE_1.17.0/STM32CubeIDE/plugins/com.st.stm32cube.ide.mcu.externaltools.gnu-tools-for-stm32.13.3.rel1.win32_1.0.0.202411081344/tools/bin/../lib/gcc/arm-none-eabi/13.3.1/../../../../arm-none-eabi/lib/thumb/v7e-m+fp/hard\libm.a(libm_a-e_atan2.o)
                0x0800bd70                        . = ALIGN (0x4)

.ARM.extab      0x0800bd70        0x0
                0x0800bd70                        . = ALIGN (0x4)
 *(.ARM.extab* .gnu.linkonce.armextab.*)
                0x0800bd70                        . = ALIGN (0x4)

.ARM            0x0800bd70        0x0
                0x0800bd70                        . = ALIGN (0x4)
                0x0800bd70                        __exidx_start = .
 *(.ARM.exidx*)
                0x0800bd70                        __exidx_end = .
                0x0800bd70                        . = ALIGN (0x4)

.preinit_array  0x0800bd70        0x0
                0x0800bd70                        . = ALIGN (0x4)
                0x0800bd70                        PROVIDE (__preinit_array_start = .)
 *(.preinit_array*)
                0x0800bd70                        PROVIDE (__preinit_array_end = .)
                0x0800bd70                        . = ALIGN (0x4)

.init_array     0x0800bd70        0x4
                0x0800bd70                        . = ALIGN (0x4)
                0x0800bd70                        PROVIDE (__init_array_start = .)
 *(SORT_BY_NAME(.init_array.*))
 *(.init_array*)
 .init_array    0x0800bd70        0x4 C:/ST/STM32CubeIDE_1.17.0/STM32CubeIDE/plugins/com.st.stm32cube.ide.mcu.externaltools.gnu-tools-for-stm32.13.3.rel1.win32_1.0.0.202411081344/tools/bin/../lib/gcc/arm-none-eabi/13.3.1/thumb/v7e-m+fp/hard/crtbegin.o
                0x0800bd74                        PROVIDE (__init_array_end = .)
                0x0800bd74                        . = ALIGN (0x4)

.fini_array     0x0800bd74        0x4
                0x0800bd74                        . = ALIGN (0x4)
                [!provide]                        PROVIDE (__fini_array_start = .)
 *(SORT_BY_NAME(.fini_array.*))
 *(.fini_array*)
 .fini_array    0x0800bd74        0x4 C:/ST/STM32CubeIDE_1.17.0/STM32CubeIDE/plugins/com.st.stm32cube.ide.mcu.externaltools.gnu-tools-for-stm32.13.3.rel1.win32_1.0.0.202411081344/tools/bin/../lib/gcc/arm-none-eabi/13.3.1/thumb/v7e-m+fp/hard/crtbegin.o
                [!provide]                        PROVIDE (__fini_array_end = .)
                0x0800bd78                        . = ALIGN (0x4)
                0x0800bd78                        _sidata = LOADADDR (.data)

.rel.dyn        0x0800bd78        0x0
 .rel.iplt      0x0800bd78        0x0 C:/ST/STM32CubeIDE_1.17.0/STM32CubeIDE/plugins/com.st.stm32cube.ide.mcu.externaltools.gnu-tools-for-stm32.13.3.rel1.win32_1.0.0.202411081344/tools/bin/../lib/gcc/arm-none-eabi/13.3.1/thumb/v7e-m+fp/hard/crtbegin.o

.data           0x20000000       0x80 load address 0x0800bd78
                0x20000000                        . = ALIGN (0x4)
                0x20000000                        _sdata = .
 *(.data)
 *(.data*)
 .data.isFirst  0x20000000        0x1 ./Core/Src/prosthesis_v2.o
 *fill*         0x20000001        0x3 
 .data.CM_AnkleSpeedThreshold
                0x20000004        0x4 ./Core/Src/prosthesis_v2.o
 .data.CM_footSpeedThreshold
                0x20000008        0x4 ./Core/Src/prosthesis_v2.o
 .data.firstCall.0
                0x2000000c        0x1 ./Core/Src/prosthesis_v2.o
 *fill*         0x2000000d        0x3 
 .data.SystemCoreClock
                0x20000010        0x4 ./Core/Src/system_stm32l4xx.o
                0x20000010                SystemCoreClock
 *fill*         0x20000014        0x4 
 .data.accelSensitivity
                0x20000018        0x8 ./Drivers/MPU-925x/mpu925x_spi_hal.o
 .data.gyroSensitivity
                0x20000020        0x8 ./Drivers/MPU-925x/mpu925x_spi_hal.o
 .data.uwTickPrio
                0x20000028        0x4 ./Drivers/STM32L4xx_HAL_Driver/Src/stm32l4xx_hal.o
                0x20000028                uwTickPrio
 .data.uwTickFreq
                0x2000002c        0x1 ./Drivers/STM32L4xx_HAL_Driver/Src/stm32l4xx_hal.o
                0x2000002c                uwTickFreq
 *fill*         0x2000002d        0x3 
 .data._impure_ptr
                0x20000030        0x4 C:/ST/STM32CubeIDE_1.17.0/STM32CubeIDE/plugins/com.st.stm32cube.ide.mcu.externaltools.gnu-tools-for-stm32.13.3.rel1.win32_1.0.0.202411081344/tools/bin/../lib/gcc/arm-none-eabi/13.3.1/../../../../arm-none-eabi/lib/thumb/v7e-m+fp/hard\libc_nano.a(libc_a-impure.o)
                0x20000030                _impure_ptr
 .data._impure_data
                0x20000034       0x4c C:/ST/STM32CubeIDE_1.17.0/STM32CubeIDE/plugins/com.st.stm32cube.ide.mcu.externaltools.gnu-tools-for-stm32.13.3.rel1.win32_1.0.0.202411081344/tools/bin/../lib/gcc/arm-none-eabi/13.3.1/../../../../arm-none-eabi/lib/thumb/v7e-m+fp/hard\libc_nano.a(libc_a-impure.o)
                0x20000034                _impure_data
 *(.RamFunc)
 *(.RamFunc*)
                0x20000080                        . = ALIGN (0x4)
                0x20000080                        _edata = .

.igot.plt       0x20000080        0x0 load address 0x0800bdf8
 .igot.plt      0x20000080        0x0 C:/ST/STM32CubeIDE_1.17.0/STM32CubeIDE/plugins/com.st.stm32cube.ide.mcu.externaltools.gnu-tools-for-stm32.13.3.rel1.win32_1.0.0.202411081344/tools/bin/../lib/gcc/arm-none-eabi/13.3.1/thumb/v7e-m+fp/hard/crtbegin.o
                0x20000080                        . = ALIGN (0x4)

.bss            0x20000080     0x146c load address 0x0800bdf8
                0x20000080                        _sbss = .
                0x20000080                        __bss_start__ = _sbss
 *(.bss)
 .bss           0x20000080       0x1c C:/ST/STM32CubeIDE_1.17.0/STM32CubeIDE/plugins/com.st.stm32cube.ide.mcu.externaltools.gnu-tools-for-stm32.13.3.rel1.win32_1.0.0.202411081344/tools/bin/../lib/gcc/arm-none-eabi/13.3.1/thumb/v7e-m+fp/hard/crtbegin.o
 *(.bss*)
 .bss.hcan1     0x2000009c       0x28 ./Core/Src/can.o
                0x2000009c                hcan1
 .bss.CM__StartProgram
                0x200000c4        0x1 ./Core/Src/main.o
 .bss.isProsthesisControlRequired
                0x200000c5        0x1 ./Core/Src/main.o
                0x200000c5                isProsthesisControlRequired
 .bss.testProgram
                0x200000c6        0x1 ./Core/Src/prosthesis_v2.o
                0x200000c6                testProgram
 *fill*         0x200000c7        0x1 
 .bss.MotorTxData
                0x200000c8       0x14 ./Core/Src/prosthesis_v2.o
 *fill*         0x200000dc        0x4 
 .bss.IMU_Data  0x200000e0       0x30 ./Core/Src/prosthesis_v2.o
 .bss.Device    0x20000110        0x2 ./Core/Src/prosthesis_v2.o
 .bss.imuReadStarted
                0x20000112        0x1 ./Core/Src/prosthesis_v2.o
 .bss.imuDataReceived
                0x20000113        0x1 ./Core/Src/prosthesis_v2.o
 .bss.isSecond  0x20000114        0x1 ./Core/Src/prosthesis_v2.o
 .bss.isTestProgramRequired
                0x20000115        0x1 ./Core/Src/prosthesis_v2.o
 *fill*         0x20000116        0x2 
 .bss.CM_AnkleJoint
                0x20000118       0xe8 ./Core/Src/prosthesis_v2.o
 .bss.CM_state_angles
                0x20000200        0x1 ./Core/Src/prosthesis_v2.o
 .bss.CM_state_torques
                0x20000201        0x1 ./Core/Src/prosthesis_v2.o
 .bss.CM_state_speeds
                0x20000202        0x2 ./Core/Src/prosthesis_v2.o
 .bss.CM_state_loadCells
                0x20000204        0x2 ./Core/Src/prosthesis_v2.o
 *fill*         0x20000206        0x2 
 .bss.CM_KneeJoint
                0x20000208       0xd4 ./Core/Src/prosthesis_v2.o
 .bss.CM_LoadCell
                0x200002dc       0x38 ./Core/Src/prosthesis_v2.o
 .bss.CM_ledCode
                0x20000314        0x1 ./Core/Src/prosthesis_v2.o
 *fill*         0x20000315        0x3 
 .bss.CM_footSpeed
                0x20000318        0x4 ./Core/Src/prosthesis_v2.o
 .bss.CM_hipAngle
                0x2000031c        0x4 ./Core/Src/prosthesis_v2.o
 .bss.tempImuData.5
                0x20000320        0xe ./Core/Src/prosthesis_v2.o
 .bss.missedAnkleImuCalls.4
                0x2000032e        0x1 ./Core/Src/prosthesis_v2.o
 .bss.state.3   0x2000032f        0x1 ./Core/Src/prosthesis_v2.o
 .bss.missedAnkleMotorCalls.2
                0x20000330        0x1 ./Core/Src/prosthesis_v2.o
 .bss.missedKneeMotorCalls.1
                0x20000331        0x1 ./Core/Src/prosthesis_v2.o
 *fill*         0x20000332        0x2 
 .bss.hspi1     0x20000334       0x64 ./Core/Src/spi.o
                0x20000334                hspi1
 .bss.htim2     0x20000398       0x4c ./Core/Src/tim.o
                0x20000398                htim2
 .bss.Device    0x200003e4       0x30 ./Drivers/AKxx-x/akxx-x.o
 .bss._sh2      0x20000414      0x178 ./Drivers/BNO08x/SH2/sh2.o
                0x20000414                _sh2
 .bss.sh2AsyncEvent
                0x2000058c       0x1c ./Drivers/BNO08x/SH2/sh2.o
 .bss.lastHostInt.1
                0x200005a8        0x4 ./Drivers/BNO08x/SH2/sh2.o
 .bss.rollovers.0
                0x200005ac        0x4 ./Drivers/BNO08x/SH2/sh2.o
 .bss.instances
                0x200005b0      0x914 ./Drivers/BNO08x/SH2/shtp.o
 .bss.shtp_initialized
                0x20000ec4        0x1 ./Drivers/BNO08x/SH2/shtp.o
 *fill*         0x20000ec5        0x3 
 .bss.BNO08x_IMU_Data
                0x20000ec8       0x28 ./Drivers/BNO08x/bno08x_spi_hal.o
                0x20000ec8                BNO08x_IMU_Data
 .bss.BNO08x_resetOccurred
                0x20000ef0        0x1 ./Drivers/BNO08x/bno08x_spi_hal.o
                0x20000ef0                BNO08x_resetOccurred
 .bss.isInit    0x20000ef1        0x1 ./Drivers/BNO08x/bno08x_spi_hal.o
 .bss.spiState  0x20000ef2        0x1 ./Drivers/BNO08x/spi_hal.o
 *fill*         0x20000ef3        0x1 
 .bss.rxTimestamp_us
                0x20000ef4        0x4 ./Drivers/BNO08x/spi_hal.o
 .bss.inReset   0x20000ef8        0x1 ./Drivers/BNO08x/spi_hal.o
 .bss.rxReady   0x20000ef9        0x1 ./Drivers/BNO08x/spi_hal.o
 *fill*         0x20000efa        0x2 
 .bss.rxBuf     0x20000efc      0x400 ./Drivers/BNO08x/spi_hal.o
 .bss.rxBufLen  0x200012fc        0x4 ./Drivers/BNO08x/spi_hal.o
 .bss.rxDataReady
                0x20001300        0x1 ./Drivers/BNO08x/spi_hal.o
 *fill*         0x20001301        0x3 
 .bss.txBuf     0x20001304       0x80 ./Drivers/BNO08x/spi_hal.o
 .bss.txBufLen  0x20001384        0x4 ./Drivers/BNO08x/spi_hal.o
 .bss.sh2Hal    0x20001388       0x14 ./Drivers/BNO08x/spi_hal.o
 .bss.isOpen    0x2000139c        0x1 ./Drivers/BNO08x/spi_hal.o
 *fill*         0x2000139d        0x3 
 .bss.Device    0x200013a0       0x10 ./Drivers/MPU-925x/mpu925x_spi_hal.o
 .bss.uwTick    0x200013b0        0x4 ./Drivers/STM32L4xx_HAL_Driver/Src/stm32l4xx_hal.o
                0x200013b0                uwTick
 .bss.__sf      0x200013b4      0x138 C:/ST/STM32CubeIDE_1.17.0/STM32CubeIDE/plugins/com.st.stm32cube.ide.mcu.externaltools.gnu-tools-for-stm32.13.3.rel1.win32_1.0.0.202411081344/tools/bin/../lib/gcc/arm-none-eabi/13.3.1/../../../../arm-none-eabi/lib/thumb/v7e-m+fp/hard\libc_nano.a(libc_a-findfp.o)
                0x200013b4                __sf
 *(COMMON)
                0x200014ec                        . = ALIGN (0x4)
                0x200014ec                        _ebss = .
                0x200014ec                        __bss_end__ = _ebss

._user_heap_stack
                0x200014ec      0x604 load address 0x0800bdf8
                0x200014f0                        . = ALIGN (0x8)
 *fill*         0x200014ec        0x4 
                [!provide]                        PROVIDE (end = .)
                0x200014f0                        PROVIDE (_end = .)
                0x200016f0                        . = (. + _Min_Heap_Size)
 *fill*         0x200014f0      0x200 
                0x20001af0                        . = (. + _Min_Stack_Size)
 *fill*         0x200016f0      0x400 
                0x20001af0                        . = ALIGN (0x8)

/DISCARD/
 libc.a(*)
 libm.a(*)
 libgcc.a(*)

.ARM.attributes
                0x00000000       0x30
 *(.ARM.attributes)
 .ARM.attributes
                0x00000000       0x22 C:/ST/STM32CubeIDE_1.17.0/STM32CubeIDE/plugins/com.st.stm32cube.ide.mcu.externaltools.gnu-tools-for-stm32.13.3.rel1.win32_1.0.0.202411081344/tools/bin/../lib/gcc/arm-none-eabi/13.3.1/thumb/v7e-m+fp/hard/crti.o
 .ARM.attributes
                0x00000022       0x34 C:/ST/STM32CubeIDE_1.17.0/STM32CubeIDE/plugins/com.st.stm32cube.ide.mcu.externaltools.gnu-tools-for-stm32.13.3.rel1.win32_1.0.0.202411081344/tools/bin/../lib/gcc/arm-none-eabi/13.3.1/thumb/v7e-m+fp/hard/crtbegin.o
 .ARM.attributes
                0x00000056       0x34 ./Core/Src/adc.o
 .ARM.attributes
                0x0000008a       0x34 ./Core/Src/can.o
 .ARM.attributes
                0x000000be       0x34 ./Core/Src/gpio.o
 .ARM.attributes
                0x000000f2       0x34 ./Core/Src/lptim.o
 .ARM.attributes
                0x00000126       0x34 ./Core/Src/main.o
 .ARM.attributes
                0x0000015a       0x34 ./Core/Src/prosthesis_v2.o
 .ARM.attributes
                0x0000018e       0x34 ./Core/Src/spi.o
 .ARM.attributes
                0x000001c2       0x34 ./Core/Src/stm32l4xx_hal_msp.o
 .ARM.attributes
                0x000001f6       0x34 ./Core/Src/stm32l4xx_it.o
 .ARM.attributes
                0x0000022a       0x34 ./Core/Src/system_stm32l4xx.o
 .ARM.attributes
                0x0000025e       0x34 ./Core/Src/tim.o
 .ARM.attributes
                0x00000292       0x34 ./Core/Src/utilities.o
 .ARM.attributes
                0x000002c6       0x21 ./Core/Startup/startup_stm32l476rgtx.o
 .ARM.attributes
                0x000002e7       0x34 ./Drivers/AKxx-x/akxx-x.o
 .ARM.attributes
                0x0000031b       0x34 ./Drivers/BNO08x/SH2/sh2.o
 .ARM.attributes
                0x0000034f       0x34 ./Drivers/BNO08x/SH2/sh2_SensorValue.o
 .ARM.attributes
                0x00000383       0x34 ./Drivers/BNO08x/SH2/sh2_util.o
 .ARM.attributes
                0x000003b7       0x34 ./Drivers/BNO08x/SH2/shtp.o
 .ARM.attributes
                0x000003eb       0x34 ./Drivers/BNO08x/bno08x_spi_hal.o
 .ARM.attributes
                0x0000041f       0x34 ./Drivers/BNO08x/spi_hal.o
 .ARM.attributes
                0x00000453       0x34 ./Drivers/MPU-925x/mpu925x_spi_hal.o
 .ARM.attributes
                0x00000487       0x34 ./Drivers/STM32L4xx_HAL_Driver/Src/stm32l4xx_hal.o
 .ARM.attributes
                0x000004bb       0x34 ./Drivers/STM32L4xx_HAL_Driver/Src/stm32l4xx_hal_can.o
 .ARM.attributes
                0x000004ef       0x34 ./Drivers/STM32L4xx_HAL_Driver/Src/stm32l4xx_hal_cortex.o
 .ARM.attributes
                0x00000523       0x34 ./Drivers/STM32L4xx_HAL_Driver/Src/stm32l4xx_hal_dma.o
 .ARM.attributes
                0x00000557       0x34 ./Drivers/STM32L4xx_HAL_Driver/Src/stm32l4xx_hal_gpio.o
 .ARM.attributes
                0x0000058b       0x34 ./Drivers/STM32L4xx_HAL_Driver/Src/stm32l4xx_hal_spi.o
 .ARM.attributes
                0x000005bf       0x34 ./Drivers/STM32L4xx_HAL_Driver/Src/stm32l4xx_hal_tim.o
 .ARM.attributes
                0x000005f3       0x34 ./Drivers/STM32L4xx_HAL_Driver/Src/stm32l4xx_hal_tim_ex.o
 .ARM.attributes
                0x00000627       0x34 ./Drivers/STM32L4xx_HAL_Driver/Src/stm32l4xx_ll_adc.o
 .ARM.attributes
                0x0000065b       0x34 ./Drivers/STM32L4xx_HAL_Driver/Src/stm32l4xx_ll_gpio.o
 .ARM.attributes
                0x0000068f       0x34 ./Drivers/STM32L4xx_HAL_Driver/Src/stm32l4xx_ll_utils.o
 .ARM.attributes
                0x000006c3       0x34 C:/ST/STM32CubeIDE_1.17.0/STM32CubeIDE/plugins/com.st.stm32cube.ide.mcu.externaltools.gnu-tools-for-stm32.13.3.rel1.win32_1.0.0.202411081344/tools/bin/../lib/gcc/arm-none-eabi/13.3.1/../../../../arm-none-eabi/lib/thumb/v7e-m+fp/hard\libc_nano.a(libc_a-findfp.o)
 .ARM.attributes
                0x000006f7       0x34 C:/ST/STM32CubeIDE_1.17.0/STM32CubeIDE/plugins/com.st.stm32cube.ide.mcu.externaltools.gnu-tools-for-stm32.13.3.rel1.win32_1.0.0.202411081344/tools/bin/../lib/gcc/arm-none-eabi/13.3.1/../../../../arm-none-eabi/lib/thumb/v7e-m+fp/hard\libc_nano.a(libc_a-memset.o)
 .ARM.attributes
                0x0000072b       0x34 C:/ST/STM32CubeIDE_1.17.0/STM32CubeIDE/plugins/com.st.stm32cube.ide.mcu.externaltools.gnu-tools-for-stm32.13.3.rel1.win32_1.0.0.202411081344/tools/bin/../lib/gcc/arm-none-eabi/13.3.1/../../../../arm-none-eabi/lib/thumb/v7e-m+fp/hard\libc_nano.a(libc_a-impure.o)
 .ARM.attributes
                0x0000075f       0x34 C:/ST/STM32CubeIDE_1.17.0/STM32CubeIDE/plugins/com.st.stm32cube.ide.mcu.externaltools.gnu-tools-for-stm32.13.3.rel1.win32_1.0.0.202411081344/tools/bin/../lib/gcc/arm-none-eabi/13.3.1/../../../../arm-none-eabi/lib/thumb/v7e-m+fp/hard\libc_nano.a(libc_a-errno.o)
 .ARM.attributes
                0x00000793       0x34 C:/ST/STM32CubeIDE_1.17.0/STM32CubeIDE/plugins/com.st.stm32cube.ide.mcu.externaltools.gnu-tools-for-stm32.13.3.rel1.win32_1.0.0.202411081344/tools/bin/../lib/gcc/arm-none-eabi/13.3.1/../../../../arm-none-eabi/lib/thumb/v7e-m+fp/hard\libc_nano.a(libc_a-init.o)
 .ARM.attributes
                0x000007c7       0x34 C:/ST/STM32CubeIDE_1.17.0/STM32CubeIDE/plugins/com.st.stm32cube.ide.mcu.externaltools.gnu-tools-for-stm32.13.3.rel1.win32_1.0.0.202411081344/tools/bin/../lib/gcc/arm-none-eabi/13.3.1/../../../../arm-none-eabi/lib/thumb/v7e-m+fp/hard\libc_nano.a(libc_a-memcpy-stub.o)
 .ARM.attributes
                0x000007fb       0x34 C:/ST/STM32CubeIDE_1.17.0/STM32CubeIDE/plugins/com.st.stm32cube.ide.mcu.externaltools.gnu-tools-for-stm32.13.3.rel1.win32_1.0.0.202411081344/tools/bin/../lib/gcc/arm-none-eabi/13.3.1/../../../../arm-none-eabi/lib/thumb/v7e-m+fp/hard\libm.a(libm_a-w_atan2.o)
 .ARM.attributes
                0x0000082f       0x34 C:/ST/STM32CubeIDE_1.17.0/STM32CubeIDE/plugins/com.st.stm32cube.ide.mcu.externaltools.gnu-tools-for-stm32.13.3.rel1.win32_1.0.0.202411081344/tools/bin/../lib/gcc/arm-none-eabi/13.3.1/../../../../arm-none-eabi/lib/thumb/v7e-m+fp/hard\libm.a(libm_a-w_sqrt.o)
 .ARM.attributes
                0x00000863       0x34 C:/ST/STM32CubeIDE_1.17.0/STM32CubeIDE/plugins/com.st.stm32cube.ide.mcu.externaltools.gnu-tools-for-stm32.13.3.rel1.win32_1.0.0.202411081344/tools/bin/../lib/gcc/arm-none-eabi/13.3.1/../../../../arm-none-eabi/lib/thumb/v7e-m+fp/hard\libm.a(libm_a-s_atan.o)
 .ARM.attributes
                0x00000897       0x34 C:/ST/STM32CubeIDE_1.17.0/STM32CubeIDE/plugins/com.st.stm32cube.ide.mcu.externaltools.gnu-tools-for-stm32.13.3.rel1.win32_1.0.0.202411081344/tools/bin/../lib/gcc/arm-none-eabi/13.3.1/../../../../arm-none-eabi/lib/thumb/v7e-m+fp/hard\libm.a(libm_a-s_fabs.o)
 .ARM.attributes
                0x000008cb       0x34 C:/ST/STM32CubeIDE_1.17.0/STM32CubeIDE/plugins/com.st.stm32cube.ide.mcu.externaltools.gnu-tools-for-stm32.13.3.rel1.win32_1.0.0.202411081344/tools/bin/../lib/gcc/arm-none-eabi/13.3.1/../../../../arm-none-eabi/lib/thumb/v7e-m+fp/hard\libm.a(libm_a-e_sqrt.o)
 .ARM.attributes
                0x000008ff       0x34 C:/ST/STM32CubeIDE_1.17.0/STM32CubeIDE/plugins/com.st.stm32cube.ide.mcu.externaltools.gnu-tools-for-stm32.13.3.rel1.win32_1.0.0.202411081344/tools/bin/../lib/gcc/arm-none-eabi/13.3.1/../../../../arm-none-eabi/lib/thumb/v7e-m+fp/hard\libm.a(libm_a-e_atan2.o)
 .ARM.attributes
                0x00000933       0x22 C:/ST/STM32CubeIDE_1.17.0/STM32CubeIDE/plugins/com.st.stm32cube.ide.mcu.externaltools.gnu-tools-for-stm32.13.3.rel1.win32_1.0.0.202411081344/tools/bin/../lib/gcc/arm-none-eabi/13.3.1/thumb/v7e-m+fp/hard\libgcc.a(_arm_addsubdf3.o)
 .ARM.attributes
                0x00000955       0x22 C:/ST/STM32CubeIDE_1.17.0/STM32CubeIDE/plugins/com.st.stm32cube.ide.mcu.externaltools.gnu-tools-for-stm32.13.3.rel1.win32_1.0.0.202411081344/tools/bin/../lib/gcc/arm-none-eabi/13.3.1/thumb/v7e-m+fp/hard\libgcc.a(_arm_muldivdf3.o)
 .ARM.attributes
                0x00000977       0x22 C:/ST/STM32CubeIDE_1.17.0/STM32CubeIDE/plugins/com.st.stm32cube.ide.mcu.externaltools.gnu-tools-for-stm32.13.3.rel1.win32_1.0.0.202411081344/tools/bin/../lib/gcc/arm-none-eabi/13.3.1/thumb/v7e-m+fp/hard\libgcc.a(_arm_cmpdf2.o)
 .ARM.attributes
                0x00000999       0x22 C:/ST/STM32CubeIDE_1.17.0/STM32CubeIDE/plugins/com.st.stm32cube.ide.mcu.externaltools.gnu-tools-for-stm32.13.3.rel1.win32_1.0.0.202411081344/tools/bin/../lib/gcc/arm-none-eabi/13.3.1/thumb/v7e-m+fp/hard\libgcc.a(_arm_unorddf2.o)
 .ARM.attributes
                0x000009bb       0x22 C:/ST/STM32CubeIDE_1.17.0/STM32CubeIDE/plugins/com.st.stm32cube.ide.mcu.externaltools.gnu-tools-for-stm32.13.3.rel1.win32_1.0.0.202411081344/tools/bin/../lib/gcc/arm-none-eabi/13.3.1/thumb/v7e-m+fp/hard\libgcc.a(_arm_truncdfsf2.o)
 .ARM.attributes
                0x000009dd       0x22 C:/ST/STM32CubeIDE_1.17.0/STM32CubeIDE/plugins/com.st.stm32cube.ide.mcu.externaltools.gnu-tools-for-stm32.13.3.rel1.win32_1.0.0.202411081344/tools/bin/../lib/gcc/arm-none-eabi/13.3.1/thumb/v7e-m+fp/hard/crtn.o
OUTPUT(prosthesis_v2.elf elf32-littlearm)
LOAD linker stubs
LOAD C:/ST/STM32CubeIDE_1.17.0/STM32CubeIDE/plugins/com.st.stm32cube.ide.mcu.externaltools.gnu-tools-for-stm32.13.3.rel1.win32_1.0.0.202411081344/tools/bin/../lib/gcc/arm-none-eabi/13.3.1/../../../../arm-none-eabi/lib/thumb/v7e-m+fp/hard\libc.a
LOAD C:/ST/STM32CubeIDE_1.17.0/STM32CubeIDE/plugins/com.st.stm32cube.ide.mcu.externaltools.gnu-tools-for-stm32.13.3.rel1.win32_1.0.0.202411081344/tools/bin/../lib/gcc/arm-none-eabi/13.3.1/../../../../arm-none-eabi/lib/thumb/v7e-m+fp/hard\libm.a
LOAD C:/ST/STM32CubeIDE_1.17.0/STM32CubeIDE/plugins/com.st.stm32cube.ide.mcu.externaltools.gnu-tools-for-stm32.13.3.rel1.win32_1.0.0.202411081344/tools/bin/../lib/gcc/arm-none-eabi/13.3.1/thumb/v7e-m+fp/hard\libgcc.a

.debug_info     0x00000000    0x1e1c8
 .debug_info    0x00000000      0xaf8 ./Core/Src/adc.o
 .debug_info    0x00000af8      0xb70 ./Core/Src/can.o
 .debug_info    0x00001668      0x723 ./Core/Src/gpio.o
 .debug_info    0x00001d8b      0xb99 ./Core/Src/lptim.o
 .debug_info    0x00002924     0x1ac6 ./Core/Src/main.o
 .debug_info    0x000043ea     0x1adf ./Core/Src/prosthesis_v2.o
 .debug_info    0x00005ec9      0xc2a ./Core/Src/spi.o
 .debug_info    0x00006af3      0x301 ./Core/Src/stm32l4xx_hal_msp.o
 .debug_info    0x00006df4      0xf59 ./Core/Src/stm32l4xx_it.o
 .debug_info    0x00007d4d      0x5b1 ./Core/Src/system_stm32l4xx.o
 .debug_info    0x000082fe      0xce7 ./Core/Src/tim.o
 .debug_info    0x00008fe5      0x5fc ./Core/Src/utilities.o
 .debug_info    0x000095e1       0x30 ./Core/Startup/startup_stm32l476rgtx.o
 .debug_info    0x00009611      0xdfe ./Drivers/AKxx-x/akxx-x.o
 .debug_info    0x0000a40f     0x3204 ./Drivers/BNO08x/SH2/sh2.o
 .debug_info    0x0000d613     0x182b ./Drivers/BNO08x/SH2/sh2_SensorValue.o
 .debug_info    0x0000ee3e      0x35f ./Drivers/BNO08x/SH2/sh2_util.o
 .debug_info    0x0000f19d      0x837 ./Drivers/BNO08x/SH2/shtp.o
 .debug_info    0x0000f9d4     0x13dd ./Drivers/BNO08x/bno08x_spi_hal.o
 .debug_info    0x00010db1     0x1614 ./Drivers/BNO08x/spi_hal.o
 .debug_info    0x000123c5     0x105a ./Drivers/MPU-925x/mpu925x_spi_hal.o
 .debug_info    0x0001341f      0xaeb ./Drivers/STM32L4xx_HAL_Driver/Src/stm32l4xx_hal.o
 .debug_info    0x00013f0a      0xf5d ./Drivers/STM32L4xx_HAL_Driver/Src/stm32l4xx_hal_can.o
 .debug_info    0x00014e67      0xd4c ./Drivers/STM32L4xx_HAL_Driver/Src/stm32l4xx_hal_cortex.o
 .debug_info    0x00015bb3      0x6f4 ./Drivers/STM32L4xx_HAL_Driver/Src/stm32l4xx_hal_dma.o
 .debug_info    0x000162a7      0x757 ./Drivers/STM32L4xx_HAL_Driver/Src/stm32l4xx_hal_gpio.o
 .debug_info    0x000169fe     0x161a ./Drivers/STM32L4xx_HAL_Driver/Src/stm32l4xx_hal_spi.o
 .debug_info    0x00018018     0x2a77 ./Drivers/STM32L4xx_HAL_Driver/Src/stm32l4xx_hal_tim.o
 .debug_info    0x0001aa8f     0x169e ./Drivers/STM32L4xx_HAL_Driver/Src/stm32l4xx_hal_tim_ex.o
 .debug_info    0x0001c12d      0xb04 ./Drivers/STM32L4xx_HAL_Driver/Src/stm32l4xx_ll_adc.o
 .debug_info    0x0001cc31      0x952 ./Drivers/STM32L4xx_HAL_Driver/Src/stm32l4xx_ll_gpio.o
 .debug_info    0x0001d583      0xc45 ./Drivers/STM32L4xx_HAL_Driver/Src/stm32l4xx_ll_utils.o

.debug_abbrev   0x00000000     0x44b4
 .debug_abbrev  0x00000000      0x1aa ./Core/Src/adc.o
 .debug_abbrev  0x000001aa      0x21e ./Core/Src/can.o
 .debug_abbrev  0x000003c8      0x161 ./Core/Src/gpio.o
 .debug_abbrev  0x00000529      0x1b1 ./Core/Src/lptim.o
 .debug_abbrev  0x000006da      0x313 ./Core/Src/main.o
 .debug_abbrev  0x000009ed      0x384 ./Core/Src/prosthesis_v2.o
 .debug_abbrev  0x00000d71      0x1ff ./Core/Src/spi.o
 .debug_abbrev  0x00000f70       0xdd ./Core/Src/stm32l4xx_hal_msp.o
 .debug_abbrev  0x0000104d      0x24f ./Core/Src/stm32l4xx_it.o
 .debug_abbrev  0x0000129c      0x11a ./Core/Src/system_stm32l4xx.o
 .debug_abbrev  0x000013b6      0x1f6 ./Core/Src/tim.o
 .debug_abbrev  0x000015ac      0x186 ./Core/Src/utilities.o
 .debug_abbrev  0x00001732       0x24 ./Core/Startup/startup_stm32l476rgtx.o
 .debug_abbrev  0x00001756      0x28b ./Drivers/AKxx-x/akxx-x.o
 .debug_abbrev  0x000019e1      0x33b ./Drivers/BNO08x/SH2/sh2.o
 .debug_abbrev  0x00001d1c      0x220 ./Drivers/BNO08x/SH2/sh2_SensorValue.o
 .debug_abbrev  0x00001f3c       0xd8 ./Drivers/BNO08x/SH2/sh2_util.o
 .debug_abbrev  0x00002014      0x290 ./Drivers/BNO08x/SH2/shtp.o
 .debug_abbrev  0x000022a4      0x2ca ./Drivers/BNO08x/bno08x_spi_hal.o
 .debug_abbrev  0x0000256e      0x383 ./Drivers/BNO08x/spi_hal.o
 .debug_abbrev  0x000028f1      0x295 ./Drivers/MPU-925x/mpu925x_spi_hal.o
 .debug_abbrev  0x00002b86      0x242 ./Drivers/STM32L4xx_HAL_Driver/Src/stm32l4xx_hal.o
 .debug_abbrev  0x00002dc8      0x27b ./Drivers/STM32L4xx_HAL_Driver/Src/stm32l4xx_hal_can.o
 .debug_abbrev  0x00003043      0x327 ./Drivers/STM32L4xx_HAL_Driver/Src/stm32l4xx_hal_cortex.o
 .debug_abbrev  0x0000336a      0x1e4 ./Drivers/STM32L4xx_HAL_Driver/Src/stm32l4xx_hal_dma.o
 .debug_abbrev  0x0000354e      0x1cb ./Drivers/STM32L4xx_HAL_Driver/Src/stm32l4xx_hal_gpio.o
 .debug_abbrev  0x00003719      0x26a ./Drivers/STM32L4xx_HAL_Driver/Src/stm32l4xx_hal_spi.o
 .debug_abbrev  0x00003983      0x278 ./Drivers/STM32L4xx_HAL_Driver/Src/stm32l4xx_hal_tim.o
 .debug_abbrev  0x00003bfb      0x283 ./Drivers/STM32L4xx_HAL_Driver/Src/stm32l4xx_hal_tim_ex.o
 .debug_abbrev  0x00003e7e      0x1a2 ./Drivers/STM32L4xx_HAL_Driver/Src/stm32l4xx_ll_adc.o
 .debug_abbrev  0x00004020      0x235 ./Drivers/STM32L4xx_HAL_Driver/Src/stm32l4xx_ll_gpio.o
 .debug_abbrev  0x00004255      0x25f ./Drivers/STM32L4xx_HAL_Driver/Src/stm32l4xx_ll_utils.o

.debug_aranges  0x00000000     0x1a98
 .debug_aranges
                0x00000000       0x70 ./Core/Src/adc.o
 .debug_aranges
                0x00000070       0x30 ./Core/Src/can.o
 .debug_aranges
                0x000000a0       0x20 ./Core/Src/gpio.o
 .debug_aranges
                0x000000c0       0x88 ./Core/Src/lptim.o
 .debug_aranges
                0x00000148       0xd8 ./Core/Src/main.o
 .debug_aranges
                0x00000220       0xb8 ./Core/Src/prosthesis_v2.o
 .debug_aranges
                0x000002d8       0x30 ./Core/Src/spi.o
 .debug_aranges
                0x00000308       0x20 ./Core/Src/stm32l4xx_hal_msp.o
 .debug_aranges
                0x00000328       0xa0 ./Core/Src/stm32l4xx_it.o
 .debug_aranges
                0x000003c8       0x28 ./Core/Src/system_stm32l4xx.o
 .debug_aranges
                0x000003f0       0x30 ./Core/Src/tim.o
 .debug_aranges
                0x00000420       0x38 ./Core/Src/utilities.o
 .debug_aranges
                0x00000458       0x28 ./Core/Startup/startup_stm32l476rgtx.o
 .debug_aranges
                0x00000480       0x98 ./Drivers/AKxx-x/akxx-x.o
 .debug_aranges
                0x00000518      0x2e0 ./Drivers/BNO08x/SH2/sh2.o
 .debug_aranges
                0x000007f8      0x168 ./Drivers/BNO08x/SH2/sh2_SensorValue.o
 .debug_aranges
                0x00000960       0x78 ./Drivers/BNO08x/SH2/sh2_util.o
 .debug_aranges
                0x000009d8       0x70 ./Drivers/BNO08x/SH2/shtp.o
 .debug_aranges
                0x00000a48       0x48 ./Drivers/BNO08x/bno08x_spi_hal.o
 .debug_aranges
                0x00000a90      0x110 ./Drivers/BNO08x/spi_hal.o
 .debug_aranges