../Drivers/BNO08x/spi_hal.c:104:13:bootn	16	static
../Drivers/BNO08x/spi_hal.c:110:13:rstn	16	static
../Drivers/BNO08x/spi_hal.c:116:13:ps0_waken	16	static
../Drivers/BNO08x/spi_hal.c:122:13:ps1	16	static
../Drivers/BNO08x/spi_hal.c:128:13:csn	16	static
../Drivers/BNO08x/spi_hal.c:134:17:timeNowUs	4	static
../Drivers/BNO08x/spi_hal.c:139:13:hal_init_timer	8	static
../Drivers/BNO08x/spi_hal.c:147:13:spiDummyOp	24	static
../Drivers/BNO08x/spi_hal.c:161:13:hal_init_hw	16	static
../Drivers/BNO08x/spi_hal.c:167:13:enableInts	8	static
../Drivers/BNO08x/spi_hal.c:173:13:disableInts	8	static
../Drivers/BNO08x/spi_hal.c:183:13:spiActivate	8	static
../Drivers/BNO08x/spi_hal.c:220:13:spiCompleted	16	static
../Drivers/BNO08x/spi_hal.c:297:6:HAL_GPIO_EXTI_Callback	16	static
../Drivers/BNO08x/spi_hal.c:310:6:EXTI15_10_IRQHandler	8	static
../Drivers/BNO08x/spi_hal.c:315:6:HAL_SPI_TxRxCpltCallback	16	static
../Drivers/BNO08x/spi_hal.c:323:6:HAL_SPI_ErrorCallback	16	static
../Drivers/BNO08x/spi_hal.c:350:6:delayUs	24	static
../Drivers/BNO08x/spi_hal.c:359:6:resetDelayUs	24	static
../Drivers/BNO08x/spi_hal.c:372:12:sh2_spi_hal_open	24	static
../Drivers/BNO08x/spi_hal.c:431:13:sh2_spi_hal_close	16	static
../Drivers/BNO08x/spi_hal.c:455:12:sh2_spi_hal_read	32	static
../Drivers/BNO08x/spi_hal.c:492:12:sh2_spi_hal_write	32	static
../Drivers/BNO08x/spi_hal.c:526:17:sh2_spi_hal_getTimeUs	16	static
../Drivers/BNO08x/spi_hal.c:534:12:dfu_spi_hal_open	24	static
../Drivers/BNO08x/spi_hal.c:593:13:dfu_spi_hal_close	16	static
../Drivers/BNO08x/spi_hal.c:617:12:dfu_spi_hal_read	40	static
../Drivers/BNO08x/spi_hal.c:657:12:dfu_spi_hal_write	40	static
../Drivers/BNO08x/spi_hal.c:696:17:dfu_spi_hal_getTimeUs	16	static
../Drivers/BNO08x/spi_hal.c:704:12:sh2_hal_init	4	static
../Drivers/BNO08x/spi_hal.c:716:12:dfu_hal_init	4	static
