../Drivers/BNO08x/spi_hal.c:94:13:bootn	16	static
../Drivers/BNO08x/spi_hal.c:100:13:rstn	16	static
../Drivers/BNO08x/spi_hal.c:106:13:ps0_waken	16	static
../Drivers/BNO08x/spi_hal.c:112:13:ps1	16	static
../Drivers/BNO08x/spi_hal.c:118:13:csn	16	static
../Drivers/BNO08x/spi_hal.c:124:17:timeNowUs	4	static
../Drivers/BNO08x/spi_hal.c:129:13:hal_init_timer	8	static
../Drivers/BNO08x/spi_hal.c:137:13:spiDummyOp	24	static
../Drivers/BNO08x/spi_hal.c:151:13:hal_init_hw	16	static
../Drivers/BNO08x/spi_hal.c:157:13:enableInts	8	static
../Drivers/BNO08x/spi_hal.c:163:13:disableInts	8	static
../Drivers/BNO08x/spi_hal.c:173:13:spiActivate	8	static
../Drivers/BNO08x/spi_hal.c:210:13:spiCompleted	16	static
../Drivers/BNO08x/spi_hal.c:287:6:HAL_GPIO_EXTI_Callback	16	static
../Drivers/BNO08x/spi_hal.c:300:6:EXTI15_10_IRQHandler	8	static
../Drivers/BNO08x/spi_hal.c:305:6:HAL_SPI_TxRxCpltCallback	16	static
../Drivers/BNO08x/spi_hal.c:313:6:HAL_SPI_ErrorCallback	16	static
../Drivers/BNO08x/spi_hal.c:325:6:delayUs	24	static
../Drivers/BNO08x/spi_hal.c:334:6:resetDelayUs	24	static
../Drivers/BNO08x/spi_hal.c:347:12:sh2_spi_hal_open	24	static
../Drivers/BNO08x/spi_hal.c:406:13:sh2_spi_hal_close	16	static
../Drivers/BNO08x/spi_hal.c:430:12:sh2_spi_hal_read	32	static
../Drivers/BNO08x/spi_hal.c:467:12:sh2_spi_hal_write	32	static
../Drivers/BNO08x/spi_hal.c:501:17:sh2_spi_hal_getTimeUs	16	static
../Drivers/BNO08x/spi_hal.c:509:12:dfu_spi_hal_open	24	static
../Drivers/BNO08x/spi_hal.c:568:13:dfu_spi_hal_close	16	static
../Drivers/BNO08x/spi_hal.c:592:12:dfu_spi_hal_read	40	static
../Drivers/BNO08x/spi_hal.c:632:12:dfu_spi_hal_write	40	static
../Drivers/BNO08x/spi_hal.c:671:17:dfu_spi_hal_getTimeUs	16	static
../Drivers/BNO08x/spi_hal.c:679:12:sh2_hal_init	4	static
../Drivers/BNO08x/spi_hal.c:691:12:dfu_hal_init	4	static
