../Drivers/BNO08x/spi_hal.c:95:13:bootn	16	static
../Drivers/BNO08x/spi_hal.c:101:13:rstn	16	static
../Drivers/BNO08x/spi_hal.c:107:13:ps0_waken	16	static
../Drivers/BNO08x/spi_hal.c:113:13:ps1	16	static
../Drivers/BNO08x/spi_hal.c:119:13:csn	16	static
../Drivers/BNO08x/spi_hal.c:125:17:timeNowUs	4	static
../Drivers/BNO08x/spi_hal.c:130:13:hal_init_timer	8	static
../Drivers/BNO08x/spi_hal.c:138:13:spiDummyOp	24	static
../Drivers/BNO08x/spi_hal.c:152:13:hal_init_hw	16	static
../Drivers/BNO08x/spi_hal.c:158:13:enableInts	8	static
../Drivers/BNO08x/spi_hal.c:164:13:disableInts	8	static
../Drivers/BNO08x/spi_hal.c:174:13:spiActivate	8	static
../Drivers/BNO08x/spi_hal.c:211:13:spiCompleted	16	static
../Drivers/BNO08x/spi_hal.c:288:6:HAL_GPIO_EXTI_Callback	16	static
../Drivers/BNO08x/spi_hal.c:301:6:EXTI15_10_IRQHandler	8	static
../Drivers/BNO08x/spi_hal.c:306:6:HAL_SPI_TxRxCpltCallback	16	static
../Drivers/BNO08x/spi_hal.c:314:6:HAL_SPI_ErrorCallback	16	static
../Drivers/BNO08x/spi_hal.c:326:6:delayUs	24	static
../Drivers/BNO08x/spi_hal.c:335:6:resetDelayUs	24	static
../Drivers/BNO08x/spi_hal.c:348:12:sh2_spi_hal_open	24	static
../Drivers/BNO08x/spi_hal.c:407:13:sh2_spi_hal_close	16	static
../Drivers/BNO08x/spi_hal.c:431:12:sh2_spi_hal_read	32	static
../Drivers/BNO08x/spi_hal.c:468:12:sh2_spi_hal_write	32	static
../Drivers/BNO08x/spi_hal.c:502:17:sh2_spi_hal_getTimeUs	16	static
../Drivers/BNO08x/spi_hal.c:510:12:dfu_spi_hal_open	24	static
../Drivers/BNO08x/spi_hal.c:569:13:dfu_spi_hal_close	16	static
../Drivers/BNO08x/spi_hal.c:593:12:dfu_spi_hal_read	40	static
../Drivers/BNO08x/spi_hal.c:633:12:dfu_spi_hal_write	40	static
../Drivers/BNO08x/spi_hal.c:672:17:dfu_spi_hal_getTimeUs	16	static
../Drivers/BNO08x/spi_hal.c:680:12:sh2_hal_init	4	static
../Drivers/BNO08x/spi_hal.c:692:12:dfu_hal_init	4	static
